<html>
<body>
<pre>
<h1>礦ision Build Log</h1>
<h2>Tool Versions:</h2>
IDE-Version: μVision V5.20.0.0
Copyright (C) 2016 ARM Ltd and ARM Germany GmbH. All rights reserved.
License Information: a a, a, LIC=P6FPC-7Z7S6-FYTVU-SYV9Q-7UGX3-UE4MY
 
Tool Versions:
Toolchain:       MDK-ARM Professional  Version: 5.20
Toolchain Path:  d:\Keil_v5\ARM\ARMCC\Bin
C Compiler:      Armcc.exe V5.06 update 2 (build 183)
Assembler:       Armasm.exe V5.06 update 2 (build 183)
Linker/Locator:  ArmLink.exe V5.06 update 2 (build 183)
Library Manager: ArmAr.exe V5.06 update 2 (build 183)
Hex Converter:   FromElf.exe V5.06 update 2 (build 183)
CPU DLL:         SARMCM3.DLL V5.20
Dialog DLL:      DCM.DLL V1.13.7.0
Target DLL:      Segger\JL2CM3.dll V2.99.20.0
Dialog DLL:      TCM.DLL V1.14.9.0
 
<h2>Project:</h2>
E:\_01_单片机\_04_TM4C\_01_TM4C123GH6PZ\_01_2014省赛板\_02_程序\_01_我的程序\_17(KeyBorad)\Project.uvprojx
Project File Date:  04/09/2016

<h2>Output:</h2>
*** Using Compiler 'V5.06 update 2 (build 183)', folder: 'd:\Keil_v5\ARM\ARMCC\Bin'
Build target 'Project'
compiling My_Delay.c...
compiling My_Timer.c...
compiling main.c...
compiling My_System.c...
compiling My_Interrupt.c...
compiling My_GPIO.c...
compiling My_LCD12864.c...
compiling interrupt.c...
compiling timer.c...
compiling gpio.c...
compiling uartstdio.c...
assembling startup_rvmdk.S...
compiling My_Key.c...
compiling My_LCD.c...
linking...
Program Size: Code=4092 RO-data=752 RW-data=8 ZI-data=368  
FromELF: creating hex file...
".\__Objects\Project.axf" - 0 Error(s), 0 Warning(s).

<h2>Collection of Component include folders:</h2>
  E:\_01_单片机\_04_TM4C\_01_TM4C123GH6PZ\_01_2014省赛板\_02_程序\_01_我的程序\_17(KeyBorad)\RTE
  d:\Keil_v5\ARM\PACK\Keil\TM4C_DFP\1.1.0\Device\Include\TM4C123

<h2>Collection of Component Files used:</h2>
Build Time Elapsed:  00:00:06
</pre>
</body>
</html>
