Component: ARM Compiler 5.05 update 2 (build 169) Tool: armlink [4d0f33]

==============================================================================

Section Cross References

    main.o(i.main) refers to my_system.o(i.My_SystemInit) for My_SystemInit
    main.o(i.main) refers to my_gpio.o(i.My_GPIOInit) for My_GPIOInit
    main.o(i.main) refers to my_interrupt.o(i.My_TimerInit_0A) for My_TimerInit_0A
    main.o(i.main) refers to my_lcd12864.o(i.LCD12864_Init) for LCD12864_Init
    main.o(i.main) refers to my_lcd.o(i.LCD_String) for LCD_String
    main.o(i.main) refers to my_lcd.o(i.LCD_Decimal) for LCD_Decimal
    my_delay.o(i.delay_ms) refers to sysctl.o(i.SysCtlClockGet) for SysCtlClockGet
    my_delay.o(i.delay_ms) refers to sysctl.o(.emb_text) for SysCtlDelay
    my_delay.o(i.delay_us) refers to sysctl.o(i.SysCtlClockGet) for SysCtlClockGet
    my_delay.o(i.delay_us) refers to sysctl.o(.emb_text) for SysCtlDelay
    my_system.o(i.My_SystemInit) refers to sysctl.o(i.SysCtlClockSet) for SysCtlClockSet
    my_gpio.o(i.My_GPIOInit) refers to sysctl.o(i.SysCtlPeripheralEnable) for SysCtlPeripheralEnable
    my_gpio.o(i.My_GPIOInit) refers to gpio.o(i.GPIOPinTypeGPIOOutput) for GPIOPinTypeGPIOOutput
    my_gpio.o(i.My_GPIOInit) refers to gpio.o(i.GPIOPinWrite) for GPIOPinWrite
    my_interrupt.o(i.My_TimerInit_0A) refers to sysctl.o(i.SysCtlPeripheralEnable) for SysCtlPeripheralEnable
    my_interrupt.o(i.My_TimerInit_0A) refers to timer.o(i.TimerConfigure) for TimerConfigure
    my_interrupt.o(i.My_TimerInit_0A) refers to timer.o(i.TimerLoadSet) for TimerLoadSet
    my_interrupt.o(i.My_TimerInit_0A) refers to interrupt.o(i.IntEnable) for IntEnable
    my_interrupt.o(i.My_TimerInit_0A) refers to timer.o(i.TimerIntEnable) for TimerIntEnable
    my_interrupt.o(i.My_TimerInit_0A) refers to interrupt.o(i.IntMasterEnable) for IntMasterEnable
    my_interrupt.o(i.My_TimerInit_0A) refers to timer.o(i.TimerEnable) for TimerEnable
    my_interrupt.o(i.Timer0AIntHandler) refers to timer.o(i.TimerIntClear) for TimerIntClear
    my_interrupt.o(i.Timer0AIntHandler) refers to gpio.o(i.GPIOPinWrite) for GPIOPinWrite
    my_interrupt.o(i.Timer0AIntHandler) refers to my_interrupt.o(.data) for LED_SW
    my_lcd12864.o(i.Display_Str) refers to my_lcd12864.o(i.LCD_Pos) for LCD_Pos
    my_lcd12864.o(i.Display_Str) refers to my_lcd12864.o(i.Lcd_Write_Data) for Lcd_Write_Data
    my_lcd12864.o(i.Init_LCD12864s) refers to sysctl.o(i.SysCtlPeripheralEnable) for SysCtlPeripheralEnable
    my_lcd12864.o(i.Init_LCD12864s) refers to gpio.o(i.GPIOPinTypeGPIOOutput) for GPIOPinTypeGPIOOutput
    my_lcd12864.o(i.Init_LCD12864s) refers to sysctl.o(.emb_text) for SysCtlDelay
    my_lcd12864.o(i.Init_LCD12864s) refers to my_lcd12864.o(i.WriteCmd_LCD12864s) for WriteCmd_LCD12864s
    my_lcd12864.o(i.LCD12864_Init) refers to sysctl.o(i.SysCtlPeripheralEnable) for SysCtlPeripheralEnable
    my_lcd12864.o(i.LCD12864_Init) refers to gpio.o(i.GPIOPinTypeGPIOOutput) for GPIOPinTypeGPIOOutput
    my_lcd12864.o(i.LCD12864_Init) refers to my_delay.o(i.delay_us) for delay_us
    my_lcd12864.o(i.LCD12864_Init) refers to my_lcd12864.o(i.Lcd_Write_Cmd) for Lcd_Write_Cmd
    my_lcd12864.o(i.LCD12864_Init) refers to my_delay.o(i.delay_ms) for delay_ms
    my_lcd12864.o(i.LCD_Clear) refers to my_lcd12864.o(i.Lcd_Write_Cmd) for Lcd_Write_Cmd
    my_lcd12864.o(i.LCD_Clear) refers to my_delay.o(i.delay_ms) for delay_ms
    my_lcd12864.o(i.LCD_Clear_Gdrom) refers to my_lcd12864.o(i.Lcd_Write_Cmd) for Lcd_Write_Cmd
    my_lcd12864.o(i.LCD_Clear_Gdrom) refers to my_lcd12864.o(i.Lcd_Write_Data) for Lcd_Write_Data
    my_lcd12864.o(i.LCD_DisplayNum) refers to my_lcd12864.o(i.Display_Str) for Display_Str
    my_lcd12864.o(i.LCD_Display_FloatNum) refers to my_lcd12864.o(i.Display_Str) for Display_Str
    my_lcd12864.o(i.LCD_Display_X) refers to my_lcd12864.o(i.Lcd_Write_Cmd) for Lcd_Write_Cmd
    my_lcd12864.o(i.LCD_Display_X) refers to my_lcd12864.o(i.Lcd_Write_Data) for Lcd_Write_Data
    my_lcd12864.o(i.LCD_Display_Y) refers to my_lcd12864.o(i.Lcd_Write_Cmd) for Lcd_Write_Cmd
    my_lcd12864.o(i.LCD_Display_Y) refers to my_lcd12864.o(i.Lcd_Write_Data) for Lcd_Write_Data
    my_lcd12864.o(i.LCD_Display_line) refers to my_lcd12864.o(i.Lcd_Write_Cmd) for Lcd_Write_Cmd
    my_lcd12864.o(i.LCD_Display_line) refers to my_lcd12864.o(i.Lcd_Write_Data) for Lcd_Write_Data
    my_lcd12864.o(i.LCD_Display_vertical4) refers to my_lcd12864.o(i.Lcd_Write_Cmd) for Lcd_Write_Cmd
    my_lcd12864.o(i.LCD_Display_vertical4) refers to my_lcd12864.o(i.Lcd_Write_Data) for Lcd_Write_Data
    my_lcd12864.o(i.LCD_LineClear) refers to my_lcd12864.o(i.LCD_Pos) for LCD_Pos
    my_lcd12864.o(i.LCD_LineClear) refers to my_lcd12864.o(i.Lcd_Write_Data) for Lcd_Write_Data
    my_lcd12864.o(i.LCD_Pos) refers to my_lcd12864.o(i.Lcd_Write_Cmd) for Lcd_Write_Cmd
    my_lcd12864.o(i.LCD_SendByte) refers to gpio.o(i.GPIOPinWrite) for GPIOPinWrite
[...]
    pow_x.o(i.____hardfp_pow$lsc) refers to fabs.o(i.fabs) for fabs
    pow_x.o(i.____hardfp_pow$lsc) refers to dflt_clz.o(x$fpl$dflt) for __aeabi_i2d
    pow_x.o(i.____hardfp_pow$lsc) refers to daddsub_clz.o(x$fpl$dsub) for __aeabi_dsub
    pow_x.o(i.____hardfp_pow$lsc) refers to dmul.o(x$fpl$dmul) for __aeabi_dmul
    pow_x.o(i.____hardfp_pow$lsc) refers to daddsub_clz.o(x$fpl$drsb) for __aeabi_drsub
    pow_x.o(i.____hardfp_pow$lsc) refers to qnan.o(.constdata) for __mathlib_zero
    pow_x.o(i.____hardfp_pow$lsc) refers to daddsub_clz.o(x$fpl$dadd) for __aeabi_dadd
    pow_x.o(i.____hardfp_pow$lsc) refers to poly.o(i.__kernel_poly) for __kernel_poly
    pow_x.o(i.____hardfp_pow$lsc) refers to pow_x.o(.constdata) for .constdata
    pow_x.o(i.____hardfp_pow$lsc) refers to drleqf.o(x$fpl$drleqf) for __aeabi_cdrcmple
    pow_x.o(i.____hardfp_pow$lsc) refers to scalbn.o(x$fpl$scalbn) for __ARM_scalbn
    pow_x.o(i.____softfp_pow$lsc) refers (Special) to usenofp.o(x$fpl$usenofp) for __I$use$fp
    pow_x.o(i.____softfp_pow$lsc) refers to pow_x.o(i.____hardfp_pow$lsc) for ____hardfp_pow$lsc
    pow_x.o(i.__pow$lsc) refers (Special) to usenofp.o(x$fpl$usenofp) for __I$use$fp
    pow_x.o(i.__pow$lsc) refers to pow_x.o(i.____hardfp_pow$lsc) for ____hardfp_pow$lsc
    pow_x.o(.constdata) refers (Special) to usenofp.o(x$fpl$usenofp) for __I$use$fp
    __rtentry.o(.ARM.Collect$$rtentry$$00000000) refers (Special) to __rtentry2.o(.ARM.Collect$$rtentry$$0000000A) for __rt_entry_li
    __rtentry.o(.ARM.Collect$$rtentry$$00000000) refers (Special) to __rtentry2.o(.ARM.Collect$$rtentry$$0000000D) for __rt_entry_main
    __rtentry.o(.ARM.Collect$$rtentry$$00000000) refers (Special) to __rtentry2.o(.ARM.Collect$$rtentry$$0000000C) for __rt_entry_postli_1
    __rtentry.o(.ARM.Collect$$rtentry$$00000000) refers (Special) to __rtentry2.o(.ARM.Collect$$rtentry$$00000009) for __rt_entry_postsh_1
    __rtentry.o(.ARM.Collect$$rtentry$$00000000) refers (Special) to __rtentry2.o(.ARM.Collect$$rtentry$$00000002) for __rt_entry_presh_1
    __rtentry.o(.ARM.Collect$$rtentry$$00000000) refers (Special) to __rtentry4.o(.ARM.Collect$$rtentry$$00000004) for __rt_entry_sh
    _rserrno.o(.text) refers to rt_errno_addr_intlibspace.o(.text) for __aeabi_errno_addr
    basic.o(x$fpl$basic) refers (Special) to usenofp.o(x$fpl$usenofp) for __I$use$fp
    ddiv.o(x$fpl$drdiv) refers (Special) to usenofp.o(x$fpl$usenofp) for __I$use$fp
    ddiv.o(x$fpl$drdiv) refers to ddiv.o(x$fpl$ddiv) for ddiv_entry
    ddiv.o(x$fpl$ddiv) refers (Special) to usenofp.o(x$fpl$usenofp) for __I$use$fp
    ddiv.o(x$fpl$ddiv) refers to dretinf.o(x$fpl$dretinf) for __fpl_dretinf
    ddiv.o(x$fpl$ddiv) refers to dnaninf.o(x$fpl$dnaninf) for __fpl_dnaninf
    dnaninf.o(x$fpl$dnaninf) refers (Special) to usenofp.o(x$fpl$usenofp) for __I$use$fp
    dretinf.o(x$fpl$dretinf) refers (Special) to usenofp.o(x$fpl$usenofp) for __I$use$fp
    drleqf.o(x$fpl$drleqf) refers (Special) to usenofp.o(x$fpl$usenofp) for __I$use$fp
    drleqf.o(x$fpl$drleqf) refers to dleqf.o(x$fpl$dleqf) for __fpl_dcmple_InfNaN
    scalbn.o(x$fpl$scalbn) refers (Special) to usenofp.o(x$fpl$usenofp) for __I$use$fp
    scalbn.o(x$fpl$scalbn) refers to dcheck1.o(x$fpl$dcheck1) for __fpl_dcheck_NaN1
    dunder.o(i.__mathlib_dbl_divzero) refers to ddiv.o(x$fpl$ddiv) for __aeabi_ddiv
    dunder.o(i.__mathlib_dbl_infnan) refers to daddsub_clz.o(x$fpl$dadd) for __aeabi_dadd
    dunder.o(i.__mathlib_dbl_infnan2) refers to daddsub_clz.o(x$fpl$dadd) for __aeabi_dadd
    dunder.o(i.__mathlib_dbl_invalid) refers to ddiv.o(x$fpl$ddiv) for __aeabi_ddiv
    dunder.o(i.__mathlib_dbl_overflow) refers to dmul.o(x$fpl$dmul) for __aeabi_dmul
    dunder.o(i.__mathlib_dbl_posinfnan) refers to dmul.o(x$fpl$dmul) for __aeabi_dmul
    dunder.o(i.__mathlib_dbl_underflow) refers to dmul.o(x$fpl$dmul) for __aeabi_dmul
    fabs.o(i.__hardfp_fabs) refers (Special) to usenofp.o(x$fpl$usenofp) for __I$use$fp
    fabs.o(i.__softfp_fabs) refers (Special) to usenofp.o(x$fpl$usenofp) for __I$use$fp
    fabs.o(i.fabs) refers (Special) to usenofp.o(x$fpl$usenofp) for __I$use$fp
    fpclassify.o(i.__ARM_fpclassify) refers (Special) to usenofp.o(x$fpl$usenofp) for __I$use$fp
    poly.o(i.__kernel_poly) refers (Special) to usenofp.o(x$fpl$usenofp) for __I$use$fp
    poly.o(i.__kernel_poly) refers to dmul.o(x$fpl$dmul) for __aeabi_dmul
    poly.o(i.__kernel_poly) refers to daddsub_clz.o(x$fpl$dadd) for __aeabi_dadd
    qnan.o(.constdata) refers (Special) to usenofp.o(x$fpl$usenofp) for __I$use$fp
    sqrt.o(i.__hardfp_sqrt) refers (Special) to usenofp.o(x$fpl$usenofp) for __I$use$fp
    sqrt.o(i.__hardfp_sqrt) refers to dsqrt_umaal.o(x$fpl$dsqrt) for _dsqrt
    sqrt.o(i.__hardfp_sqrt) refers to _rserrno.o(.text) for __set_errno
    sqrt.o(i.__softfp_sqrt) refers (Special) to usenofp.o(x$fpl$usenofp) for __I$use$fp
    sqrt.o(i.__softfp_sqrt) refers to dsqrt_umaal.o(x$fpl$dsqrt) for _dsqrt
    sqrt.o(i.__softfp_sqrt) refers to _rserrno.o(.text) for __set_errno
    sqrt.o(i.sqrt) refers (Special) to usenofp.o(x$fpl$usenofp) for __I$use$fp
    sqrt.o(i.sqrt) refers to dsqrt_umaal.o(x$fpl$dsqrt) for _dsqrt
    sqrt.o(i.sqrt) refers to _rserrno.o(.text) for __set_errno
    sqrt_x.o(i.____hardfp_sqrt$lsc) refers (Special) to usenofp.o(x$fpl$usenofp) for __I$use$fp
    sqrt_x.o(i.____hardfp_sqrt$lsc) refers to dleqf.o(x$fpl$dleqf) for __aeabi_cdcmple
    sqrt_x.o(i.____hardfp_sqrt$lsc) refers to _rserrno.o(.text) for __set_errno
    sqrt_x.o(i.____hardfp_sqrt$lsc) refers to dsqrt_umaal.o(x$fpl$dsqrt) for _dsqrt
    sqrt_x.o(i.____softfp_sqrt$lsc) refers (Special) to usenofp.o(x$fpl$usenofp) for __I$use$fp
    sqrt_x.o(i.____softfp_sqrt$lsc) refers to dleqf.o(x$fpl$dleqf) for __aeabi_cdcmple
    sqrt_x.o(i.____softfp_sqrt$lsc) refers to _rserrno.o(.text) for __set_errno
    sqrt_x.o(i.____softfp_sqrt$lsc) refers to dsqrt_umaal.o(x$fpl$dsqrt) for _dsqrt
    sqrt_x.o(i.__sqrt$lsc) refers (Special) to usenofp.o(x$fpl$usenofp) for __I$use$fp
    sqrt_x.o(i.__sqrt$lsc) refers to dleqf.o(x$fpl$dleqf) for __aeabi_cdcmple
    sqrt_x.o(i.__sqrt$lsc) refers to _rserrno.o(.text) for __set_errno
    sqrt_x.o(i.__sqrt$lsc) refers to dsqrt_umaal.o(x$fpl$dsqrt) for _dsqrt
    __rtentry2.o(.ARM.Collect$$rtentry$$00000008) refers to boardinit2.o(.text) for _platform_post_stackheap_init
    __rtentry2.o(.ARM.Collect$$rtentry$$0000000A) refers to libinit.o(.ARM.Collect$$libinit$$00000000) for __rt_lib_init
    __rtentry2.o(.ARM.Collect$$rtentry$$0000000B) refers to boardinit3.o(.text) for _platform_post_lib_init
    __rtentry2.o(.ARM.Collect$$rtentry$$0000000D) refers to main.o(i.main) for main
    __rtentry2.o(.ARM.Collect$$rtentry$$0000000D) refers to exit.o(.text) for exit
    __rtentry2.o(.ARM.exidx) refers to __rtentry2.o(.ARM.Collect$$rtentry$$00000001) for .ARM.Collect$$rtentry$$00000001
    __rtentry2.o(.ARM.exidx) refers to __rtentry2.o(.ARM.Collect$$rtentry$$00000008) for .ARM.Collect$$rtentry$$00000008
    __rtentry2.o(.ARM.exidx) refers to __rtentry2.o(.ARM.Collect$$rtentry$$0000000A) for .ARM.Collect$$rtentry$$0000000A
    __rtentry2.o(.ARM.exidx) refers to __rtentry2.o(.ARM.Collect$$rtentry$$0000000B) for .ARM.Collect$$rtentry$$0000000B
    __rtentry2.o(.ARM.exidx) refers to __rtentry2.o(.ARM.Collect$$rtentry$$0000000D) for .ARM.Collect$$rtentry$$0000000D
    __rtentry4.o(.ARM.Collect$$rtentry$$00000004) refers to sys_stackheap_outer.o(.text) for __user_setup_stackheap
    __rtentry4.o(.ARM.exidx) refers to __rtentry4.o(.ARM.Collect$$rtentry$$00000004) for .ARM.Collect$$rtentry$$00000004
    rt_errno_addr.o(.text) refers to rt_errno_addr.o(.bss) for __aeabi_errno_addr_data
    rt_errno_addr_intlibspace.o(.text) refers to libspace.o(.bss) for __libspace_start
    dcheck1.o(x$fpl$dcheck1) refers (Special) to usenofp.o(x$fpl$usenofp) for __I$use$fp
    dcheck1.o(x$fpl$dcheck1) refers to retnan.o(x$fpl$retnan) for __fpl_return_NaN
    dleqf.o(x$fpl$dleqf) refers (Special) to usenofp.o(x$fpl$usenofp) for __I$use$fp
    dleqf.o(x$fpl$dleqf) refers to dnaninf.o(x$fpl$dnaninf) for __fpl_dnaninf
    dleqf.o(x$fpl$dleqf) refers to dcmpi.o(x$fpl$dcmpinf) for __fpl_dcmp_Inf
    dsqrt_umaal.o(x$fpl$dsqrt) refers (Special) to usenofp.o(x$fpl$usenofp) for __I$use$fp
    dsqrt_umaal.o(x$fpl$dsqrt) refers to dnaninf.o(x$fpl$dnaninf) for __fpl_dnaninf
    libspace.o(.text) refers to libspace.o(.bss) for __libspace_start
    sys_stackheap_outer.o(.text) refers to libspace.o(.text) for __user_perproc_libspace
    sys_stackheap_outer.o(.text) refers to startup_rvmdk.o(.text) for __user_initial_stackheap
    exit.o(.text) refers to rtexit.o(.ARM.Collect$$rtexit$$00000000) for __rt_exit
    libinit.o(.ARM.Collect$$libinit$$00000000) refers (Special) to libinit2.o(.ARM.Collect$$libinit$$0000002E) for __rt_lib_init_alloca_1
    libinit.o(.ARM.Collect$$libinit$$00000000) refers (Special) to libinit2.o(.ARM.Collect$$libinit$$0000002C) for __rt_lib_init_argv_1
    libinit.o(.ARM.Collect$$libinit$$00000000) refers (Special) to libinit2.o(.ARM.Collect$$libinit$$0000001B) for __rt_lib_init_atexit_1
    libinit.o(.ARM.Collect$$libinit$$00000000) refers (Special) to libinit2.o(.ARM.Collect$$libinit$$00000021) for __rt_lib_init_clock_1
    libinit.o(.ARM.Collect$$libinit$$00000000) refers (Special) to libinit2.o(.ARM.Collect$$libinit$$00000032) for __rt_lib_init_cpp_1
    libinit.o(.ARM.Collect$$libinit$$00000000) refers (Special) to libinit2.o(.ARM.Collect$$libinit$$00000030) for __rt_lib_init_exceptions_1
    libinit.o(.ARM.Collect$$libinit$$00000000) refers (Special) to libinit2.o(.ARM.Collect$$libinit$$00000001) for __rt_lib_init_fp_1
    libinit.o(.ARM.Collect$$libinit$$00000000) refers (Special) to libinit2.o(.ARM.Collect$$libinit$$0000001F) for __rt_lib_init_fp_trap_1
    libinit.o(.ARM.Collect$$libinit$$00000000) refers (Special) to libinit2.o(.ARM.Collect$$libinit$$00000023) for __rt_lib_init_getenv_1
    libinit.o(.ARM.Collect$$libinit$$00000000) refers (Special) to libinit2.o(.ARM.Collect$$libinit$$0000000A) for __rt_lib_init_heap_1
    libinit.o(.ARM.Collect$$libinit$$00000000) refers (Special) to libinit2.o(.ARM.Collect$$libinit$$00000011) for __rt_lib_init_lc_collate_1
    libinit.o(.ARM.Collect$$libinit$$00000000) refers (Special) to libinit2.o(.ARM.Collect$$libinit$$00000013) for __rt_lib_init_lc_ctype_1
    libinit.o(.ARM.Collect$$libinit$$00000000) refers (Special) to libinit2.o(.ARM.Collect$$libinit$$00000015) for __rt_lib_init_lc_monetary_1
    libinit.o(.ARM.Collect$$libinit$$00000000) refers (Special) to libinit2.o(.ARM.Collect$$libinit$$00000017) for __rt_lib_init_lc_numeric_1
    libinit.o(.ARM.Collect$$libinit$$00000000) refers (Special) to libinit2.o(.ARM.Collect$$libinit$$00000019) for __rt_lib_init_lc_time_1
    libinit.o(.ARM.Collect$$libinit$$00000000) refers (Special) to libinit2.o(.ARM.Collect$$libinit$$00000004) for __rt_lib_init_preinit_1
    libinit.o(.ARM.Collect$$libinit$$00000000) refers (Special) to libinit2.o(.ARM.Collect$$libinit$$0000000E) for __rt_lib_init_rand_1
    libinit.o(.ARM.Collect$$libinit$$00000000) refers (Special) to libinit2.o(.ARM.Collect$$libinit$$00000033) for __rt_lib_init_return
    libinit.o(.ARM.Collect$$libinit$$00000000) refers (Special) to libinit2.o(.ARM.Collect$$libinit$$0000001D) for __rt_lib_init_signal_1
    libinit.o(.ARM.Collect$$libinit$$00000000) refers (Special) to libinit2.o(.ARM.Collect$$libinit$$00000025) for __rt_lib_init_stdio_1
    libinit.o(.ARM.Collect$$libinit$$00000000) refers (Special) to libinit2.o(.ARM.Collect$$libinit$$0000000C) for __rt_lib_init_user_alloc_1
    dcmpi.o(x$fpl$dcmpinf) refers (Special) to usenofp.o(x$fpl$usenofp) for __I$use$fp
    retnan.o(x$fpl$retnan) refers (Special) to usenofp.o(x$fpl$usenofp) for __I$use$fp
    retnan.o(x$fpl$retnan) refers to trapv.o(x$fpl$trapveneer) for __fpl_cmpreturn
    rtexit.o(.ARM.Collect$$rtexit$$00000000) refers (Special) to rtexit2.o(.ARM.Collect$$rtexit$$00000004) for __rt_exit_exit
    rtexit.o(.ARM.Collect$$rtexit$$00000000) refers (Special) to rtexit2.o(.ARM.Collect$$rtexit$$00000003) for __rt_exit_ls
    rtexit.o(.ARM.Collect$$rtexit$$00000000) refers (Special) to rtexit2.o(.ARM.Collect$$rtexit$$00000002) for __rt_exit_prels_1
    rtexit.o(.ARM.exidx) refers (Special) to rtexit2.o(.ARM.Collect$$rtexit$$00000004) for __rt_exit_exit
    rtexit.o(.ARM.exidx) refers (Special) to rtexit2.o(.ARM.Collect$$rtexit$$00000003) for __rt_exit_ls
    rtexit.o(.ARM.exidx) refers (Special) to rtexit2.o(.ARM.Collect$$rtexit$$00000002) for __rt_exit_prels_1
    rtexit.o(.ARM.exidx) refers to rtexit.o(.ARM.Collect$$rtexit$$00000000) for .ARM.Collect$$rtexit$$00000000
    libinit2.o(.ARM.Collect$$libinit$$00000001) refers to fpinit.o(x$fpl$fpinit) for _fp_init
    libinit2.o(.ARM.Collect$$libinit$$00000010) refers to libinit2.o(.ARM.Collect$$libinit$$0000000F) for .ARM.Collect$$libinit$$0000000F
    libinit2.o(.ARM.Collect$$libinit$$00000012) refers to libinit2.o(.ARM.Collect$$libinit$$0000000F) for .ARM.Collect$$libinit$$0000000F
    libinit2.o(.ARM.Collect$$libinit$$00000014) refers to libinit2.o(.ARM.Collect$$libinit$$0000000F) for .ARM.Collect$$libinit$$0000000F
    libinit2.o(.ARM.Collect$$libinit$$00000016) refers to libinit2.o(.ARM.Collect$$libinit$$0000000F) for .ARM.Collect$$libinit$$0000000F
    libinit2.o(.ARM.Collect$$libinit$$00000018) refers to libinit2.o(.ARM.Collect$$libinit$$0000000F) for .ARM.Collect$$libinit$$0000000F
    libinit2.o(.ARM.Collect$$libinit$$00000026) refers to argv_veneer.o(.emb_text) for __ARM_argv_veneer
    libinit2.o(.ARM.Collect$$libinit$$00000027) refers to argv_veneer.o(.emb_text) for __ARM_argv_veneer
    trapv.o(x$fpl$trapveneer) refers (Special) to usenofp.o(x$fpl$usenofp) for __I$use$fp
    rtexit2.o(.ARM.Collect$$rtexit$$00000003) refers to libshutdown.o(.ARM.Collect$$libshutdown$$00000000) for __rt_lib_shutdown
    rtexit2.o(.ARM.Collect$$rtexit$$00000004) refers to sys_exit.o(.text) for _sys_exit
    rtexit2.o(.ARM.exidx) refers to rtexit2.o(.ARM.Collect$$rtexit$$00000001) for .ARM.Collect$$rtexit$$00000001
    rtexit2.o(.ARM.exidx) refers to rtexit2.o(.ARM.Collect$$rtexit$$00000003) for .ARM.Collect$$rtexit$$00000003
    rtexit2.o(.ARM.exidx) refers to rtexit2.o(.ARM.Collect$$rtexit$$00000004) for .ARM.Collect$$rtexit$$00000004
    argv_veneer.o(.emb_text) refers to no_argv.o(.text) for __ARM_get_argv
    sys_exit.o(.text) refers (Special) to use_no_semi.o(.text) for __I$use$semihosting
    sys_exit.o(.text) refers (Special) to indicate_semi.o(.text) for __semihosting_library_function
    _get_argv_nomalloc.o(.text) refers (Special) to hrguard.o(.text) for __heap_region$guard
    _get_argv_nomalloc.o(.text) refers to defsig_rtmem_outer.o(.text) for __rt_SIGRTMEM
    _get_argv_nomalloc.o(.text) refers to sys_command.o(.text) for _sys_command_string
    libshutdown.o(.ARM.Collect$$libshutdown$$00000000) refers (Special) to libshutdown2.o(.ARM.Collect$$libshutdown$$00000006) for __rt_lib_shutdown_fp_trap_1
    libshutdown.o(.ARM.Collect$$libshutdown$$00000000) refers (Special) to libshutdown2.o(.ARM.Collect$$libshutdown$$0000000E) for __rt_lib_shutdown_heap_1
    libshutdown.o(.ARM.Collect$$libshutdown$$00000000) refers (Special) to libshutdown2.o(.ARM.Collect$$libshutdown$$0000000F) for __rt_lib_shutdown_return
    libshutdown.o(.ARM.Collect$$libshutdown$$00000000) refers (Special) to libshutdown2.o(.ARM.Collect$$libshutdown$$00000009) for __rt_lib_shutdown_signal_1
    libshutdown.o(.ARM.Collect$$libshutdown$$00000000) refers (Special) to libshutdown2.o(.ARM.Collect$$libshutdown$$00000003) for __rt_lib_shutdown_stdio_1
    libshutdown.o(.ARM.Collect$$libshutdown$$00000000) refers (Special) to libshutdown2.o(.ARM.Collect$$libshutdown$$0000000B) for __rt_lib_shutdown_user_alloc_1
    sys_command.o(.text) refers (Special) to use_no_semi.o(.text) for __I$use$semihosting
    sys_command.o(.text) refers (Special) to indicate_semi.o(.text) for __semihosting_library_function
    defsig_rtmem_outer.o(.text) refers to defsig_rtmem_inner.o(.text) for __rt_SIGRTMEM_inner
    defsig_rtmem_outer.o(.text) refers to defsig_exit.o(.text) for __sig_exit
    defsig_rtmem_formal.o(.text) refers to rt_raise.o(.text) for __rt_raise
    rt_raise.o(.text) refers to __raise.o(.text) for __raise
    rt_raise.o(.text) refers to sys_exit.o(.text) for _sys_exit
    defsig_exit.o(.text) refers to sys_exit.o(.text) for _sys_exit
    defsig_rtmem_inner.o(.text) refers to defsig_general.o(.text) for __default_signal_display
    __raise.o(.text) refers to defsig.o(CL$$defsig) for __default_signal_handler
    defsig_general.o(.text) refers to sys_wrch.o(.text) for _ttywrch
    sys_wrch.o(.text) refers (Special) to use_no_semi.o(.text) for __I$use$semihosting
    sys_wrch.o(.text) refers (Special) to indicate_semi.o(.text) for __semihosting_library_function
    defsig.o(CL$$defsig) refers to defsig_rtmem_inner.o(.text) for __rt_SIGRTMEM_inner
    defsig_abrt_inner.o(.text) refers to defsig_general.o(.text) for __default_signal_display
    defsig_fpe_inner.o(.text) refers to defsig_general.o(.text) for __default_signal_display
    defsig_rtred_inner.o(.text) refers to defsig_general.o(.text) for __default_signal_display
    defsig_stak_inner.o(.text) refers to defsig_general.o(.text) for __default_signal_display
    defsig_pvfn_inner.o(.text) refers to defsig_general.o(.text) for __default_signal_display
    defsig_cppl_inner.o(.text) refers to defsig_general.o(.text) for __default_signal_display
    defsig_segv_inner.o(.text) refers to defsig_general.o(.text) for __default_signal_display
    defsig_other.o(.text) refers to defsig_general.o(.text) for __default_signal_display


==============================================================================

Removing Unused input sections from the image.

    Removing my_lcd12864.o(i.Init_LCD12864s), (104 bytes).
    Removing my_lcd12864.o(i.LCD_Clear), (40 bytes).
    Removing my_lcd12864.o(i.LCD_Clear_Gdrom), (128 bytes).
    Removing my_lcd12864.o(i.LCD_DisplayNum), (120 bytes).
    Removing my_lcd12864.o(i.LCD_Display_FloatNum), (264 bytes).
    Removing my_lcd12864.o(i.LCD_Display_X), (268 bytes).
    Removing my_lcd12864.o(i.LCD_Display_Y), (142 bytes).
    Removing my_lcd12864.o(i.LCD_Display_line), (110 bytes).
    Removing my_lcd12864.o(i.LCD_Display_vertical4), (202 bytes).
    Removing my_lcd12864.o(i.LCD_LineClear), (32 bytes).
    Removing my_lcd12864.o(i.LCD_WriteGrap), (82 bytes).
    Removing my_lcd12864.o(i.Show_LCD12864s), (38 bytes).
    Removing my_lcd12864.o(i.Test_LCD12864s), (36 bytes).
    Removing my_lcd12864.o(i.WriteCmd_LCD12864s), (880 bytes).
    Removing my_lcd12864.o(i.WriteData_LCD12864s), (880 bytes).
    Removing my_lcd.o(i.LCD_Num), (28 bytes).
    Removing gpio.o(i.GPIOADCTriggerDisable), (14 bytes).
    Removing gpio.o(i.GPIOADCTriggerEnable), (14 bytes).
    Removing gpio.o(i.GPIODMATriggerDisable), (14 bytes).
    Removing gpio.o(i.GPIODMATriggerEnable), (14 bytes).
    Removing gpio.o(i.GPIODirModeGet), (34 bytes).
    Removing gpio.o(i.GPIOIntClear), (6 bytes).
    Removing gpio.o(i.GPIOIntDisable), (14 bytes).
    Removing gpio.o(i.GPIOIntEnable), (14 bytes).
    Removing gpio.o(i.GPIOIntRegister), (88 bytes).
    Removing gpio.o(i.GPIOIntStatus), (14 bytes).
    Removing gpio.o(i.GPIOIntTypeGet), (68 bytes).
    Removing gpio.o(i.GPIOIntTypeSet), (80 bytes).
    Removing gpio.o(i.GPIOIntUnregister), (88 bytes).
    Removing gpio.o(i.GPIOPadConfigGet), (204 bytes).
    Removing gpio.o(i.GPIOPinConfigure), (72 bytes).
    Removing gpio.o(i.GPIOPinRead), (6 bytes).
    Removing gpio.o(i.GPIOPinTypeADC), (28 bytes).
    Removing gpio.o(i.GPIOPinTypeCAN), (28 bytes).
    Removing gpio.o(i.GPIOPinTypeCIR), (28 bytes).
    Removing gpio.o(i.GPIOPinTypeComparator), (28 bytes).
    Removing gpio.o(i.GPIOPinTypeComparatorOutput), (28 bytes).
    Removing gpio.o(i.GPIOPinTypeEPI), (28 bytes).
    Removing gpio.o(i.GPIOPinTypeEthernetLED), (28 bytes).
    Removing gpio.o(i.GPIOPinTypeEthernetMII), (28 bytes).
    Removing gpio.o(i.GPIOPinTypeGPIOInput), (28 bytes).
    Removing gpio.o(i.GPIOPinTypeGPIOOutputOD), (28 bytes).
    Removing gpio.o(i.GPIOPinTypeI2C), (28 bytes).
    Removing gpio.o(i.GPIOPinTypeI2CSCL), (28 bytes).
    Removing gpio.o(i.GPIOPinTypeKBColumn), (28 bytes).
    Removing gpio.o(i.GPIOPinTypeKBRow), (28 bytes).
    Removing gpio.o(i.GPIOPinTypeLCD), (28 bytes).
    Removing gpio.o(i.GPIOPinTypeLEDSeq), (28 bytes).
    Removing gpio.o(i.GPIOPinTypeLPC), (28 bytes).
    Removing gpio.o(i.GPIOPinTypePECIRx), (28 bytes).
    Removing gpio.o(i.GPIOPinTypePECITx), (28 bytes).
    Removing gpio.o(i.GPIOPinTypePWM), (28 bytes).
    Removing gpio.o(i.GPIOPinTypeQEI), (28 bytes).
    Removing gpio.o(i.GPIOPinTypeSSI), (28 bytes).
    Removing gpio.o(i.GPIOPinTypeTimer), (28 bytes).
    Removing gpio.o(i.GPIOPinTypeUART), (28 bytes).
    Removing gpio.o(i.GPIOPinTypeUSBAnalog), (28 bytes).
    Removing gpio.o(i.GPIOPinTypeUSBDigital), (28 bytes).
    Removing gpio.o(i.GPIOPinTypeWakeHigh), (30 bytes).
    Removing gpio.o(i.GPIOPinTypeWakeLow), (30 bytes).
    Removing gpio.o(i.GPIOPinWakeStatus), (6 bytes).
    Removing gpio.o(.constdata), (528 bytes).
    Removing interrupt.o(i.IntDisable), (100 bytes).
    Removing interrupt.o(i.IntIsEnabled), (96 bytes).
    Removing interrupt.o(i.IntMasterDisable), (14 bytes).
    Removing interrupt.o(i.IntPendClear), (68 bytes).
    Removing interrupt.o(i.IntPendSet), (84 bytes).
    Removing interrupt.o(i.IntPriorityGet), (28 bytes).
    Removing interrupt.o(i.IntPriorityGroupingGet), (36 bytes).
    Removing interrupt.o(i.IntPriorityGroupingSet), (28 bytes).
    Removing interrupt.o(i.IntPriorityMaskGet), (4 bytes).
    Removing interrupt.o(i.IntPriorityMaskSet), (4 bytes).
    Removing interrupt.o(i.IntPrioritySet), (40 bytes).
    Removing interrupt.o(i.IntRegister), (52 bytes).
    Removing interrupt.o(i.IntTrigger), (12 bytes).
    Removing interrupt.o(i.IntUnregister), (20 bytes).
    Removing interrupt.o(i._IntDefaultHandler), (2 bytes).
    Removing interrupt.o(vtable), (620 bytes).
    Removing sysctl.o(i.SysCtlAltClkConfig), (12 bytes).
    Removing sysctl.o(i.SysCtlClockFreqSet), (712 bytes).
    Removing sysctl.o(i.SysCtlClockOutConfig), (16 bytes).
    Removing sysctl.o(i.SysCtlDeepSleep), (32 bytes).
    Removing sysctl.o(i.SysCtlDeepSleepClockConfigSet), (112 bytes).
    Removing sysctl.o(i.SysCtlDeepSleepClockSet), (12 bytes).
    Removing sysctl.o(i.SysCtlDeepSleepPowerSet), (12 bytes).
    Removing sysctl.o(i.SysCtlFlashSectorSizeGet), (56 bytes).
    Removing sysctl.o(i.SysCtlFlashSizeGet), (56 bytes).
    Removing sysctl.o(i.SysCtlGPIOAHBDisable), (28 bytes).
    Removing sysctl.o(i.SysCtlGPIOAHBEnable), (24 bytes).
    Removing sysctl.o(i.SysCtlIntClear), (12 bytes).
    Removing sysctl.o(i.SysCtlIntDisable), (16 bytes).
    Removing sysctl.o(i.SysCtlIntEnable), (16 bytes).
    Removing sysctl.o(i.SysCtlIntRegister), (20 bytes).
    Removing sysctl.o(i.SysCtlIntStatus), (16 bytes).
    Removing sysctl.o(i.SysCtlIntUnregister), (18 bytes).
    Removing sysctl.o(i.SysCtlLDODeepSleepGet), (12 bytes).
    Removing sysctl.o(i.SysCtlLDODeepSleepSet), (12 bytes).
    Removing sysctl.o(i.SysCtlLDOSleepGet), (12 bytes).
    Removing sysctl.o(i.SysCtlLDOSleepSet), (12 bytes).
    Removing sysctl.o(i.SysCtlMOSCConfigSet), (12 bytes).
    Removing sysctl.o(i.SysCtlNMIClear), (16 bytes).
    Removing sysctl.o(i.SysCtlNMIStatus), (12 bytes).
    Removing sysctl.o(i.SysCtlPIOSCCalibrate), (76 bytes).
    Removing sysctl.o(i.SysCtlPWMClockGet), (24 bytes).
    Removing sysctl.o(i.SysCtlPWMClockSet), (20 bytes).
    Removing sysctl.o(i.SysCtlPeripheralClockGating), (68 bytes).
    Removing sysctl.o(i.SysCtlPeripheralDeepSleepDisable), (40 bytes).
    Removing sysctl.o(i.SysCtlPeripheralDeepSleepEnable), (40 bytes).
    Removing sysctl.o(i.SysCtlPeripheralDisable), (40 bytes).
    Removing sysctl.o(i.SysCtlPeripheralPowerOff), (40 bytes).
    Removing sysctl.o(i.SysCtlPeripheralPowerOn), (40 bytes).
    Removing sysctl.o(i.SysCtlPeripheralPresent), (44 bytes).
    Removing sysctl.o(i.SysCtlPeripheralReady), (44 bytes).
    Removing sysctl.o(i.SysCtlPeripheralReset), (60 bytes).
    Removing sysctl.o(i.SysCtlPeripheralSleepDisable), (40 bytes).
    Removing sysctl.o(i.SysCtlPeripheralSleepEnable), (40 bytes).
    Removing sysctl.o(i.SysCtlReset), (16 bytes).
    Removing sysctl.o(i.SysCtlResetBehaviorGet), (12 bytes).
    Removing sysctl.o(i.SysCtlResetBehaviorSet), (12 bytes).
    Removing sysctl.o(i.SysCtlResetCauseClear), (16 bytes).
    Removing sysctl.o(i.SysCtlResetCauseGet), (12 bytes).
    Removing sysctl.o(i.SysCtlSRAMSizeGet), (16 bytes).
    Removing sysctl.o(i.SysCtlSleep), (4 bytes).
    Removing sysctl.o(i.SysCtlSleepPowerSet), (12 bytes).
    Removing sysctl.o(i.SysCtlUSBPLLDisable), (16 bytes).
    Removing sysctl.o(i.SysCtlUSBPLLEnable), (16 bytes).
    Removing sysctl.o(i.SysCtlVoltageEventClear), (16 bytes).
    Removing sysctl.o(i.SysCtlVoltageEventConfig), (12 bytes).
    Removing sysctl.o(i.SysCtlVoltageEventStatus), (12 bytes).
    Removing timer.o(i.TimerADCEventGet), (4 bytes).
    Removing timer.o(i.TimerADCEventSet), (4 bytes).
    Removing timer.o(i.TimerClockSourceGet), (6 bytes).
    Removing timer.o(i.TimerClockSourceSet), (6 bytes).
    Removing timer.o(i.TimerControlEvent), (18 bytes).
    Removing timer.o(i.TimerControlLevel), (22 bytes).
    Removing timer.o(i.TimerControlStall), (22 bytes).
    Removing timer.o(i.TimerControlTrigger), (76 bytes).
    Removing timer.o(i.TimerControlWaitOnTrigger), (48 bytes).
    Removing timer.o(i.TimerDMAEventGet), (4 bytes).
    Removing timer.o(i.TimerDMAEventSet), (4 bytes).
    Removing timer.o(i.TimerDisable), (16 bytes).
    Removing timer.o(i.TimerIntDisable), (10 bytes).
    Removing timer.o(i.TimerIntRegister), (104 bytes).
    Removing timer.o(i.TimerIntStatus), (10 bytes).
    Removing timer.o(i.TimerIntUnregister), (104 bytes).
    Removing timer.o(i.TimerLoadGet), (10 bytes).
    Removing timer.o(i.TimerLoadGet64), (14 bytes).
    Removing timer.o(i.TimerLoadSet64), (6 bytes).
    Removing timer.o(i.TimerMatchGet), (10 bytes).
    Removing timer.o(i.TimerMatchGet64), (14 bytes).
    Removing timer.o(i.TimerMatchSet), (18 bytes).
    Removing timer.o(i.TimerMatchSet64), (6 bytes).
    Removing timer.o(i.TimerPrescaleGet), (10 bytes).
    Removing timer.o(i.TimerPrescaleMatchGet), (10 bytes).
    Removing timer.o(i.TimerPrescaleMatchSet), (18 bytes).
    Removing timer.o(i.TimerPrescaleSet), (18 bytes).
    Removing timer.o(i.TimerRTCDisable), (10 bytes).
    Removing timer.o(i.TimerRTCEnable), (10 bytes).
    Removing timer.o(i.TimerSynchronize), (4 bytes).
    Removing timer.o(i.TimerUpdateMode), (42 bytes).
    Removing timer.o(i.TimerValueGet), (10 bytes).
    Removing timer.o(i.TimerValueGet64), (14 bytes).
    Removing timer.o(.constdata), (160 bytes).

163 unused section(s) (total 9516 bytes) removed from the image.

==============================================================================

Image Symbol Table

    Local Symbols

    Symbol Name                              Value     Ov Type        Size  Object(Section)

    RESET                                    0x00000000   Section      648  startup_rvmdk.o(RESET)
    ../clib/angel/boardlib.s                 0x00000000   Number         0  boardshut.o ABSOLUTE
    ../clib/angel/boardlib.s                 0x00000000   Number         0  boardinit3.o ABSOLUTE
    ../clib/angel/boardlib.s                 0x00000000   Number         0  boardinit2.o ABSOLUTE
    ../clib/angel/boardlib.s                 0x00000000   Number         0  boardinit1.o ABSOLUTE
    ../clib/angel/handlers.s                 0x00000000   Number         0  __scatter_copy.o ABSOLUTE
    ../clib/angel/handlers.s                 0x00000000   Number         0  __scatter_zi.o ABSOLUTE
    ../clib/angel/kernel.s                   0x00000000   Number         0  __rtentry4.o ABSOLUTE
    ../clib/angel/kernel.s                   0x00000000   Number         0  rtexit2.o ABSOLUTE
    ../clib/angel/kernel.s                   0x00000000   Number         0  __rtentry2.o ABSOLUTE
    ../clib/angel/kernel.s                   0x00000000   Number         0  rtexit.o ABSOLUTE
    ../clib/angel/kernel.s                   0x00000000   Number         0  __rtentry.o ABSOLUTE
    ../clib/angel/rt.s                       0x00000000   Number         0  rt_errno_addr_intlibspace.o ABSOLUTE
    ../clib/angel/rt.s                       0x00000000   Number         0  rt_errno_addr.o ABSOLUTE
    ../clib/angel/rt.s                       0x00000000   Number         0  rt_raise.o ABSOLUTE
    ../clib/angel/scatter.s                  0x00000000   Number         0  __scatter.o ABSOLUTE
    ../clib/angel/startup.s                  0x00000000   Number         0  __main.o ABSOLUTE
    ../clib/angel/sys.s                      0x00000000   Number         0  sys_stackheap_outer.o ABSOLUTE
    ../clib/angel/sys.s                      0x00000000   Number         0  libspace.o ABSOLUTE
    ../clib/angel/sys.s                      0x00000000   Number         0  use_no_semi.o ABSOLUTE
    ../clib/angel/sys.s                      0x00000000   Number         0  indicate_semi.o ABSOLUTE
    ../clib/angel/sysapp.c                   0x00000000   Number         0  sys_exit.o ABSOLUTE
    ../clib/angel/sysapp.c                   0x00000000   Number         0  sys_wrch.o ABSOLUTE
    ../clib/angel/sysapp.c                   0x00000000   Number         0  sys_command.o ABSOLUTE
    ../clib/armsys.c                         0x00000000   Number         0  argv_veneer.o ABSOLUTE
    ../clib/armsys.c                         0x00000000   Number         0  argv_veneer.o ABSOLUTE
    ../clib/armsys.c                         0x00000000   Number         0  _get_argv_nomalloc.o ABSOLUTE
    ../clib/armsys.c                         0x00000000   Number         0  no_argv.o ABSOLUTE
    ../clib/fenv.c                           0x00000000   Number         0  _rserrno.o ABSOLUTE
    ../clib/heapalloc.c                      0x00000000   Number         0  hrguard.o ABSOLUTE
    ../clib/heapaux.c                        0x00000000   Number         0  heapauxi.o ABSOLUTE
    ../clib/libinit.s                        0x00000000   Number         0  libinit2.o ABSOLUTE
    ../clib/libinit.s                        0x00000000   Number         0  libshutdown.o ABSOLUTE
    ../clib/libinit.s                        0x00000000   Number         0  libinit.o ABSOLUTE
    ../clib/libinit.s                        0x00000000   Number         0  libshutdown2.o ABSOLUTE
    ../clib/memcpset.s                       0x00000000   Number         0  rt_memclr_w.o ABSOLUTE
    ../clib/signal.c                         0x00000000   Number         0  defsig_pvfn_inner.o ABSOLUTE
    ../clib/signal.c                         0x00000000   Number         0  defsig_stak_inner.o ABSOLUTE
    ../clib/signal.c                         0x00000000   Number         0  defsig_rtred_inner.o ABSOLUTE
    ../clib/signal.c                         0x00000000   Number         0  defsig_fpe_inner.o ABSOLUTE
    ../clib/signal.c                         0x00000000   Number         0  defsig_abrt_inner.o ABSOLUTE
    ../clib/signal.c                         0x00000000   Number         0  defsig_general.o ABSOLUTE
    ../clib/signal.c                         0x00000000   Number         0  __raise.o ABSOLUTE
    ../clib/signal.c                         0x00000000   Number         0  defsig_other.o ABSOLUTE
    ../clib/signal.c                         0x00000000   Number         0  defsig_rtmem_inner.o ABSOLUTE
    ../clib/signal.c                         0x00000000   Number         0  defsig_rtmem_formal.o ABSOLUTE
    ../clib/signal.c                         0x00000000   Number         0  defsig_rtmem_outer.o ABSOLUTE
    ../clib/signal.c                         0x00000000   Number         0  defsig_exit.o ABSOLUTE
    ../clib/signal.c                         0x00000000   Number         0  defsig_segv_inner.o ABSOLUTE
    ../clib/signal.c                         0x00000000   Number         0  defsig_cppl_inner.o ABSOLUTE
    ../clib/signal.s                         0x00000000   Number         0  defsig.o ABSOLUTE
    ../clib/stdlib.c                         0x00000000   Number         0  exit.o ABSOLUTE
    ../fplib/basic.s                         0x00000000   Number         0  basic.o ABSOLUTE
    ../fplib/daddsub.s                       0x00000000   Number         0  daddsub_clz.o ABSOLUTE
    ../fplib/dcheck1.s                       0x00000000   Number         0  dcheck1.o ABSOLUTE
    ../fplib/dcmpi.s                         0x00000000   Number         0  dcmpi.o ABSOLUTE
    ../fplib/ddiv.s                          0x00000000   Number         0  ddiv.o ABSOLUTE
    ../fplib/dfixu.s                         0x00000000   Number         0  dfixu.o ABSOLUTE
    ../fplib/dflt.s                          0x00000000   Number         0  dflt_clz.o ABSOLUTE
    ../fplib/dleqf.s                         0x00000000   Number         0  dleqf.o ABSOLUTE
    ../fplib/dmul.s                          0x00000000   Number         0  dmul.o ABSOLUTE
    ../fplib/dnaninf.s                       0x00000000   Number         0  dnaninf.o ABSOLUTE
    ../fplib/dretinf.s                       0x00000000   Number         0  dretinf.o ABSOLUTE
    ../fplib/drleqf.s                        0x00000000   Number         0  drleqf.o ABSOLUTE
    ../fplib/dsqrt.s                         0x00000000   Number         0  dsqrt_umaal.o ABSOLUTE
    ../fplib/fpinit.s                        0x00000000   Number         0  fpinit.o ABSOLUTE
    ../fplib/retnan.s                        0x00000000   Number         0  retnan.o ABSOLUTE
    ../fplib/scalbn.s                        0x00000000   Number         0  scalbn.o ABSOLUTE
    ../fplib/trapv.s                         0x00000000   Number         0  trapv.o ABSOLUTE
    ../fplib/usenofp.s                       0x00000000   Number         0  usenofp.o ABSOLUTE
    ../mathlib/dunder.c                      0x00000000   Number         0  dunder.o ABSOLUTE
    ../mathlib/fabs.c                        0x00000000   Number         0  fabs.o ABSOLUTE
    ../mathlib/fpclassify.c                  0x00000000   Number         0  fpclassify.o ABSOLUTE
    ../mathlib/poly.c                        0x00000000   Number         0  poly.o ABSOLUTE
    ../mathlib/pow.c                         0x00000000   Number         0  pow.o ABSOLUTE
    ../mathlib/pow.c                         0x00000000   Number         0  pow_x.o ABSOLUTE
    ../mathlib/qnan.c                        0x00000000   Number         0  qnan.o ABSOLUTE
    ../mathlib/sqrt.c                        0x00000000   Number         0  sqrt_x.o ABSOLUTE
    ../mathlib/sqrt.c                        0x00000000   Number         0  sqrt.o ABSOLUTE
    _00_Library\rvmdk\startup_rvmdk.S        0x00000000   Number         0  startup_rvmdk.o ABSOLUTE
    _02_System\My_Delay.c                    0x00000000   Number         0  my_delay.o ABSOLUTE
    _02_System\My_System.c                   0x00000000   Number         0  my_system.o ABSOLUTE
    _03_Drive\_01_Interior\My_GPIO.c         0x00000000   Number         0  my_gpio.o ABSOLUTE
    _03_Drive\_01_Interior\My_Interrupt.c    0x00000000   Number         0  my_interrupt.o ABSOLUTE
    _03_Drive\_02_External\My_LCD.c          0x00000000   Number         0  my_lcd.o ABSOLUTE
    _03_Drive\_02_External\My_LCD12864.c     0x00000000   Number         0  my_lcd12864.o ABSOLUTE
    _05_User\main.c                          0x00000000   Number         0  main.o ABSOLUTE
    cpu.c                                    0x00000000   Number         0  cpu.o ABSOLUTE
    cpu.c                                    0x00000000   Number         0  cpu.o ABSOLUTE
    dc.s                                     0x00000000   Number         0  dc.o ABSOLUTE
    gpio.c                                   0x00000000   Number         0  gpio.o ABSOLUTE
    interrupt.c                              0x00000000   Number         0  interrupt.o ABSOLUTE
    sysctl.c                                 0x00000000   Number         0  sysctl.o ABSOLUTE
    sysctl.c                                 0x00000000   Number         0  sysctl.o ABSOLUTE
    timer.c                                  0x00000000   Number         0  timer.o ABSOLUTE
    $v0                                      0x0000026c   Number         0  startup_rvmdk.o(RESET)
    NmiSR                                    0x00000281   Thumb Code     0  startup_rvmdk.o(RESET)
    FaultISR                                 0x00000283   Thumb Code     0  startup_rvmdk.o(RESET)
    IntDefaultHandler                        0x00000285   Thumb Code     0  startup_rvmdk.o(RESET)
    !!!main                                  0x00000288   Section        8  __main.o(!!!main)
    !!!scatter                               0x00000290   Section       52  __scatter.o(!!!scatter)
    !!handler_copy                           0x000002c4   Section       26  __scatter_copy.o(!!handler_copy)
    !!handler_zi                             0x000002e0   Section       28  __scatter_zi.o(!!handler_zi)
    .ARM.Collect$$libinit$$00000000          0x000002fc   Section        2  libinit.o(.ARM.Collect$$libinit$$00000000)
    .ARM.Collect$$libinit$$00000001          0x000002fe   Section        4  libinit2.o(.ARM.Collect$$libinit$$00000001)
    .ARM.Collect$$libinit$$00000004          0x00000302   Section        0  libinit2.o(.ARM.Collect$$libinit$$00000004)
    .ARM.Collect$$libinit$$0000000A          0x00000302   Section        0  libinit2.o(.ARM.Collect$$libinit$$0000000A)
    .ARM.Collect$$libinit$$0000000C          0x00000302   Section        0  libinit2.o(.ARM.Collect$$libinit$$0000000C)
    .ARM.Collect$$libinit$$0000000E          0x00000302   Section        0  libinit2.o(.ARM.Collect$$libinit$$0000000E)
    .ARM.Collect$$libinit$$00000011          0x00000302   Section        0  libinit2.o(.ARM.Collect$$libinit$$00000011)
    .ARM.Collect$$libinit$$00000013          0x00000302   Section        0  libinit2.o(.ARM.Collect$$libinit$$00000013)
    .ARM.Collect$$libinit$$00000015          0x00000302   Section        0  libinit2.o(.ARM.Collect$$libinit$$00000015)
    .ARM.Collect$$libinit$$00000017          0x00000302   Section        0  libinit2.o(.ARM.Collect$$libinit$$00000017)
    .ARM.Collect$$libinit$$00000019          0x00000302   Section        0  libinit2.o(.ARM.Collect$$libinit$$00000019)
    .ARM.Collect$$libinit$$0000001B          0x00000302   Section        0  libinit2.o(.ARM.Collect$$libinit$$0000001B)
    .ARM.Collect$$libinit$$0000001D          0x00000302   Section        0  libinit2.o(.ARM.Collect$$libinit$$0000001D)
    .ARM.Collect$$libinit$$0000001F          0x00000302   Section        0  libinit2.o(.ARM.Collect$$libinit$$0000001F)
    .ARM.Collect$$libinit$$00000021          0x00000302   Section        0  libinit2.o(.ARM.Collect$$libinit$$00000021)
    .ARM.Collect$$libinit$$00000023          0x00000302   Section        0  libinit2.o(.ARM.Collect$$libinit$$00000023)
    .ARM.Collect$$libinit$$00000025          0x00000302   Section        0  libinit2.o(.ARM.Collect$$libinit$$00000025)
    .ARM.Collect$$libinit$$0000002C          0x00000302   Section        0  libinit2.o(.ARM.Collect$$libinit$$0000002C)
    .ARM.Collect$$libinit$$0000002E          0x00000302   Section        0  libinit2.o(.ARM.Collect$$libinit$$0000002E)
    .ARM.Collect$$libinit$$00000030          0x00000302   Section        0  libinit2.o(.ARM.Collect$$libinit$$00000030)
    .ARM.Collect$$libinit$$00000032          0x00000302   Section        0  libinit2.o(.ARM.Collect$$libinit$$00000032)
    .ARM.Collect$$libinit$$00000033          0x00000302   Section        2  libinit2.o(.ARM.Collect$$libinit$$00000033)
    .ARM.Collect$$libshutdown$$00000000      0x00000304   Section        2  libshutdown.o(.ARM.Collect$$libshutdown$$00000000)
    .ARM.Collect$$libshutdown$$00000003      0x00000306   Section        0  libshutdown2.o(.ARM.Collect$$libshutdown$$00000003)
    .ARM.Collect$$libshutdown$$00000006      0x00000306   Section        0  libshutdown2.o(.ARM.Collect$$libshutdown$$00000006)
    .ARM.Collect$$libshutdown$$00000009      0x00000306   Section        0  libshutdown2.o(.ARM.Collect$$libshutdown$$00000009)
    .ARM.Collect$$libshutdown$$0000000B      0x00000306   Section        0  libshutdown2.o(.ARM.Collect$$libshutdown$$0000000B)
    .ARM.Collect$$libshutdown$$0000000E      0x00000306   Section        0  libshutdown2.o(.ARM.Collect$$libshutdown$$0000000E)
    .ARM.Collect$$libshutdown$$0000000F      0x00000306   Section        2  libshutdown2.o(.ARM.Collect$$libshutdown$$0000000F)
    .ARM.Collect$$rtentry$$00000000          0x00000308   Section        0  __rtentry.o(.ARM.Collect$$rtentry$$00000000)
    .ARM.Collect$$rtentry$$00000002          0x00000308   Section        0  __rtentry2.o(.ARM.Collect$$rtentry$$00000002)
    .ARM.Collect$$rtentry$$00000004          0x00000308   Section        6  __rtentry4.o(.ARM.Collect$$rtentry$$00000004)
    .ARM.Collect$$rtentry$$00000009          0x0000030e   Section        0  __rtentry2.o(.ARM.Collect$$rtentry$$00000009)
    .ARM.Collect$$rtentry$$0000000A          0x0000030e   Section        4  __rtentry2.o(.ARM.Collect$$rtentry$$0000000A)
    .ARM.Collect$$rtentry$$0000000C          0x00000312   Section        0  __rtentry2.o(.ARM.Collect$$rtentry$$0000000C)
    .ARM.Collect$$rtentry$$0000000D          0x00000312   Section        8  __rtentry2.o(.ARM.Collect$$rtentry$$0000000D)
    .ARM.Collect$$rtexit$$00000000           0x0000031a   Section        2  rtexit.o(.ARM.Collect$$rtexit$$00000000)
    .ARM.Collect$$rtexit$$00000002           0x0000031c   Section        0  rtexit2.o(.ARM.Collect$$rtexit$$00000002)
    .ARM.Collect$$rtexit$$00000003           0x0000031c   Section        4  rtexit2.o(.ARM.Collect$$rtexit$$00000003)
    .ARM.Collect$$rtexit$$00000004           0x00000320   Section        6  rtexit2.o(.ARM.Collect$$rtexit$$00000004)
    .emb_text                                0x00000328   Section        6  sysctl.o(.emb_text)
    $v0                                      0x00000328   Number         0  sysctl.o(.emb_text)
    .emb_text                                0x00000330   Section       38  cpu.o(.emb_text)
    $v0                                      0x00000330   Number         0  cpu.o(.emb_text)
    .text                                    0x00000358   Section       24  startup_rvmdk.o(.text)
    $v0                                      0x00000358   Number         0  startup_rvmdk.o(.text)
    .text                                    0x00000370   Section       78  rt_memclr_w.o(.text)
    .text                                    0x000003be   Section        0  heapauxi.o(.text)
    .text                                    0x000003c4   Section        0  _rserrno.o(.text)
    .text                                    0x000003dc   Section        8  rt_errno_addr_intlibspace.o(.text)
    .text                                    0x000003e4   Section        8  libspace.o(.text)
    .text                                    0x000003ec   Section       74  sys_stackheap_outer.o(.text)
    .text                                    0x00000436   Section        0  exit.o(.text)
    .text                                    0x00000444   Section        0  sys_exit.o(.text)
    .text                                    0x00000450   Section        2  use_no_semi.o(.text)
    .text                                    0x00000452   Section        0  indicate_semi.o(.text)
    i.Display_Str                            0x00000452   Section        0  my_lcd12864.o(i.Display_Str)
    i.GPIODirModeSet                         0x00000474   Section        0  gpio.o(i.GPIODirModeSet)
    i.GPIOPadConfigSet                       0x0000049c   Section        0  gpio.o(i.GPIOPadConfigSet)
    i.GPIOPinTypeGPIOOutput                  0x000005d6   Section        0  gpio.o(i.GPIOPinTypeGPIOOutput)
    i.GPIOPinWrite                           0x000005f2   Section        0  gpio.o(i.GPIOPinWrite)
    i.IntEnable                              0x000005f8   Section        0  interrupt.o(i.IntEnable)
    i.IntMasterEnable                        0x0000065c   Section        0  interrupt.o(i.IntMasterEnable)
    i.LCD12864_Init                          0x0000066c   Section        0  my_lcd12864.o(i.LCD12864_Init)
    i.LCD_Decimal                            0x000006d4   Section        0  my_lcd.o(i.LCD_Decimal)
    i.LCD_Pos                                0x00000810   Section        0  my_lcd12864.o(i.LCD_Pos)
    i.LCD_SendByte                           0x00000854   Section        0  my_lcd12864.o(i.LCD_SendByte)
    LCD_SendByte                             0x00000855   Thumb Code    70  my_lcd12864.o(i.LCD_SendByte)
    i.LCD_String                             0x000008a0   Section        0  my_lcd.o(i.LCD_String)
    i.Lcd_Write_Cmd                          0x000008b4   Section        0  my_lcd12864.o(i.Lcd_Write_Cmd)
    Lcd_Write_Cmd                            0x000008b5   Thumb Code    62  my_lcd12864.o(i.Lcd_Write_Cmd)
    i.Lcd_Write_Data                         0x000008f8   Section        0  my_lcd12864.o(i.Lcd_Write_Data)
    Lcd_Write_Data                           0x000008f9   Thumb Code    62  my_lcd12864.o(i.Lcd_Write_Data)
    i.My_GPIOInit                            0x0000093c   Section        0  my_gpio.o(i.My_GPIOInit)
    i.My_SystemInit                          0x0000097c   Section        0  my_system.o(i.My_SystemInit)
    i.My_TimerInit_0A                        0x0000098c   Section        0  my_interrupt.o(i.My_TimerInit_0A)
    i.SysCtlClockGet                         0x000009d0   Section        0  sysctl.o(i.SysCtlClockGet)
    i.SysCtlClockSet                         0x00000b24   Section        0  sysctl.o(i.SysCtlClockSet)
    i.SysCtlPeripheralEnable                 0x00000c44   Section        0  sysctl.o(i.SysCtlPeripheralEnable)
    i.Timer0AIntHandler                      0x00000c6c   Section        0  my_interrupt.o(i.Timer0AIntHandler)
    i.TimerConfigure                         0x00000cac   Section        0  timer.o(i.TimerConfigure)
    i.TimerEnable                            0x00000d0c   Section        0  timer.o(i.TimerEnable)
    i.TimerIntClear                          0x00000d1a   Section        0  timer.o(i.TimerIntClear)
    i.TimerIntEnable                         0x00000d1e   Section        0  timer.o(i.TimerIntEnable)
    i.TimerLoadSet                           0x00000d26   Section        0  timer.o(i.TimerLoadSet)
    i.__ARM_fpclassify                       0x00000d38   Section        0  fpclassify.o(i.__ARM_fpclassify)
    i.__hardfp_pow                           0x00000d68   Section        0  pow.o(i.__hardfp_pow)
    i.__kernel_poly                          0x000019a0   Section        0  poly.o(i.__kernel_poly)
    i.__mathlib_dbl_divzero                  0x00001a98   Section        0  dunder.o(i.__mathlib_dbl_divzero)
    i.__mathlib_dbl_infnan2                  0x00001ac8   Section        0  dunder.o(i.__mathlib_dbl_infnan2)
    i.__mathlib_dbl_invalid                  0x00001ae0   Section        0  dunder.o(i.__mathlib_dbl_invalid)
    i.__mathlib_dbl_overflow                 0x00001b00   Section        0  dunder.o(i.__mathlib_dbl_overflow)
    i.__mathlib_dbl_underflow                0x00001b20   Section        0  dunder.o(i.__mathlib_dbl_underflow)
    i.delay_ms                               0x00001b40   Section        0  my_delay.o(i.delay_ms)
    i.delay_us                               0x00001b5c   Section        0  my_delay.o(i.delay_us)
    i.fabs                                   0x00001b7c   Section        0  fabs.o(i.fabs)
    i.main                                   0x00001b94   Section        0  main.o(i.main)
    i.sqrt                                   0x00001bd0   Section        0  sqrt.o(i.sqrt)
    x$fpl$basic                              0x00001c3e   Section       24  basic.o(x$fpl$basic)
    $v0                                      0x00001c3e   Number         0  basic.o(x$fpl$basic)
    x$fpl$dadd                               0x00001c58   Section      336  daddsub_clz.o(x$fpl$dadd)
    $v0                                      0x00001c58   Number         0  daddsub_clz.o(x$fpl$dadd)
    _dadd1                                   0x00001c69   Thumb Code     0  daddsub_clz.o(x$fpl$dadd)
    x$fpl$dcheck1                            0x00001da8   Section       16  dcheck1.o(x$fpl$dcheck1)
    $v0                                      0x00001da8   Number         0  dcheck1.o(x$fpl$dcheck1)
    x$fpl$dcmpinf                            0x00001db8   Section       24  dcmpi.o(x$fpl$dcmpinf)
    $v0                                      0x00001db8   Number         0  dcmpi.o(x$fpl$dcmpinf)
    x$fpl$ddiv                               0x00001dd0   Section      688  ddiv.o(x$fpl$ddiv)
    $v0                                      0x00001dd0   Number         0  ddiv.o(x$fpl$ddiv)
    ddiv_entry                               0x00001dd7   Thumb Code     0  ddiv.o(x$fpl$ddiv)
    x$fpl$dfixu                              0x00002080   Section       90  dfixu.o(x$fpl$dfixu)
    $v0                                      0x00002080   Number         0  dfixu.o(x$fpl$dfixu)
    x$fpl$dflt                               0x000020da   Section       46  dflt_clz.o(x$fpl$dflt)
    $v0                                      0x000020da   Number         0  dflt_clz.o(x$fpl$dflt)
    x$fpl$dfltu                              0x00002108   Section       38  dflt_clz.o(x$fpl$dfltu)
    $v0                                      0x00002108   Number         0  dflt_clz.o(x$fpl$dfltu)
    x$fpl$dleqf                              0x00002130   Section      120  dleqf.o(x$fpl$dleqf)
    $v0                                      0x00002130   Number         0  dleqf.o(x$fpl$dleqf)
    x$fpl$dmul                               0x000021a8   Section      340  dmul.o(x$fpl$dmul)
    $v0                                      0x000021a8   Number         0  dmul.o(x$fpl$dmul)
    x$fpl$dnaninf                            0x000022fc   Section      156  dnaninf.o(x$fpl$dnaninf)
    $v0                                      0x000022fc   Number         0  dnaninf.o(x$fpl$dnaninf)
    x$fpl$dretinf                            0x00002398   Section       12  dretinf.o(x$fpl$dretinf)
    $v0                                      0x00002398   Number         0  dretinf.o(x$fpl$dretinf)
    x$fpl$drleqf                             0x000023a4   Section      108  drleqf.o(x$fpl$drleqf)
    $v0                                      0x000023a4   Number         0  drleqf.o(x$fpl$drleqf)
    x$fpl$drsb                               0x00002410   Section       22  daddsub_clz.o(x$fpl$drsb)
    $v0                                      0x00002410   Number         0  daddsub_clz.o(x$fpl$drsb)
    x$fpl$dsqrt                              0x00002428   Section      408  dsqrt_umaal.o(x$fpl$dsqrt)
    $v0                                      0x00002428   Number         0  dsqrt_umaal.o(x$fpl$dsqrt)
    x$fpl$dsub                               0x000025c0   Section      468  daddsub_clz.o(x$fpl$dsub)
    $v0                                      0x000025c0   Number         0  daddsub_clz.o(x$fpl$dsub)
    _dsub1                                   0x000025d1   Thumb Code     0  daddsub_clz.o(x$fpl$dsub)
    x$fpl$fpinit                             0x00002794   Section       10  fpinit.o(x$fpl$fpinit)
    $v0                                      0x00002794   Number         0  fpinit.o(x$fpl$fpinit)
    x$fpl$retnan                             0x0000279e   Section      100  retnan.o(x$fpl$retnan)
    $v0                                      0x0000279e   Number         0  retnan.o(x$fpl$retnan)
    x$fpl$scalbn                             0x00002802   Section       92  scalbn.o(x$fpl$scalbn)
    $v0                                      0x00002802   Number         0  scalbn.o(x$fpl$scalbn)
    x$fpl$trapveneer                         0x0000285e   Section       48  trapv.o(x$fpl$trapveneer)
    $v0                                      0x0000285e   Number         0  trapv.o(x$fpl$trapveneer)
    x$fpl$usenofp                            0x0000288e   Section        0  usenofp.o(x$fpl$usenofp)
    .constdata                               0x00002890   Section      268  interrupt.o(.constdata)
    g_pui32Priority                          0x00002890   Data          32  interrupt.o(.constdata)
    g_pui32Regs                              0x000028b0   Data         156  interrupt.o(.constdata)
    g_pui32EnRegs                            0x0000294c   Data          20  interrupt.o(.constdata)
    g_pui32Dii16Regs                         0x00002960   Data          20  interrupt.o(.constdata)
    g_pui32PendRegs                          0x00002974   Data          20  interrupt.o(.constdata)
    g_pui32UnpendRegs                        0x00002988   Data          20  interrupt.o(.constdata)
    .constdata                               0x0000299c   Section      452  sysctl.o(.constdata)
    g_pui32VCOFrequencies                    0x0000299c   Data           8  sysctl.o(.constdata)
    g_pui32Xtals                             0x000029a4   Data         108  sysctl.o(.constdata)
    g_pppui32XTALtoVCO                       0x00002a10   Data         288  sysctl.o(.constdata)
    g_sXTALtoMEMTIM                          0x00002b30   Data          48  sysctl.o(.constdata)
    .constdata                               0x00002b60   Section      136  pow.o(.constdata)
    bp                                       0x00002b60   Data          16  pow.o(.constdata)
    dp_h                                     0x00002b70   Data          16  pow.o(.constdata)
    dp_l                                     0x00002b80   Data          16  pow.o(.constdata)
    L                                        0x00002b90   Data          48  pow.o(.constdata)
    P                                        0x00002bc0   Data          40  pow.o(.constdata)
    .constdata                               0x00002be8   Section        8  qnan.o(.constdata)
    .data                                    0x20000000   Section        1  my_interrupt.o(.data)
    LED_SW                                   0x20000000   Data           1  my_interrupt.o(.data)
    .bss                                     0x20000004   Section       96  libspace.o(.bss)
    HEAP                                     0x20000068   Section        0  startup_rvmdk.o(HEAP)
    STACK                                    0x20000068   Section      256  startup_rvmdk.o(STACK)
    HeapMem                                  0x20000068   Data           0  startup_rvmdk.o(HEAP)
    StackMem                                 0x20000068   Data           0  startup_rvmdk.o(STACK)

    Global Symbols

    Symbol Name                              Value     Ov Type        Size  Object(Section)

    BuildAttributes$$THM_ISAv4$E$P$D$K$B$S$7EM$VFPi3$EXTD16$VFPS$VFMA$PE$A:L22UL41UL21$X:L11$S22US41US21$IEEE1$IW$USESV6$~STKCKD$USESV7$~SHL$OTIME$ROPI$IEEEX$EBA8$UX$STANDARDLIB$REQ8$PRES8$EABIv2 0x00000000   Number         0  anon$$obj.o ABSOLUTE
    __ARM_use_no_argv                        0x00000000   Number         0  main.o ABSOLUTE
    __Vectors                                0x00000000   Data           0  startup_rvmdk.o(RESET)
    __ARM_exceptions_init                     - Undefined Weak Reference
    __alloca_initialize                       - Undefined Weak Reference
    __arm_preinit_                            - Undefined Weak Reference
    __cpp_initialize__aeabi_                  - Undefined Weak Reference
    __cxa_finalize                            - Undefined Weak Reference
    __rt_locale                               - Undefined Weak Reference
    __sigvec_lookup                           - Undefined Weak Reference
    _atexit_init                              - Undefined Weak Reference
    _call_atexit_fns                          - Undefined Weak Reference
    _clock_init                               - Undefined Weak Reference
    _fp_trap_init                             - Undefined Weak Reference
    _fp_trap_shutdown                         - Undefined Weak Reference
    _get_lc_collate                           - Undefined Weak Reference
    _get_lc_ctype                             - Undefined Weak Reference
    _get_lc_monetary                          - Undefined Weak Reference
    _get_lc_numeric                           - Undefined Weak Reference
    _get_lc_time                              - Undefined Weak Reference
    _getenv_init                              - Undefined Weak Reference
    _handle_redirection                       - Undefined Weak Reference
    _init_alloc                               - Undefined Weak Reference
    _init_user_alloc                          - Undefined Weak Reference
    _initio                                   - Undefined Weak Reference
    _rand_init                                - Undefined Weak Reference
    _signal_finish                            - Undefined Weak Reference
    _signal_init                              - Undefined Weak Reference
    _terminate_alloc                          - Undefined Weak Reference
    _terminate_user_alloc                     - Undefined Weak Reference
    _terminateio                              - Undefined Weak Reference
    Reset_Handler                            0x0000026d   Thumb Code     0  startup_rvmdk.o(RESET)
    __main                                   0x00000289   Thumb Code     8  __main.o(!!!main)
    __scatterload                            0x00000291   Thumb Code     0  __scatter.o(!!!scatter)
    __scatterload_rt2                        0x00000291   Thumb Code    44  __scatter.o(!!!scatter)
    __scatterload_rt2_thumb_only             0x00000291   Thumb Code     0  __scatter.o(!!!scatter)
    __scatterload_null                       0x0000029f   Thumb Code     0  __scatter.o(!!!scatter)
    __scatterload_copy                       0x000002c5   Thumb Code    26  __scatter_copy.o(!!handler_copy)
    __scatterload_zeroinit                   0x000002e1   Thumb Code    28  __scatter_zi.o(!!handler_zi)
    __rt_lib_init                            0x000002fd   Thumb Code     0  libinit.o(.ARM.Collect$$libinit$$00000000)
    __rt_lib_init_fp_1                       0x000002ff   Thumb Code     0  libinit2.o(.ARM.Collect$$libinit$$00000001)
    __rt_lib_init_alloca_1                   0x00000303   Thumb Code     0  libinit2.o(.ARM.Collect$$libinit$$0000002E)
    __rt_lib_init_argv_1                     0x00000303   Thumb Code     0  libinit2.o(.ARM.Collect$$libinit$$0000002C)
    __rt_lib_init_atexit_1                   0x00000303   Thumb Code     0  libinit2.o(.ARM.Collect$$libinit$$0000001B)
    __rt_lib_init_clock_1                    0x00000303   Thumb Code     0  libinit2.o(.ARM.Collect$$libinit$$00000021)
    __rt_lib_init_cpp_1                      0x00000303   Thumb Code     0  libinit2.o(.ARM.Collect$$libinit$$00000032)
    __rt_lib_init_exceptions_1               0x00000303   Thumb Code     0  libinit2.o(.ARM.Collect$$libinit$$00000030)
    __rt_lib_init_fp_trap_1                  0x00000303   Thumb Code     0  libinit2.o(.ARM.Collect$$libinit$$0000001F)
    __rt_lib_init_getenv_1                   0x00000303   Thumb Code     0  libinit2.o(.ARM.Collect$$libinit$$00000023)
    __rt_lib_init_heap_1                     0x00000303   Thumb Code     0  libinit2.o(.ARM.Collect$$libinit$$0000000A)
    __rt_lib_init_lc_collate_1               0x00000303   Thumb Code     0  libinit2.o(.ARM.Collect$$libinit$$00000011)
    __rt_lib_init_lc_ctype_1                 0x00000303   Thumb Code     0  libinit2.o(.ARM.Collect$$libinit$$00000013)
    __rt_lib_init_lc_monetary_1              0x00000303   Thumb Code     0  libinit2.o(.ARM.Collect$$libinit$$00000015)
    __rt_lib_init_lc_numeric_1               0x00000303   Thumb Code     0  libinit2.o(.ARM.Collect$$libinit$$00000017)
    __rt_lib_init_lc_time_1                  0x00000303   Thumb Code     0  libinit2.o(.ARM.Collect$$libinit$$00000019)
    __rt_lib_init_preinit_1                  0x00000303   Thumb Code     0  libinit2.o(.ARM.Collect$$libinit$$00000004)
    __rt_lib_init_rand_1                     0x00000303   Thumb Code     0  libinit2.o(.ARM.Collect$$libinit$$0000000E)
    __rt_lib_init_return                     0x00000303   Thumb Code     0  libinit2.o(.ARM.Collect$$libinit$$00000033)
    __rt_lib_init_signal_1                   0x00000303   Thumb Code     0  libinit2.o(.ARM.Collect$$libinit$$0000001D)
    __rt_lib_init_stdio_1                    0x00000303   Thumb Code     0  libinit2.o(.ARM.Collect$$libinit$$00000025)
    __rt_lib_init_user_alloc_1               0x00000303   Thumb Code     0  libinit2.o(.ARM.Collect$$libinit$$0000000C)
    __rt_lib_shutdown                        0x00000305   Thumb Code     0  libshutdown.o(.ARM.Collect$$libshutdown$$00000000)
    __rt_lib_shutdown_fp_trap_1              0x00000307   Thumb Code     0  libshutdown2.o(.ARM.Collect$$libshutdown$$00000006)
    __rt_lib_shutdown_heap_1                 0x00000307   Thumb Code     0  libshutdown2.o(.ARM.Collect$$libshutdown$$0000000E)
    __rt_lib_shutdown_return                 0x00000307   Thumb Code     0  libshutdown2.o(.ARM.Collect$$libshutdown$$0000000F)
    __rt_lib_shutdown_signal_1               0x00000307   Thumb Code     0  libshutdown2.o(.ARM.Collect$$libshutdown$$00000009)
    __rt_lib_shutdown_stdio_1                0x00000307   Thumb Code     0  libshutdown2.o(.ARM.Collect$$libshutdown$$00000003)
    __rt_lib_shutdown_user_alloc_1           0x00000307   Thumb Code     0  libshutdown2.o(.ARM.Collect$$libshutdown$$0000000B)
    __rt_entry                               0x00000309   Thumb Code     0  __rtentry.o(.ARM.Collect$$rtentry$$00000000)
    __rt_entry_presh_1                       0x00000309   Thumb Code     0  __rtentry2.o(.ARM.Collect$$rtentry$$00000002)
    __rt_entry_sh                            0x00000309   Thumb Code     0  __rtentry4.o(.ARM.Collect$$rtentry$$00000004)
    __rt_entry_li                            0x0000030f   Thumb Code     0  __rtentry2.o(.ARM.Collect$$rtentry$$0000000A)
    __rt_entry_postsh_1                      0x0000030f   Thumb Code     0  __rtentry2.o(.ARM.Collect$$rtentry$$00000009)
    __rt_entry_main                          0x00000313   Thumb Code     0  __rtentry2.o(.ARM.Collect$$rtentry$$0000000D)
    __rt_entry_postli_1                      0x00000313   Thumb Code     0  __rtentry2.o(.ARM.Collect$$rtentry$$0000000C)
    __rt_exit                                0x0000031b   Thumb Code     0  rtexit.o(.ARM.Collect$$rtexit$$00000000)
    __rt_exit_ls                             0x0000031d   Thumb Code     0  rtexit2.o(.ARM.Collect$$rtexit$$00000003)
    __rt_exit_prels_1                        0x0000031d   Thumb Code     0  rtexit2.o(.ARM.Collect$$rtexit$$00000002)
    __rt_exit_exit                           0x00000321   Thumb Code     0  rtexit2.o(.ARM.Collect$$rtexit$$00000004)
    SysCtlDelay                              0x00000329   Thumb Code     6  sysctl.o(.emb_text)
    CPUcpsid                                 0x00000331   Thumb Code     8  cpu.o(.emb_text)
    CPUprimask                               0x00000339   Thumb Code     6  cpu.o(.emb_text)
    CPUcpsie                                 0x0000033f   Thumb Code     8  cpu.o(.emb_text)
    CPUwfi                                   0x00000347   Thumb Code     4  cpu.o(.emb_text)
    CPUbasepriSet                            0x0000034b   Thumb Code     6  cpu.o(.emb_text)
    CPUbasepriGet                            0x00000351   Thumb Code     6  cpu.o(.emb_text)
    __user_initial_stackheap                 0x00000359   Thumb Code     0  startup_rvmdk.o(.text)
    __aeabi_memclr4                          0x00000371   Thumb Code     0  rt_memclr_w.o(.text)
    __aeabi_memclr8                          0x00000371   Thumb Code     0  rt_memclr_w.o(.text)
    __rt_memclr_w                            0x00000371   Thumb Code    78  rt_memclr_w.o(.text)
    _memset_w                                0x00000375   Thumb Code     0  rt_memclr_w.o(.text)
    __use_two_region_memory                  0x000003bf   Thumb Code     2  heapauxi.o(.text)
    __rt_heap_escrow$2region                 0x000003c1   Thumb Code     2  heapauxi.o(.text)
    __rt_heap_expand$2region                 0x000003c3   Thumb Code     2  heapauxi.o(.text)
    __read_errno                             0x000003c5   Thumb Code    10  _rserrno.o(.text)
    __set_errno                              0x000003cf   Thumb Code    12  _rserrno.o(.text)
    __aeabi_errno_addr                       0x000003dd   Thumb Code     8  rt_errno_addr_intlibspace.o(.text)
    __errno$intlibspace                      0x000003dd   Thumb Code     0  rt_errno_addr_intlibspace.o(.text)
    __rt_errno_addr$intlibspace              0x000003dd   Thumb Code     0  rt_errno_addr_intlibspace.o(.text)
    __user_libspace                          0x000003e5   Thumb Code     8  libspace.o(.text)
    __user_perproc_libspace                  0x000003e5   Thumb Code     0  libspace.o(.text)
    __user_perthread_libspace                0x000003e5   Thumb Code     0  libspace.o(.text)
    __user_setup_stackheap                   0x000003ed   Thumb Code    74  sys_stackheap_outer.o(.text)
    exit                                     0x00000437   Thumb Code    12  exit.o(.text)
    _sys_exit                                0x00000445   Thumb Code     8  sys_exit.o(.text)
    __I$use$semihosting                      0x00000451   Thumb Code     0  use_no_semi.o(.text)
    __use_no_semihosting_swi                 0x00000451   Thumb Code     2  use_no_semi.o(.text)
    Display_Str                              0x00000453   Thumb Code    34  my_lcd12864.o(i.Display_Str)
    __semihosting_library_function           0x00000453   Thumb Code     0  indicate_semi.o(.text)
    GPIODirModeSet                           0x00000475   Thumb Code    40  gpio.o(i.GPIODirModeSet)
    GPIOPadConfigSet                         0x0000049d   Thumb Code   314  gpio.o(i.GPIOPadConfigSet)
    GPIOPinTypeGPIOOutput                    0x000005d7   Thumb Code    28  gpio.o(i.GPIOPinTypeGPIOOutput)
    GPIOPinWrite                             0x000005f3   Thumb Code     6  gpio.o(i.GPIOPinWrite)
    IntEnable                                0x000005f9   Thumb Code    92  interrupt.o(i.IntEnable)
    IntMasterEnable                          0x0000065d   Thumb Code    14  interrupt.o(i.IntMasterEnable)
    LCD12864_Init                            0x0000066d   Thumb Code    92  my_lcd12864.o(i.LCD12864_Init)
    LCD_Decimal                              0x000006d5   Thumb Code   306  my_lcd.o(i.LCD_Decimal)
    LCD_Pos                                  0x00000811   Thumb Code    66  my_lcd12864.o(i.LCD_Pos)
    LCD_String                               0x000008a1   Thumb Code    20  my_lcd.o(i.LCD_String)
    My_GPIOInit                              0x0000093d   Thumb Code    46  my_gpio.o(i.My_GPIOInit)
    My_SystemInit                            0x0000097d   Thumb Code    10  my_system.o(i.My_SystemInit)
    My_TimerInit_0A                          0x0000098d   Thumb Code    54  my_interrupt.o(i.My_TimerInit_0A)
    SysCtlClockGet                           0x000009d1   Thumb Code   304  sysctl.o(i.SysCtlClockGet)
    SysCtlClockSet                           0x00000b25   Thumb Code   270  sysctl.o(i.SysCtlClockSet)
    SysCtlPeripheralEnable                   0x00000c45   Thumb Code    36  sysctl.o(i.SysCtlPeripheralEnable)
    Timer0AIntHandler                        0x00000c6d   Thumb Code    50  my_interrupt.o(i.Timer0AIntHandler)
    TimerConfigure                           0x00000cad   Thumb Code    88  timer.o(i.TimerConfigure)
    TimerEnable                              0x00000d0d   Thumb Code    14  timer.o(i.TimerEnable)
    TimerIntClear                            0x00000d1b   Thumb Code     4  timer.o(i.TimerIntClear)
    TimerIntEnable                           0x00000d1f   Thumb Code     8  timer.o(i.TimerIntEnable)
    TimerLoadSet                             0x00000d27   Thumb Code    18  timer.o(i.TimerLoadSet)
    __ARM_fpclassify                         0x00000d39   Thumb Code    48  fpclassify.o(i.__ARM_fpclassify)
    __hardfp_pow                             0x00000d69   Thumb Code  3044  pow.o(i.__hardfp_pow)
    __kernel_poly                            0x000019a1   Thumb Code   248  poly.o(i.__kernel_poly)
    __mathlib_dbl_divzero                    0x00001a99   Thumb Code    28  dunder.o(i.__mathlib_dbl_divzero)
    __mathlib_dbl_infnan2                    0x00001ac9   Thumb Code    20  dunder.o(i.__mathlib_dbl_infnan2)
    __mathlib_dbl_invalid                    0x00001ae1   Thumb Code    24  dunder.o(i.__mathlib_dbl_invalid)
    __mathlib_dbl_overflow                   0x00001b01   Thumb Code    24  dunder.o(i.__mathlib_dbl_overflow)
    __mathlib_dbl_underflow                  0x00001b21   Thumb Code    24  dunder.o(i.__mathlib_dbl_underflow)
    delay_ms                                 0x00001b41   Thumb Code    28  my_delay.o(i.delay_ms)
    delay_us                                 0x00001b5d   Thumb Code    26  my_delay.o(i.delay_us)
    fabs                                     0x00001b7d   Thumb Code    24  fabs.o(i.fabs)
    main                                     0x00001b95   Thumb Code    44  main.o(i.main)
    sqrt                                     0x00001bd1   Thumb Code   110  sqrt.o(i.sqrt)
    __aeabi_dneg                             0x00001c3f   Thumb Code     0  basic.o(x$fpl$basic)
    _dneg                                    0x00001c3f   Thumb Code     6  basic.o(x$fpl$basic)
    __aeabi_fneg                             0x00001c45   Thumb Code     0  basic.o(x$fpl$basic)
    _fneg                                    0x00001c45   Thumb Code     6  basic.o(x$fpl$basic)
    _dabs                                    0x00001c4b   Thumb Code     6  basic.o(x$fpl$basic)
    _fabs                                    0x00001c51   Thumb Code     6  basic.o(x$fpl$basic)
    __aeabi_dadd                             0x00001c59   Thumb Code     0  daddsub_clz.o(x$fpl$dadd)
    _dadd                                    0x00001c59   Thumb Code   332  daddsub_clz.o(x$fpl$dadd)
    __fpl_dcheck_NaN1                        0x00001da9   Thumb Code    10  dcheck1.o(x$fpl$dcheck1)
    __fpl_dcmp_Inf                           0x00001db9   Thumb Code    24  dcmpi.o(x$fpl$dcmpinf)
    __aeabi_ddiv                             0x00001dd1   Thumb Code     0  ddiv.o(x$fpl$ddiv)
    _ddiv                                    0x00001dd1   Thumb Code   552  ddiv.o(x$fpl$ddiv)
    __aeabi_d2uiz                            0x00002081   Thumb Code     0  dfixu.o(x$fpl$dfixu)
    _dfixu                                   0x00002081   Thumb Code    90  dfixu.o(x$fpl$dfixu)
    __aeabi_i2d                              0x000020db   Thumb Code     0  dflt_clz.o(x$fpl$dflt)
    _dflt                                    0x000020db   Thumb Code    46  dflt_clz.o(x$fpl$dflt)
    __aeabi_ui2d                             0x00002109   Thumb Code     0  dflt_clz.o(x$fpl$dfltu)
    _dfltu                                   0x00002109   Thumb Code    38  dflt_clz.o(x$fpl$dfltu)
    __aeabi_cdcmple                          0x00002131   Thumb Code     0  dleqf.o(x$fpl$dleqf)
    _dcmple                                  0x00002131   Thumb Code   120  dleqf.o(x$fpl$dleqf)
    __fpl_dcmple_InfNaN                      0x00002193   Thumb Code     0  dleqf.o(x$fpl$dleqf)
    __aeabi_dmul                             0x000021a9   Thumb Code     0  dmul.o(x$fpl$dmul)
    _dmul                                    0x000021a9   Thumb Code   332  dmul.o(x$fpl$dmul)
    __fpl_dnaninf                            0x000022fd   Thumb Code   156  dnaninf.o(x$fpl$dnaninf)
    __fpl_dretinf                            0x00002399   Thumb Code    12  dretinf.o(x$fpl$dretinf)
    __aeabi_cdrcmple                         0x000023a5   Thumb Code     0  drleqf.o(x$fpl$drleqf)
    _drcmple                                 0x000023a5   Thumb Code   108  drleqf.o(x$fpl$drleqf)
    __aeabi_drsub                            0x00002411   Thumb Code     0  daddsub_clz.o(x$fpl$drsb)
    _drsb                                    0x00002411   Thumb Code    22  daddsub_clz.o(x$fpl$drsb)
    _dsqrt                                   0x00002429   Thumb Code   404  dsqrt_umaal.o(x$fpl$dsqrt)
    __aeabi_dsub                             0x000025c1   Thumb Code     0  daddsub_clz.o(x$fpl$dsub)
    _dsub                                    0x000025c1   Thumb Code   464  daddsub_clz.o(x$fpl$dsub)
    _fp_init                                 0x00002795   Thumb Code    10  fpinit.o(x$fpl$fpinit)
    __fplib_config_fpu_vfp                   0x0000279d   Thumb Code     0  fpinit.o(x$fpl$fpinit)
    __fplib_config_pureend_doubles           0x0000279d   Thumb Code     0  fpinit.o(x$fpl$fpinit)
    __fpl_return_NaN                         0x0000279f   Thumb Code   100  retnan.o(x$fpl$retnan)
    __ARM_scalbn                             0x00002803   Thumb Code    92  scalbn.o(x$fpl$scalbn)
    __fpl_cmpreturn                          0x0000285f   Thumb Code    48  trapv.o(x$fpl$trapveneer)
    __I$use$fp                               0x0000288e   Number         0  usenofp.o(x$fpl$usenofp)
    __mathlib_zero                           0x00002be8   Data           8  qnan.o(.constdata)
    Region$$Table$$Base                      0x00002bf0   Number         0  anon$$obj.o(Region$$Table)
    Region$$Table$$Limit                     0x00002c10   Number         0  anon$$obj.o(Region$$Table)
    __libspace_start                         0x20000004   Data          96  libspace.o(.bss)
    __temporary_stack_top$libspace           0x20000064   Data           0  libspace.o(.bss)



==============================================================================

Memory Map of the image

  Image Entry point : 0x00000289

  Load Region LR_IROM1 (Base: 0x00000000, Size: 0x00002c14, Max: 0x00040000, ABSOLUTE)

    Execution Region ER_IROM1 (Base: 0x00000000, Size: 0x00002c10, Max: 0x00040000, ABSOLUTE)

    Base Addr    Size         Type   Attr      Idx    E Section Name        Object

    0x00000000   0x00000288   Code   RO          343    RESET               startup_rvmdk.o
    0x00000288   0x00000008   Code   RO         1398  * !!!main             c_w.l(__main.o)
    0x00000290   0x00000034   Code   RO         1657    !!!scatter          c_w.l(__scatter.o)
    0x000002c4   0x0000001a   Code   RO         1659    !!handler_copy      c_w.l(__scatter_copy.o)
    0x000002de   0x00000002   PAD
    0x000002e0   0x0000001c   Code   RO         1661    !!handler_zi        c_w.l(__scatter_zi.o)
    0x000002fc   0x00000002   Code   RO         1525    .ARM.Collect$$libinit$$00000000  c_w.l(libinit.o)
    0x000002fe   0x00000004   Code   RO         1532    .ARM.Collect$$libinit$$00000001  c_w.l(libinit2.o)
    0x00000302   0x00000000   Code   RO         1535    .ARM.Collect$$libinit$$00000004  c_w.l(libinit2.o)
    0x00000302   0x00000000   Code   RO         1538    .ARM.Collect$$libinit$$0000000A  c_w.l(libinit2.o)
    0x00000302   0x00000000   Code   RO         1540    .ARM.Collect$$libinit$$0000000C  c_w.l(libinit2.o)
    0x00000302   0x00000000   Code   RO         1542    .ARM.Collect$$libinit$$0000000E  c_w.l(libinit2.o)
    0x00000302   0x00000000   Code   RO         1545    .ARM.Collect$$libinit$$00000011  c_w.l(libinit2.o)
    0x00000302   0x00000000   Code   RO         1547    .ARM.Collect$$libinit$$00000013  c_w.l(libinit2.o)
    0x00000302   0x00000000   Code   RO         1549    .ARM.Collect$$libinit$$00000015  c_w.l(libinit2.o)
    0x00000302   0x00000000   Code   RO         1551    .ARM.Collect$$libinit$$00000017  c_w.l(libinit2.o)
    0x00000302   0x00000000   Code   RO         1553    .ARM.Collect$$libinit$$00000019  c_w.l(libinit2.o)
    0x00000302   0x00000000   Code   RO         1555    .ARM.Collect$$libinit$$0000001B  c_w.l(libinit2.o)
    0x00000302   0x00000000   Code   RO         1557    .ARM.Collect$$libinit$$0000001D  c_w.l(libinit2.o)
    0x00000302   0x00000000   Code   RO         1559    .ARM.Collect$$libinit$$0000001F  c_w.l(libinit2.o)
    0x00000302   0x00000000   Code   RO         1561    .ARM.Collect$$libinit$$00000021  c_w.l(libinit2.o)
    0x00000302   0x00000000   Code   RO         1563    .ARM.Collect$$libinit$$00000023  c_w.l(libinit2.o)
    0x00000302   0x00000000   Code   RO         1565    .ARM.Collect$$libinit$$00000025  c_w.l(libinit2.o)
    0x00000302   0x00000000   Code   RO         1569    .ARM.Collect$$libinit$$0000002C  c_w.l(libinit2.o)
    0x00000302   0x00000000   Code   RO         1571    .ARM.Collect$$libinit$$0000002E  c_w.l(libinit2.o)
    0x00000302   0x00000000   Code   RO         1573    .ARM.Collect$$libinit$$00000030  c_w.l(libinit2.o)
    0x00000302   0x00000000   Code   RO         1575    .ARM.Collect$$libinit$$00000032  c_w.l(libinit2.o)
    0x00000302   0x00000002   Code   RO         1576    .ARM.Collect$$libinit$$00000033  c_w.l(libinit2.o)
    0x00000304   0x00000002   Code   RO         1598    .ARM.Collect$$libshutdown$$00000000  c_w.l(libshutdown.o)
    0x00000306   0x00000000   Code   RO         1612    .ARM.Collect$$libshutdown$$00000003  c_w.l(libshutdown2.o)
    0x00000306   0x00000000   Code   RO         1615    .ARM.Collect$$libshutdown$$00000006  c_w.l(libshutdown2.o)
    0x00000306   0x00000000   Code   RO         1618    .ARM.Collect$$libshutdown$$00000009  c_w.l(libshutdown2.o)
    0x00000306   0x00000000   Code   RO         1620    .ARM.Collect$$libshutdown$$0000000B  c_w.l(libshutdown2.o)
    0x00000306   0x00000000   Code   RO         1623    .ARM.Collect$$libshutdown$$0000000E  c_w.l(libshutdown2.o)
    0x00000306   0x00000002   Code   RO         1624    .ARM.Collect$$libshutdown$$0000000F  c_w.l(libshutdown2.o)
    0x00000308   0x00000000   Code   RO         1432    .ARM.Collect$$rtentry$$00000000  c_w.l(__rtentry.o)
    0x00000308   0x00000000   Code   RO         1488    .ARM.Collect$$rtentry$$00000002  c_w.l(__rtentry2.o)
    0x00000308   0x00000006   Code   RO         1500    .ARM.Collect$$rtentry$$00000004  c_w.l(__rtentry4.o)
    0x0000030e   0x00000000   Code   RO         1490    .ARM.Collect$$rtentry$$00000009  c_w.l(__rtentry2.o)
    0x0000030e   0x00000004   Code   RO         1491    .ARM.Collect$$rtentry$$0000000A  c_w.l(__rtentry2.o)
    0x00000312   0x00000000   Code   RO         1493    .ARM.Collect$$rtentry$$0000000C  c_w.l(__rtentry2.o)
    0x00000312   0x00000008   Code   RO         1494    .ARM.Collect$$rtentry$$0000000D  c_w.l(__rtentry2.o)
    0x0000031a   0x00000002   Code   RO         1530    .ARM.Collect$$rtexit$$00000000  c_w.l(rtexit.o)
    0x0000031c   0x00000000   Code   RO         1580    .ARM.Collect$$rtexit$$00000002  c_w.l(rtexit2.o)
    0x0000031c   0x00000004   Code   RO         1581    .ARM.Collect$$rtexit$$00000003  c_w.l(rtexit2.o)
    0x00000320   0x00000006   Code   RO         1582    .ARM.Collect$$rtexit$$00000004  c_w.l(rtexit2.o)
    0x00000326   0x00000002   PAD
    0x00000328   0x00000006   Code   RO          798    .emb_text           driverlib.lib(sysctl.o)
    0x0000032e   0x00000002   PAD
    0x00000330   0x00000026   Code   RO         1382    .emb_text           driverlib.lib(cpu.o)
    0x00000356   0x00000002   PAD
    0x00000358   0x00000018   Code   RO          344    .text               startup_rvmdk.o
    0x00000370   0x0000004e   Code   RO         1394    .text               c_w.l(rt_memclr_w.o)
    0x000003be   0x00000006   Code   RO         1396    .text               c_w.l(heapauxi.o)
    0x000003c4   0x00000016   Code   RO         1433    .text               c_w.l(_rserrno.o)
    0x000003da   0x00000002   PAD
    0x000003dc   0x00000008   Code   RO         1505    .text               c_w.l(rt_errno_addr_intlibspace.o)
    0x000003e4   0x00000008   Code   RO         1513    .text               c_w.l(libspace.o)
    0x000003ec   0x0000004a   Code   RO         1516    .text               c_w.l(sys_stackheap_outer.o)
    0x00000436   0x0000000c   Code   RO         1518    .text               c_w.l(exit.o)
    0x00000442   0x00000002   PAD
    0x00000444   0x0000000c   Code   RO         1590    .text               c_w.l(sys_exit.o)
    0x00000450   0x00000002   Code   RO         1601    .text               c_w.l(use_no_semi.o)
    0x00000452   0x00000000   Code   RO         1603    .text               c_w.l(indicate_semi.o)
    0x00000452   0x00000022   Code   RO          175    i.Display_Str       my_lcd12864.o
    0x00000474   0x00000028   Code   RO          355    i.GPIODirModeSet    driverlib.lib(gpio.o)
    0x0000049c   0x0000013a   Code   RO          365    i.GPIOPadConfigSet  driverlib.lib(gpio.o)
    0x000005d6   0x0000001c   Code   RO          377    i.GPIOPinTypeGPIOOutput  driverlib.lib(gpio.o)
    0x000005f2   0x00000006   Code   RO          398    i.GPIOPinWrite      driverlib.lib(gpio.o)
    0x000005f8   0x00000064   Code   RO          683    i.IntEnable         driverlib.lib(interrupt.o)
    0x0000065c   0x0000000e   Code   RO          686    i.IntMasterEnable   driverlib.lib(interrupt.o)
    0x0000066a   0x00000002   PAD
    0x0000066c   0x00000068   Code   RO          177    i.LCD12864_Init     my_lcd12864.o
    0x000006d4   0x0000013c   Code   RO          310    i.LCD_Decimal       my_lcd.o
    0x00000810   0x00000042   Code   RO          187    i.LCD_Pos           my_lcd12864.o
    0x00000852   0x00000002   PAD
    0x00000854   0x0000004c   Code   RO          188    i.LCD_SendByte      my_lcd12864.o
    0x000008a0   0x00000014   Code   RO          312    i.LCD_String        my_lcd.o
    0x000008b4   0x00000044   Code   RO          190    i.Lcd_Write_Cmd     my_lcd12864.o
    0x000008f8   0x00000044   Code   RO          191    i.Lcd_Write_Data    my_lcd12864.o
    0x0000093c   0x00000040   Code   RO          135    i.My_GPIOInit       my_gpio.o
    0x0000097c   0x00000010   Code   RO          120    i.My_SystemInit     my_system.o
    0x0000098c   0x00000044   Code   RO          153    i.My_TimerInit_0A   my_interrupt.o
    0x000009d0   0x00000154   Code   RO          801    i.SysCtlClockGet    driverlib.lib(sysctl.o)
    0x00000b24   0x00000120   Code   RO          803    i.SysCtlClockSet    driverlib.lib(sysctl.o)
    0x00000c44   0x00000028   Code   RO          832    i.SysCtlPeripheralEnable  driverlib.lib(sysctl.o)
    0x00000c6c   0x00000040   Code   RO          154    i.Timer0AIntHandler  my_interrupt.o
    0x00000cac   0x00000060   Code   RO         1144    i.TimerConfigure    driverlib.lib(timer.o)
    0x00000d0c   0x0000000e   Code   RO         1153    i.TimerEnable       driverlib.lib(timer.o)
    0x00000d1a   0x00000004   Code   RO         1154    i.TimerIntClear     driverlib.lib(timer.o)
    0x00000d1e   0x00000008   Code   RO         1156    i.TimerIntEnable    driverlib.lib(timer.o)
    0x00000d26   0x00000012   Code   RO         1162    i.TimerLoadSet      driverlib.lib(timer.o)
    0x00000d38   0x00000030   Code   RO         1470    i.__ARM_fpclassify  m_wm.l(fpclassify.o)
    0x00000d68   0x00000c38   Code   RO         1418    i.__hardfp_pow      m_wm.l(pow.o)
    0x000019a0   0x000000f8   Code   RO         1472    i.__kernel_poly     m_wm.l(poly.o)
    0x00001a98   0x00000030   Code   RO         1450    i.__mathlib_dbl_divzero  m_wm.l(dunder.o)
    0x00001ac8   0x00000014   Code   RO         1452    i.__mathlib_dbl_infnan2  m_wm.l(dunder.o)
    0x00001adc   0x00000004   PAD
    0x00001ae0   0x00000020   Code   RO         1453    i.__mathlib_dbl_invalid  m_wm.l(dunder.o)
    0x00001b00   0x00000020   Code   RO         1454    i.__mathlib_dbl_overflow  m_wm.l(dunder.o)
    0x00001b20   0x00000020   Code   RO         1456    i.__mathlib_dbl_underflow  m_wm.l(dunder.o)
    0x00001b40   0x0000001c   Code   RO           69    i.delay_ms          my_delay.o
    0x00001b5c   0x00000020   Code   RO           70    i.delay_us          my_delay.o
    0x00001b7c   0x00000018   Code   RO         1466    i.fabs              m_wm.l(fabs.o)
    0x00001b94   0x0000003c   Code   RO            1    i.main              main.o
    0x00001bd0   0x0000006e   Code   RO         1477    i.sqrt              m_wm.l(sqrt.o)
    0x00001c3e   0x00000018   Code   RO         1435    x$fpl$basic         fz_wm.l(basic.o)
    0x00001c56   0x00000002   PAD
    0x00001c58   0x00000150   Code   RO         1400    x$fpl$dadd          fz_wm.l(daddsub_clz.o)
    0x00001da8   0x00000010   Code   RO         1507    x$fpl$dcheck1       fz_wm.l(dcheck1.o)
    0x00001db8   0x00000018   Code   RO         1526    x$fpl$dcmpinf       fz_wm.l(dcmpi.o)
    0x00001dd0   0x000002b0   Code   RO         1438    x$fpl$ddiv          fz_wm.l(ddiv.o)
    0x00002080   0x0000005a   Code   RO         1406    x$fpl$dfixu         fz_wm.l(dfixu.o)
    0x000020da   0x0000002e   Code   RO         1411    x$fpl$dflt          fz_wm.l(dflt_clz.o)
    0x00002108   0x00000026   Code   RO         1410    x$fpl$dfltu         fz_wm.l(dflt_clz.o)
    0x0000212e   0x00000002   PAD
    0x00002130   0x00000078   Code   RO         1509    x$fpl$dleqf         fz_wm.l(dleqf.o)
    0x000021a8   0x00000154   Code   RO         1416    x$fpl$dmul          fz_wm.l(dmul.o)
    0x000022fc   0x0000009c   Code   RO         1441    x$fpl$dnaninf       fz_wm.l(dnaninf.o)
    0x00002398   0x0000000c   Code   RO         1443    x$fpl$dretinf       fz_wm.l(dretinf.o)
    0x000023a4   0x0000006c   Code   RO         1445    x$fpl$drleqf        fz_wm.l(drleqf.o)
    0x00002410   0x00000016   Code   RO         1401    x$fpl$drsb          fz_wm.l(daddsub_clz.o)
    0x00002426   0x00000002   PAD
    0x00002428   0x00000198   Code   RO         1511    x$fpl$dsqrt         fz_wm.l(dsqrt_umaal.o)
    0x000025c0   0x000001d4   Code   RO         1402    x$fpl$dsub          fz_wm.l(daddsub_clz.o)
    0x00002794   0x0000000a   Code   RO         1588    x$fpl$fpinit        fz_wm.l(fpinit.o)
    0x0000279e   0x00000064   Code   RO         1528    x$fpl$retnan        fz_wm.l(retnan.o)
    0x00002802   0x0000005c   Code   RO         1447    x$fpl$scalbn        fz_wm.l(scalbn.o)
    0x0000285e   0x00000030   Code   RO         1577    x$fpl$trapveneer    fz_wm.l(trapv.o)
    0x0000288e   0x00000000   Code   RO         1449    x$fpl$usenofp       fz_wm.l(usenofp.o)
    0x0000288e   0x00000002   PAD
    0x00002890   0x0000010c   Data   RO          699    .constdata          driverlib.lib(interrupt.o)
    0x0000299c   0x000001c4   Data   RO          853    .constdata          driverlib.lib(sysctl.o)
    0x00002b60   0x00000088   Data   RO         1421    .constdata          m_wm.l(pow.o)
    0x00002be8   0x00000008   Data   RO         1474    .constdata          m_wm.l(qnan.o)
    0x00002bf0   0x00000020   Data   RO         1655    Region$$Table       anon$$obj.o


    Execution Region RW_IRAM1 (Base: 0x20000000, Size: 0x00000168, Max: 0x00008000, ABSOLUTE)

    Base Addr    Size         Type   Attr      Idx    E Section Name        Object

    0x20000000   0x00000001   Data   RW          155    .data               my_interrupt.o
    0x20000001   0x00000003   PAD
    0x20000004   0x00000060   Zero   RW         1514    .bss                c_w.l(libspace.o)
    0x20000064   0x00000004   PAD
    0x20000068   0x00000000   Zero   RW          342    HEAP                startup_rvmdk.o
    0x20000068   0x00000100   Zero   RW          341    STACK               startup_rvmdk.o


==============================================================================

Image component sizes


      Code (inc. data)   RO Data    RW Data    ZI Data      Debug   Object Name

        60         16          0          0          0       4987   main.o
        60          6          0          0          0       1702   my_delay.o
        64         18          0          0          0       1206   my_gpio.o
       132         28          0          1          0       1102   my_interrupt.o
       336         10          0          0          0       1963   my_lcd.o
       416         30          0          0          0       5060   my_lcd12864.o
        16          6          0          0          0        484   my_system.o
       672        636          0          0        256        580   startup_rvmdk.o

    ----------------------------------------------------------------------
      1758        750         32          4        256      17084   Object Totals
         0          0         32          0          0          0   (incl. Generated)
         2          0          0          3          0          0   (incl. Padding)

    ----------------------------------------------------------------------

      Code (inc. data)   RO Data    RW Data    ZI Data      Debug   Library Member Name

         8          0          0          0          0         68   __main.o
         0          0          0          0          0          0   __rtentry.o
        12          0          0          0          0          0   __rtentry2.o
         6          0          0          0          0          0   __rtentry4.o
        52          8          0          0          0          0   __scatter.o
        26          0          0          0          0          0   __scatter_copy.o
        28          0          0          0          0          0   __scatter_zi.o
        22          0          0          0          0        100   _rserrno.o
        12          0          0          0          0         72   exit.o
         6          0          0          0          0        152   heapauxi.o
         0          0          0          0          0          0   indicate_semi.o
         2          0          0          0          0          0   libinit.o
         6          0          0          0          0          0   libinit2.o
         2          0          0          0          0          0   libshutdown.o
         2          0          0          0          0          0   libshutdown2.o
         8          4          0          0         96         68   libspace.o
         8          4          0          0          0         68   rt_errno_addr_intlibspace.o
        78          0          0          0          0         80   rt_memclr_w.o
         2          0          0          0          0          0   rtexit.o
        10          0          0          0          0          0   rtexit2.o
        12          4          0          0          0         68   sys_exit.o
        74          0          0          0          0         80   sys_stackheap_outer.o
         2          0          0          0          0         68   use_no_semi.o
        38          0          0          0          0        540   cpu.o
       388          0          0          0          0       5151   gpio.o
       114          8        268          0          0       1942   interrupt.o
       674         58        452          0          0       4175   sysctl.o
       140          8          0          0          0       2455   timer.o
        24          0          0          0          0        164   basic.o
       826         16          0          0          0        492   daddsub_clz.o
        16          4          0          0          0        116   dcheck1.o
        24          0          0          0          0        116   dcmpi.o
       688        140          0          0          0        256   ddiv.o
        90          4          0          0          0        140   dfixu.o
        84          0          0          0          0        232   dflt_clz.o
       120          4          0          0          0        140   dleqf.o
       340         12          0          0          0        152   dmul.o
       156          4          0          0          0        140   dnaninf.o
        12          0          0          0          0        116   dretinf.o
       108          0          0          0          0        128   drleqf.o
       408         56          0          0          0        168   dsqrt_umaal.o
        10          0          0          0          0        116   fpinit.o
       100          0          0          0          0        116   retnan.o
        92          0          0          0          0        116   scalbn.o
        48          0          0          0          0        116   trapv.o
         0          0          0          0          0          0   usenofp.o
       164         44          0          0          0        620   dunder.o
        24          0          0          0          0        124   fabs.o
        48          0          0          0          0        124   fpclassify.o
       248          0          0          0          0        152   poly.o
      3128        302        136          0          0        356   pow.o
         0          0          8          0          0          0   qnan.o
       110          0          0          0          0        148   sqrt.o

    ----------------------------------------------------------------------
      8626        680        864          0        100      19435   Library Totals
        26          0          0          0          4          0   (incl. Padding)

    ----------------------------------------------------------------------

      Code (inc. data)   RO Data    RW Data    ZI Data      Debug   Library Name

       378         20          0          0         96        824   c_w.l
      1354         74        720          0          0      14263   driverlib.lib
      3146        240          0          0          0       2824   fz_wm.l
      3722        346        144          0          0       1524   m_wm.l

    ----------------------------------------------------------------------
      8626        680        864          0        100      19435   Library Totals

    ----------------------------------------------------------------------

==============================================================================


      Code (inc. data)   RO Data    RW Data    ZI Data      Debug   

     10384       1430        896          4        356      30807   Grand Totals
     10384       1430        896          4        356      30807   ELF Image Totals
     10384       1430        896          4          0          0   ROM Totals

==============================================================================

    Total RO  Size (Code + RO Data)                11280 (  11.02kB)
    Total RW  Size (RW Data + ZI Data)               360 (   0.35kB)
    Total ROM Size (Code + RO Data + RW Data)      11284 (  11.02kB)

==============================================================================

