Component: ARM Compiler 5.05 update 2 (build 169) Tool: armlink [4d0f33]

==============================================================================

Section Cross References

    main.o(i.main) refers to rt_memclr_w.o(.text) for __aeabi_memclr4
    main.o(i.main) refers to my_system.o(i.System_Init) for System_Init
    main.o(i.main) refers to my_gpio.o(i.GPIO_Init) for GPIO_Init
    main.o(i.main) refers to my_timer.o(i.Timer0A_Init) for Timer0A_Init
    main.o(i.main) refers to my_lcd12864.o(i.LCD12864_Init) for LCD12864_Init
    main.o(i.main) refers to my_key.o(i.Key_Init) for Key_Init
    main.o(i.main) refers to my_lcd.o(i.LCD_Num) for LCD_Num
    main.o(i.main) refers to my_interrupt.o(.data) for _temp
    my_delay.o(i.delay_ms) refers to sysctl.o(i.SysCtlClockGet) for SysCtlClockGet
    my_delay.o(i.delay_ms) refers to sysctl.o(.emb_text) for SysCtlDelay
    my_delay.o(i.delay_us) refers to sysctl.o(i.SysCtlClockGet) for SysCtlClockGet
    my_delay.o(i.delay_us) refers to sysctl.o(.emb_text) for SysCtlDelay
    my_system.o(i.System_Init) refers to sysctl.o(i.SysCtlClockSet) for SysCtlClockSet
    my_gpio.o(i.GPIO_Init) refers to sysctl.o(i.SysCtlPeripheralEnable) for SysCtlPeripheralEnable
    my_gpio.o(i.GPIO_Init) refers to gpio.o(i.GPIOPinTypeGPIOOutput) for GPIOPinTypeGPIOOutput
    my_gpio.o(i.GPIO_Init) refers to gpio.o(i.GPIOPinWrite) for GPIOPinWrite
    my_interrupt.o(i.GPIOB_IntHandler) refers to gpio.o(i.GPIOPinRead) for GPIOPinRead
    my_interrupt.o(i.GPIOB_IntHandler) refers to gpio.o(i.GPIOIntClear) for GPIOIntClear
    my_interrupt.o(i.GPIOB_IntHandler) refers to my_interrupt.o(.data) for _bit
    my_interrupt.o(i.GPIOB_IntHandler) refers to my_key.o(.data) for g_keyboard
    my_interrupt.o(i.Timer0A_IntHandler) refers to timer.o(i.TimerIntClear) for TimerIntClear
    my_interrupt.o(i.Timer0A_IntHandler) refers to gpio.o(i.GPIOPinWrite) for GPIOPinWrite
    my_interrupt.o(i.Timer0A_IntHandler) refers to my_interrupt.o(.data) for LED_SW
    my_timer.o(i.Timer0A_Init) refers to sysctl.o(i.SysCtlPeripheralEnable) for SysCtlPeripheralEnable
    my_timer.o(i.Timer0A_Init) refers to timer.o(i.TimerConfigure) for TimerConfigure
    my_timer.o(i.Timer0A_Init) refers to timer.o(i.TimerLoadSet) for TimerLoadSet
    my_timer.o(i.Timer0A_Init) refers to interrupt.o(i.IntEnable) for IntEnable
    my_timer.o(i.Timer0A_Init) refers to timer.o(i.TimerIntEnable) for TimerIntEnable
    my_timer.o(i.Timer0A_Init) refers to interrupt.o(i.IntMasterEnable) for IntMasterEnable
    my_timer.o(i.Timer0A_Init) refers to timer.o(i.TimerEnable) for TimerEnable
    my_lcd12864.o(i.Display_Str) refers to my_lcd12864.o(i.LCD_Pos) for LCD_Pos
    my_lcd12864.o(i.Display_Str) refers to my_lcd12864.o(i.Lcd_Write_Data) for Lcd_Write_Data
    my_lcd12864.o(i.Init_LCD12864s) refers to sysctl.o(i.SysCtlPeripheralEnable) for SysCtlPeripheralEnable
    my_lcd12864.o(i.Init_LCD12864s) refers to gpio.o(i.GPIOPinTypeGPIOOutput) for GPIOPinTypeGPIOOutput
    my_lcd12864.o(i.Init_LCD12864s) refers to sysctl.o(.emb_text) for SysCtlDelay
    my_lcd12864.o(i.Init_LCD12864s) refers to my_lcd12864.o(i.WriteCmd_LCD12864s) for WriteCmd_LCD12864s
    my_lcd12864.o(i.LCD12864_Init) refers to sysctl.o(i.SysCtlPeripheralEnable) for SysCtlPeripheralEnable
    my_lcd12864.o(i.LCD12864_Init) refers to gpio.o(i.GPIOPinTypeGPIOOutput) for GPIOPinTypeGPIOOutput
    my_lcd12864.o(i.LCD12864_Init) refers to my_delay.o(i.delay_us) for delay_us
    my_lcd12864.o(i.LCD12864_Init) refers to my_lcd12864.o(i.Lcd_Write_Cmd) for Lcd_Write_Cmd
    my_lcd12864.o(i.LCD12864_Init) refers to my_delay.o(i.delay_ms) for delay_ms
    my_lcd12864.o(i.LCD_Clear) refers to my_lcd12864.o(i.Lcd_Write_Cmd) for Lcd_Write_Cmd
    my_lcd12864.o(i.LCD_Clear) refers to my_delay.o(i.delay_ms) for delay_ms
    my_lcd12864.o(i.LCD_Clear_Gdrom) refers to my_lcd12864.o(i.Lcd_Write_Cmd) for Lcd_Write_Cmd
    my_lcd12864.o(i.LCD_Clear_Gdrom) refers to my_lcd12864.o(i.Lcd_Write_Data) for Lcd_Write_Data
    my_lcd12864.o(i.LCD_DisplayNum) refers to my_lcd12864.o(i.Display_Str) for Display_Str
    my_lcd12864.o(i.LCD_Display_FloatNum) refers to my_lcd12864.o(i.Display_Str) for Display_Str
    my_lcd12864.o(i.LCD_Display_X) refers to my_lcd12864.o(i.Lcd_Write_Cmd) for Lcd_Write_Cmd
    my_lcd12864.o(i.LCD_Display_X) refers to my_lcd12864.o(i.Lcd_Write_Data) for Lcd_Write_Data
    my_lcd12864.o(i.LCD_Display_Y) refers to my_lcd12864.o(i.Lcd_Write_Cmd) for Lcd_Write_Cmd
    my_lcd12864.o(i.LCD_Display_Y) refers to my_lcd12864.o(i.Lcd_Write_Data) for Lcd_Write_Data
    my_lcd12864.o(i.LCD_Display_line) refers to my_lcd12864.o(i.Lcd_Write_Cmd) for Lcd_Write_Cmd
    my_lcd12864.o(i.LCD_Display_line) refers to my_lcd12864.o(i.Lcd_Write_Data) for Lcd_Write_Data
    my_lcd12864.o(i.LCD_Display_vertical4) refers to my_lcd12864.o(i.Lcd_Write_Cmd) for Lcd_Write_Cmd
    my_lcd12864.o(i.LCD_Display_vertical4) refers to my_lcd12864.o(i.Lcd_Write_Data) for Lcd_Write_Data
[...]
    gpio.o(i.GPIOPinTypeADC) refers to gpio.o(i.GPIOPadConfigSet) for GPIOPadConfigSet
    gpio.o(i.GPIOPinTypeCAN) refers to gpio.o(i.GPIODirModeSet) for GPIODirModeSet
    gpio.o(i.GPIOPinTypeCAN) refers to gpio.o(i.GPIOPadConfigSet) for GPIOPadConfigSet
    gpio.o(i.GPIOPinTypeCIR) refers to gpio.o(i.GPIODirModeSet) for GPIODirModeSet
    gpio.o(i.GPIOPinTypeCIR) refers to gpio.o(i.GPIOPadConfigSet) for GPIOPadConfigSet
    gpio.o(i.GPIOPinTypeComparator) refers to gpio.o(i.GPIODirModeSet) for GPIODirModeSet
    gpio.o(i.GPIOPinTypeComparator) refers to gpio.o(i.GPIOPadConfigSet) for GPIOPadConfigSet
    gpio.o(i.GPIOPinTypeComparatorOutput) refers to gpio.o(i.GPIODirModeSet) for GPIODirModeSet
    gpio.o(i.GPIOPinTypeComparatorOutput) refers to gpio.o(i.GPIOPadConfigSet) for GPIOPadConfigSet
    gpio.o(i.GPIOPinTypeEPI) refers to gpio.o(i.GPIODirModeSet) for GPIODirModeSet
    gpio.o(i.GPIOPinTypeEPI) refers to gpio.o(i.GPIOPadConfigSet) for GPIOPadConfigSet
    gpio.o(i.GPIOPinTypeEthernetLED) refers to gpio.o(i.GPIODirModeSet) for GPIODirModeSet
    gpio.o(i.GPIOPinTypeEthernetLED) refers to gpio.o(i.GPIOPadConfigSet) for GPIOPadConfigSet
    gpio.o(i.GPIOPinTypeEthernetMII) refers to gpio.o(i.GPIODirModeSet) for GPIODirModeSet
    gpio.o(i.GPIOPinTypeEthernetMII) refers to gpio.o(i.GPIOPadConfigSet) for GPIOPadConfigSet
    gpio.o(i.GPIOPinTypeGPIOInput) refers to gpio.o(i.GPIODirModeSet) for GPIODirModeSet
    gpio.o(i.GPIOPinTypeGPIOInput) refers to gpio.o(i.GPIOPadConfigSet) for GPIOPadConfigSet
    gpio.o(i.GPIOPinTypeGPIOOutput) refers to gpio.o(i.GPIOPadConfigSet) for GPIOPadConfigSet
    gpio.o(i.GPIOPinTypeGPIOOutput) refers to gpio.o(i.GPIODirModeSet) for GPIODirModeSet
    gpio.o(i.GPIOPinTypeGPIOOutputOD) refers to gpio.o(i.GPIOPadConfigSet) for GPIOPadConfigSet
    gpio.o(i.GPIOPinTypeGPIOOutputOD) refers to gpio.o(i.GPIODirModeSet) for GPIODirModeSet
    gpio.o(i.GPIOPinTypeI2C) refers to gpio.o(i.GPIODirModeSet) for GPIODirModeSet
    gpio.o(i.GPIOPinTypeI2C) refers to gpio.o(i.GPIOPadConfigSet) for GPIOPadConfigSet
    gpio.o(i.GPIOPinTypeI2CSCL) refers to gpio.o(i.GPIODirModeSet) for GPIODirModeSet
    gpio.o(i.GPIOPinTypeI2CSCL) refers to gpio.o(i.GPIOPadConfigSet) for GPIOPadConfigSet
    gpio.o(i.GPIOPinTypeKBColumn) refers to gpio.o(i.GPIODirModeSet) for GPIODirModeSet
    gpio.o(i.GPIOPinTypeKBColumn) refers to gpio.o(i.GPIOPadConfigSet) for GPIOPadConfigSet
    gpio.o(i.GPIOPinTypeKBRow) refers to gpio.o(i.GPIODirModeSet) for GPIODirModeSet
    gpio.o(i.GPIOPinTypeKBRow) refers to gpio.o(i.GPIOPadConfigSet) for GPIOPadConfigSet
    gpio.o(i.GPIOPinTypeLCD) refers to gpio.o(i.GPIODirModeSet) for GPIODirModeSet
    gpio.o(i.GPIOPinTypeLCD) refers to gpio.o(i.GPIOPadConfigSet) for GPIOPadConfigSet
    gpio.o(i.GPIOPinTypeLEDSeq) refers to gpio.o(i.GPIODirModeSet) for GPIODirModeSet
    gpio.o(i.GPIOPinTypeLEDSeq) refers to gpio.o(i.GPIOPadConfigSet) for GPIOPadConfigSet
    gpio.o(i.GPIOPinTypeLPC) refers to gpio.o(i.GPIODirModeSet) for GPIODirModeSet
    gpio.o(i.GPIOPinTypeLPC) refers to gpio.o(i.GPIOPadConfigSet) for GPIOPadConfigSet
    gpio.o(i.GPIOPinTypePECIRx) refers to gpio.o(i.GPIODirModeSet) for GPIODirModeSet
    gpio.o(i.GPIOPinTypePECIRx) refers to gpio.o(i.GPIOPadConfigSet) for GPIOPadConfigSet
    gpio.o(i.GPIOPinTypePECITx) refers to gpio.o(i.GPIODirModeSet) for GPIODirModeSet
    gpio.o(i.GPIOPinTypePECITx) refers to gpio.o(i.GPIOPadConfigSet) for GPIOPadConfigSet
    gpio.o(i.GPIOPinTypePWM) refers to gpio.o(i.GPIODirModeSet) for GPIODirModeSet
    gpio.o(i.GPIOPinTypePWM) refers to gpio.o(i.GPIOPadConfigSet) for GPIOPadConfigSet
    gpio.o(i.GPIOPinTypeQEI) refers to gpio.o(i.GPIODirModeSet) for GPIODirModeSet
    gpio.o(i.GPIOPinTypeQEI) refers to gpio.o(i.GPIOPadConfigSet) for GPIOPadConfigSet
    gpio.o(i.GPIOPinTypeSSI) refers to gpio.o(i.GPIODirModeSet) for GPIODirModeSet
    gpio.o(i.GPIOPinTypeSSI) refers to gpio.o(i.GPIOPadConfigSet) for GPIOPadConfigSet
    gpio.o(i.GPIOPinTypeTimer) refers to gpio.o(i.GPIODirModeSet) for GPIODirModeSet
    gpio.o(i.GPIOPinTypeTimer) refers to gpio.o(i.GPIOPadConfigSet) for GPIOPadConfigSet
    gpio.o(i.GPIOPinTypeUART) refers to gpio.o(i.GPIODirModeSet) for GPIODirModeSet
    gpio.o(i.GPIOPinTypeUART) refers to gpio.o(i.GPIOPadConfigSet) for GPIOPadConfigSet
    gpio.o(i.GPIOPinTypeUSBAnalog) refers to gpio.o(i.GPIODirModeSet) for GPIODirModeSet
    gpio.o(i.GPIOPinTypeUSBAnalog) refers to gpio.o(i.GPIOPadConfigSet) for GPIOPadConfigSet
    gpio.o(i.GPIOPinTypeUSBDigital) refers to gpio.o(i.GPIODirModeSet) for GPIODirModeSet
    gpio.o(i.GPIOPinTypeUSBDigital) refers to gpio.o(i.GPIOPadConfigSet) for GPIOPadConfigSet
    gpio.o(i.GPIOPinTypeWakeHigh) refers to gpio.o(i.GPIODirModeSet) for GPIODirModeSet
    gpio.o(i.GPIOPinTypeWakeHigh) refers to gpio.o(i.GPIOPadConfigSet) for GPIOPadConfigSet
    gpio.o(i.GPIOPinTypeWakeLow) refers to gpio.o(i.GPIODirModeSet) for GPIODirModeSet
    gpio.o(i.GPIOPinTypeWakeLow) refers to gpio.o(i.GPIOPadConfigSet) for GPIOPadConfigSet
    gpio.o(i._GPIOIntNumberGet) refers to gpio.o(.constdata) for g_ppui32GPIOIntMapBlizzard
    interrupt.o(i.IntDisable) refers to interrupt.o(.constdata) for g_pui32Dii16Regs
    interrupt.o(i.IntEnable) refers to interrupt.o(.constdata) for g_pui32EnRegs
    interrupt.o(i.IntIsEnabled) refers to interrupt.o(.constdata) for g_pui32EnRegs
    interrupt.o(i.IntMasterDisable) refers to cpu.o(.emb_text) for CPUcpsid
    interrupt.o(i.IntMasterEnable) refers to cpu.o(.emb_text) for CPUcpsie
    interrupt.o(i.IntPendClear) refers to interrupt.o(.constdata) for g_pui32UnpendRegs
    interrupt.o(i.IntPendSet) refers to interrupt.o(.constdata) for g_pui32PendRegs
    interrupt.o(i.IntPriorityGet) refers to interrupt.o(.constdata) for g_pui32Regs
    interrupt.o(i.IntPriorityGroupingGet) refers to interrupt.o(.constdata) for g_pui32Priority
    interrupt.o(i.IntPriorityGroupingSet) refers to interrupt.o(.constdata) for g_pui32Priority
    interrupt.o(i.IntPriorityMaskGet) refers to cpu.o(.emb_text) for CPUbasepriGet
    interrupt.o(i.IntPriorityMaskSet) refers to cpu.o(.emb_text) for CPUbasepriSet
    interrupt.o(i.IntPrioritySet) refers to interrupt.o(.constdata) for g_pui32Regs
    interrupt.o(i.IntRegister) refers to interrupt.o(vtable) for g_pfnRAMVectors
    interrupt.o(i.IntUnregister) refers to interrupt.o(i._IntDefaultHandler) for _IntDefaultHandler
    interrupt.o(i.IntUnregister) refers to interrupt.o(vtable) for g_pfnRAMVectors
    timer.o(i.TimerIntRegister) refers to timer.o(i._TimerIntNumberGet) for _TimerIntNumberGet
    timer.o(i.TimerIntRegister) refers to interrupt.o(i.IntRegister) for IntRegister
    timer.o(i.TimerIntRegister) refers to interrupt.o(i.IntEnable) for IntEnable
    timer.o(i.TimerIntUnregister) refers to timer.o(i._TimerIntNumberGet) for _TimerIntNumberGet
    timer.o(i.TimerIntUnregister) refers to interrupt.o(i.IntDisable) for IntDisable
    timer.o(i.TimerIntUnregister) refers to interrupt.o(i.IntUnregister) for IntUnregister
    timer.o(i._TimerIntNumberGet) refers to timer.o(.constdata) for g_ppui32TimerIntMap
    startup_rvmdk.o(STACK) refers (Special) to heapauxi.o(.text) for __use_two_region_memory
    startup_rvmdk.o(HEAP) refers (Special) to heapauxi.o(.text) for __use_two_region_memory
    startup_rvmdk.o(RESET) refers (Special) to heapauxi.o(.text) for __use_two_region_memory
    startup_rvmdk.o(RESET) refers to startup_rvmdk.o(STACK) for StackMem
    startup_rvmdk.o(RESET) refers to my_interrupt.o(i.GPIOB_IntHandler) for GPIOB_IntHandler
    startup_rvmdk.o(RESET) refers to my_interrupt.o(i.Timer0A_IntHandler) for Timer0A_IntHandler
    startup_rvmdk.o(RESET) refers to __main.o(!!!main) for __main
    startup_rvmdk.o(.text) refers (Special) to heapauxi.o(.text) for __use_two_region_memory
    startup_rvmdk.o(.text) refers to startup_rvmdk.o(HEAP) for HeapMem
    startup_rvmdk.o(.text) refers to startup_rvmdk.o(STACK) for StackMem
    sysctl.o(i.SysCtlClockFreqSet) refers to sysctl.o(.constdata) for .constdata
    sysctl.o(i.SysCtlClockGet) refers to sysctl.o(.constdata) for .constdata
    sysctl.o(i.SysCtlClockSet) refers to sysctl.o(.emb_text) for SysCtlDelay
    sysctl.o(i.SysCtlDeepSleep) refers to cpu.o(.emb_text) for CPUwfi
    sysctl.o(i.SysCtlIntRegister) refers to interrupt.o(i.IntRegister) for IntRegister
    sysctl.o(i.SysCtlIntRegister) refers to interrupt.o(i.IntEnable) for IntEnable
    sysctl.o(i.SysCtlIntUnregister) refers to interrupt.o(i.IntDisable) for IntDisable
    sysctl.o(i.SysCtlIntUnregister) refers to interrupt.o(i.IntUnregister) for IntUnregister
    sysctl.o(i.SysCtlSleep) refers to cpu.o(.emb_text) for CPUwfi
    __main.o(!!!main) refers to __rtentry.o(.ARM.Collect$$rtentry$$00000000) for __rt_entry
    daddsub_clz.o(x$fpl$dadd) refers (Special) to usenofp.o(x$fpl$usenofp) for __I$use$fp
    daddsub_clz.o(x$fpl$dadd) refers to daddsub_clz.o(x$fpl$dsub) for _dsub1
    daddsub_clz.o(x$fpl$dadd) refers to dretinf.o(x$fpl$dretinf) for __fpl_dretinf
    daddsub_clz.o(x$fpl$dadd) refers to dnaninf.o(x$fpl$dnaninf) for __fpl_dnaninf
    daddsub_clz.o(x$fpl$drsb) refers (Special) to usenofp.o(x$fpl$usenofp) for __I$use$fp
    daddsub_clz.o(x$fpl$drsb) refers to daddsub_clz.o(x$fpl$dadd) for _dadd1
    daddsub_clz.o(x$fpl$drsb) refers to daddsub_clz.o(x$fpl$dsub) for _dsub1
    daddsub_clz.o(x$fpl$dsub) refers (Special) to usenofp.o(x$fpl$usenofp) for __I$use$fp
    daddsub_clz.o(x$fpl$dsub) refers to daddsub_clz.o(x$fpl$dadd) for _dadd1
    daddsub_clz.o(x$fpl$dsub) refers to dnaninf.o(x$fpl$dnaninf) for __fpl_dnaninf
    dfixu.o(x$fpl$dfixu) refers (Special) to usenofp.o(x$fpl$usenofp) for __I$use$fp
    dfixu.o(x$fpl$dfixu) refers to dnaninf.o(x$fpl$dnaninf) for __fpl_dnaninf
    dfixu.o(x$fpl$dfixur) refers (Special) to usenofp.o(x$fpl$usenofp) for __I$use$fp
    dfixu.o(x$fpl$dfixur) refers to dnaninf.o(x$fpl$dnaninf) for __fpl_dnaninf
    dflt_clz.o(x$fpl$dfltu) refers (Special) to usenofp.o(x$fpl$usenofp) for __I$use$fp
    dflt_clz.o(x$fpl$dflt) refers (Special) to usenofp.o(x$fpl$usenofp) for __I$use$fp
    dflt_clz.o(x$fpl$dfltn) refers (Special) to usenofp.o(x$fpl$usenofp) for __I$use$fp
    dmul.o(x$fpl$dmul) refers (Special) to usenofp.o(x$fpl$usenofp) for __I$use$fp
    dmul.o(x$fpl$dmul) refers to dretinf.o(x$fpl$dretinf) for __fpl_dretinf
    dmul.o(x$fpl$dmul) refers to dnaninf.o(x$fpl$dnaninf) for __fpl_dnaninf
    pow.o(i.__hardfp_pow) refers (Special) to usenofp.o(x$fpl$usenofp) for __I$use$fp
    pow.o(i.__hardfp_pow) refers to dunder.o(i.__mathlib_dbl_infnan2) for __mathlib_dbl_infnan2
    pow.o(i.__hardfp_pow) refers to _rserrno.o(.text) for __set_errno
    pow.o(i.__hardfp_pow) refers to dunder.o(i.__mathlib_dbl_divzero) for __mathlib_dbl_divzero
    pow.o(i.__hardfp_pow) refers to basic.o(x$fpl$basic) for __aeabi_dneg
    pow.o(i.__hardfp_pow) refers to dunder.o(i.__mathlib_dbl_overflow) for __mathlib_dbl_overflow
    pow.o(i.__hardfp_pow) refers to ddiv.o(x$fpl$ddiv) for __aeabi_ddiv
    pow.o(i.__hardfp_pow) refers to sqrt.o(i.sqrt) for sqrt
    pow.o(i.__hardfp_pow) refers to fabs.o(i.fabs) for fabs
    pow.o(i.__hardfp_pow) refers to dunder.o(i.__mathlib_dbl_invalid) for __mathlib_dbl_invalid
    pow.o(i.__hardfp_pow) refers to dunder.o(i.__mathlib_dbl_underflow) for __mathlib_dbl_underflow
    pow.o(i.__hardfp_pow) refers to daddsub_clz.o(x$fpl$dsub) for __aeabi_dsub
    pow.o(i.__hardfp_pow) refers to dmul.o(x$fpl$dmul) for __aeabi_dmul
    pow.o(i.__hardfp_pow) refers to daddsub_clz.o(x$fpl$drsb) for __aeabi_drsub
    pow.o(i.__hardfp_pow) refers to qnan.o(.constdata) for __mathlib_zero
    pow.o(i.__hardfp_pow) refers to daddsub_clz.o(x$fpl$dadd) for __aeabi_dadd
    pow.o(i.__hardfp_pow) refers to poly.o(i.__kernel_poly) for __kernel_poly
    pow.o(i.__hardfp_pow) refers to dflt_clz.o(x$fpl$dflt) for __aeabi_i2d
    pow.o(i.__hardfp_pow) refers to pow.o(.constdata) for .constdata
    pow.o(i.__hardfp_pow) refers to drleqf.o(x$fpl$drleqf) for __aeabi_cdrcmple
    pow.o(i.__hardfp_pow) refers to scalbn.o(x$fpl$scalbn) for __ARM_scalbn
    pow.o(i.__hardfp_pow) refers to fpclassify.o(i.__ARM_fpclassify) for __ARM_fpclassify
    pow.o(i.__softfp_pow) refers (Special) to usenofp.o(x$fpl$usenofp) for __I$use$fp
    pow.o(i.__softfp_pow) refers to pow.o(i.__hardfp_pow) for __hardfp_pow
    pow.o(i.pow) refers (Special) to usenofp.o(x$fpl$usenofp) for __I$use$fp
    pow.o(i.pow) refers to pow.o(i.__hardfp_pow) for __hardfp_pow
    pow.o(.constdata) refers (Special) to usenofp.o(x$fpl$usenofp) for __I$use$fp
    pow_x.o(i.____hardfp_pow$lsc) refers (Special) to usenofp.o(x$fpl$usenofp) for __I$use$fp
    pow_x.o(i.____hardfp_pow$lsc) refers to dunder.o(i.__mathlib_dbl_infnan2) for __mathlib_dbl_infnan2
    pow_x.o(i.____hardfp_pow$lsc) refers to _rserrno.o(.text) for __set_errno
    pow_x.o(i.____hardfp_pow$lsc) refers to basic.o(x$fpl$basic) for __aeabi_dneg
    pow_x.o(i.____hardfp_pow$lsc) refers to ddiv.o(x$fpl$ddiv) for __aeabi_ddiv
    pow_x.o(i.____hardfp_pow$lsc) refers to sqrt.o(i.sqrt) for sqrt
    pow_x.o(i.____hardfp_pow$lsc) refers to fabs.o(i.fabs) for fabs
    pow_x.o(i.____hardfp_pow$lsc) refers to dflt_clz.o(x$fpl$dflt) for __aeabi_i2d
    pow_x.o(i.____hardfp_pow$lsc) refers to daddsub_clz.o(x$fpl$dsub) for __aeabi_dsub
    pow_x.o(i.____hardfp_pow$lsc) refers to dmul.o(x$fpl$dmul) for __aeabi_dmul
    pow_x.o(i.____hardfp_pow$lsc) refers to daddsub_clz.o(x$fpl$drsb) for __aeabi_drsub
    pow_x.o(i.____hardfp_pow$lsc) refers to qnan.o(.constdata) for __mathlib_zero
    pow_x.o(i.____hardfp_pow$lsc) refers to daddsub_clz.o(x$fpl$dadd) for __aeabi_dadd
    pow_x.o(i.____hardfp_pow$lsc) refers to poly.o(i.__kernel_poly) for __kernel_poly
    pow_x.o(i.____hardfp_pow$lsc) refers to pow_x.o(.constdata) for .constdata
    pow_x.o(i.____hardfp_pow$lsc) refers to drleqf.o(x$fpl$drleqf) for __aeabi_cdrcmple
    pow_x.o(i.____hardfp_pow$lsc) refers to scalbn.o(x$fpl$scalbn) for __ARM_scalbn
    pow_x.o(i.____softfp_pow$lsc) refers (Special) to usenofp.o(x$fpl$usenofp) for __I$use$fp
    pow_x.o(i.____softfp_pow$lsc) refers to pow_x.o(i.____hardfp_pow$lsc) for ____hardfp_pow$lsc
    pow_x.o(i.__pow$lsc) refers (Special) to usenofp.o(x$fpl$usenofp) for __I$use$fp
    pow_x.o(i.__pow$lsc) refers to pow_x.o(i.____hardfp_pow$lsc) for ____hardfp_pow$lsc
    pow_x.o(.constdata) refers (Special) to usenofp.o(x$fpl$usenofp) for __I$use$fp
    __rtentry.o(.ARM.Collect$$rtentry$$00000000) refers (Special) to __rtentry2.o(.ARM.Collect$$rtentry$$0000000A) for __rt_entry_li
    __rtentry.o(.ARM.Collect$$rtentry$$00000000) refers (Special) to __rtentry2.o(.ARM.Collect$$rtentry$$0000000D) for __rt_entry_main
    __rtentry.o(.ARM.Collect$$rtentry$$00000000) refers (Special) to __rtentry2.o(.ARM.Collect$$rtentry$$0000000C) for __rt_entry_postli_1
    __rtentry.o(.ARM.Collect$$rtentry$$00000000) refers (Special) to __rtentry2.o(.ARM.Collect$$rtentry$$00000009) for __rt_entry_postsh_1
    __rtentry.o(.ARM.Collect$$rtentry$$00000000) refers (Special) to __rtentry2.o(.ARM.Collect$$rtentry$$00000002) for __rt_entry_presh_1
    __rtentry.o(.ARM.Collect$$rtentry$$00000000) refers (Special) to __rtentry4.o(.ARM.Collect$$rtentry$$00000004) for __rt_entry_sh
    _rserrno.o(.text) refers to rt_errno_addr_intlibspace.o(.text) for __aeabi_errno_addr
    basic.o(x$fpl$basic) refers (Special) to usenofp.o(x$fpl$usenofp) for __I$use$fp
    ddiv.o(x$fpl$drdiv) refers (Special) to usenofp.o(x$fpl$usenofp) for __I$use$fp
    ddiv.o(x$fpl$drdiv) refers to ddiv.o(x$fpl$ddiv) for ddiv_entry
    ddiv.o(x$fpl$ddiv) refers (Special) to usenofp.o(x$fpl$usenofp) for __I$use$fp
    ddiv.o(x$fpl$ddiv) refers to dretinf.o(x$fpl$dretinf) for __fpl_dretinf
    ddiv.o(x$fpl$ddiv) refers to dnaninf.o(x$fpl$dnaninf) for __fpl_dnaninf
    dnaninf.o(x$fpl$dnaninf) refers (Special) to usenofp.o(x$fpl$usenofp) for __I$use$fp
    dretinf.o(x$fpl$dretinf) refers (Special) to usenofp.o(x$fpl$usenofp) for __I$use$fp
    drleqf.o(x$fpl$drleqf) refers (Special) to usenofp.o(x$fpl$usenofp) for __I$use$fp
    drleqf.o(x$fpl$drleqf) refers to dleqf.o(x$fpl$dleqf) for __fpl_dcmple_InfNaN
    scalbn.o(x$fpl$scalbn) refers (Special) to usenofp.o(x$fpl$usenofp) for __I$use$fp
    scalbn.o(x$fpl$scalbn) refers to dcheck1.o(x$fpl$dcheck1) for __fpl_dcheck_NaN1
    dunder.o(i.__mathlib_dbl_divzero) refers to ddiv.o(x$fpl$ddiv) for __aeabi_ddiv
    dunder.o(i.__mathlib_dbl_infnan) refers to daddsub_clz.o(x$fpl$dadd) for __aeabi_dadd
    dunder.o(i.__mathlib_dbl_infnan2) refers to daddsub_clz.o(x$fpl$dadd) for __aeabi_dadd
    dunder.o(i.__mathlib_dbl_invalid) refers to ddiv.o(x$fpl$ddiv) for __aeabi_ddiv
    dunder.o(i.__mathlib_dbl_overflow) refers to dmul.o(x$fpl$dmul) for __aeabi_dmul
    dunder.o(i.__mathlib_dbl_posinfnan) refers to dmul.o(x$fpl$dmul) for __aeabi_dmul
    dunder.o(i.__mathlib_dbl_underflow) refers to dmul.o(x$fpl$dmul) for __aeabi_dmul
    fabs.o(i.__hardfp_fabs) refers (Special) to usenofp.o(x$fpl$usenofp) for __I$use$fp
    fabs.o(i.__softfp_fabs) refers (Special) to usenofp.o(x$fpl$usenofp) for __I$use$fp
    fabs.o(i.fabs) refers (Special) to usenofp.o(x$fpl$usenofp) for __I$use$fp
    fpclassify.o(i.__ARM_fpclassify) refers (Special) to usenofp.o(x$fpl$usenofp) for __I$use$fp
    poly.o(i.__kernel_poly) refers (Special) to usenofp.o(x$fpl$usenofp) for __I$use$fp
    poly.o(i.__kernel_poly) refers to dmul.o(x$fpl$dmul) for __aeabi_dmul
    poly.o(i.__kernel_poly) refers to daddsub_clz.o(x$fpl$dadd) for __aeabi_dadd
    qnan.o(.constdata) refers (Special) to usenofp.o(x$fpl$usenofp) for __I$use$fp
    sqrt.o(i.__hardfp_sqrt) refers (Special) to usenofp.o(x$fpl$usenofp) for __I$use$fp
    sqrt.o(i.__hardfp_sqrt) refers to dsqrt_umaal.o(x$fpl$dsqrt) for _dsqrt
    sqrt.o(i.__hardfp_sqrt) refers to _rserrno.o(.text) for __set_errno
    sqrt.o(i.__softfp_sqrt) refers (Special) to usenofp.o(x$fpl$usenofp) for __I$use$fp
    sqrt.o(i.__softfp_sqrt) refers to dsqrt_umaal.o(x$fpl$dsqrt) for _dsqrt
    sqrt.o(i.__softfp_sqrt) refers to _rserrno.o(.text) for __set_errno
    sqrt.o(i.sqrt) refers (Special) to usenofp.o(x$fpl$usenofp) for __I$use$fp
    sqrt.o(i.sqrt) refers to dsqrt_umaal.o(x$fpl$dsqrt) for _dsqrt
    sqrt.o(i.sqrt) refers to _rserrno.o(.text) for __set_errno
    sqrt_x.o(i.____hardfp_sqrt$lsc) refers (Special) to usenofp.o(x$fpl$usenofp) for __I$use$fp
    sqrt_x.o(i.____hardfp_sqrt$lsc) refers to dleqf.o(x$fpl$dleqf) for __aeabi_cdcmple
    sqrt_x.o(i.____hardfp_sqrt$lsc) refers to _rserrno.o(.text) for __set_errno
    sqrt_x.o(i.____hardfp_sqrt$lsc) refers to dsqrt_umaal.o(x$fpl$dsqrt) for _dsqrt
    sqrt_x.o(i.____softfp_sqrt$lsc) refers (Special) to usenofp.o(x$fpl$usenofp) for __I$use$fp
    sqrt_x.o(i.____softfp_sqrt$lsc) refers to dleqf.o(x$fpl$dleqf) for __aeabi_cdcmple
    sqrt_x.o(i.____softfp_sqrt$lsc) refers to _rserrno.o(.text) for __set_errno
    sqrt_x.o(i.____softfp_sqrt$lsc) refers to dsqrt_umaal.o(x$fpl$dsqrt) for _dsqrt
    sqrt_x.o(i.__sqrt$lsc) refers (Special) to usenofp.o(x$fpl$usenofp) for __I$use$fp
    sqrt_x.o(i.__sqrt$lsc) refers to dleqf.o(x$fpl$dleqf) for __aeabi_cdcmple
    sqrt_x.o(i.__sqrt$lsc) refers to _rserrno.o(.text) for __set_errno
    sqrt_x.o(i.__sqrt$lsc) refers to dsqrt_umaal.o(x$fpl$dsqrt) for _dsqrt
    __rtentry2.o(.ARM.Collect$$rtentry$$00000008) refers to boardinit2.o(.text) for _platform_post_stackheap_init
    __rtentry2.o(.ARM.Collect$$rtentry$$0000000A) refers to libinit.o(.ARM.Collect$$libinit$$00000000) for __rt_lib_init
    __rtentry2.o(.ARM.Collect$$rtentry$$0000000B) refers to boardinit3.o(.text) for _platform_post_lib_init
    __rtentry2.o(.ARM.Collect$$rtentry$$0000000D) refers to main.o(i.main) for main
    __rtentry2.o(.ARM.Collect$$rtentry$$0000000D) refers to exit.o(.text) for exit
    __rtentry2.o(.ARM.exidx) refers to __rtentry2.o(.ARM.Collect$$rtentry$$00000001) for .ARM.Collect$$rtentry$$00000001
    __rtentry2.o(.ARM.exidx) refers to __rtentry2.o(.ARM.Collect$$rtentry$$00000008) for .ARM.Collect$$rtentry$$00000008
    __rtentry2.o(.ARM.exidx) refers to __rtentry2.o(.ARM.Collect$$rtentry$$0000000A) for .ARM.Collect$$rtentry$$0000000A
    __rtentry2.o(.ARM.exidx) refers to __rtentry2.o(.ARM.Collect$$rtentry$$0000000B) for .ARM.Collect$$rtentry$$0000000B
    __rtentry2.o(.ARM.exidx) refers to __rtentry2.o(.ARM.Collect$$rtentry$$0000000D) for .ARM.Collect$$rtentry$$0000000D
    __rtentry4.o(.ARM.Collect$$rtentry$$00000004) refers to sys_stackheap_outer.o(.text) for __user_setup_stackheap
    __rtentry4.o(.ARM.exidx) refers to __rtentry4.o(.ARM.Collect$$rtentry$$00000004) for .ARM.Collect$$rtentry$$00000004
    rt_errno_addr.o(.text) refers to rt_errno_addr.o(.bss) for __aeabi_errno_addr_data
    rt_errno_addr_intlibspace.o(.text) refers to libspace.o(.bss) for __libspace_start
    dcheck1.o(x$fpl$dcheck1) refers (Special) to usenofp.o(x$fpl$usenofp) for __I$use$fp
    dcheck1.o(x$fpl$dcheck1) refers to retnan.o(x$fpl$retnan) for __fpl_return_NaN
    dleqf.o(x$fpl$dleqf) refers (Special) to usenofp.o(x$fpl$usenofp) for __I$use$fp
    dleqf.o(x$fpl$dleqf) refers to dnaninf.o(x$fpl$dnaninf) for __fpl_dnaninf
    dleqf.o(x$fpl$dleqf) refers to dcmpi.o(x$fpl$dcmpinf) for __fpl_dcmp_Inf
    dsqrt_umaal.o(x$fpl$dsqrt) refers (Special) to usenofp.o(x$fpl$usenofp) for __I$use$fp
    dsqrt_umaal.o(x$fpl$dsqrt) refers to dnaninf.o(x$fpl$dnaninf) for __fpl_dnaninf
    libspace.o(.text) refers to libspace.o(.bss) for __libspace_start
    sys_stackheap_outer.o(.text) refers to libspace.o(.text) for __user_perproc_libspace
    sys_stackheap_outer.o(.text) refers to startup_rvmdk.o(.text) for __user_initial_stackheap
    exit.o(.text) refers to rtexit.o(.ARM.Collect$$rtexit$$00000000) for __rt_exit
    libinit.o(.ARM.Collect$$libinit$$00000000) refers (Special) to libinit2.o(.ARM.Collect$$libinit$$0000002E) for __rt_lib_init_alloca_1
    libinit.o(.ARM.Collect$$libinit$$00000000) refers (Special) to libinit2.o(.ARM.Collect$$libinit$$0000002C) for __rt_lib_init_argv_1
    libinit.o(.ARM.Collect$$libinit$$00000000) refers (Special) to libinit2.o(.ARM.Collect$$libinit$$0000001B) for __rt_lib_init_atexit_1
    libinit.o(.ARM.Collect$$libinit$$00000000) refers (Special) to libinit2.o(.ARM.Collect$$libinit$$00000021) for __rt_lib_init_clock_1
    libinit.o(.ARM.Collect$$libinit$$00000000) refers (Special) to libinit2.o(.ARM.Collect$$libinit$$00000032) for __rt_lib_init_cpp_1
    libinit.o(.ARM.Collect$$libinit$$00000000) refers (Special) to libinit2.o(.ARM.Collect$$libinit$$00000030) for __rt_lib_init_exceptions_1
    libinit.o(.ARM.Collect$$libinit$$00000000) refers (Special) to libinit2.o(.ARM.Collect$$libinit$$00000001) for __rt_lib_init_fp_1
    libinit.o(.ARM.Collect$$libinit$$00000000) refers (Special) to libinit2.o(.ARM.Collect$$libinit$$0000001F) for __rt_lib_init_fp_trap_1
    libinit.o(.ARM.Collect$$libinit$$00000000) refers (Special) to libinit2.o(.ARM.Collect$$libinit$$00000023) for __rt_lib_init_getenv_1
    libinit.o(.ARM.Collect$$libinit$$00000000) refers (Special) to libinit2.o(.ARM.Collect$$libinit$$0000000A) for __rt_lib_init_heap_1
    libinit.o(.ARM.Collect$$libinit$$00000000) refers (Special) to libinit2.o(.ARM.Collect$$libinit$$00000011) for __rt_lib_init_lc_collate_1
    libinit.o(.ARM.Collect$$libinit$$00000000) refers (Special) to libinit2.o(.ARM.Collect$$libinit$$00000013) for __rt_lib_init_lc_ctype_1
    libinit.o(.ARM.Collect$$libinit$$00000000) refers (Special) to libinit2.o(.ARM.Collect$$libinit$$00000015) for __rt_lib_init_lc_monetary_1
    libinit.o(.ARM.Collect$$libinit$$00000000) refers (Special) to libinit2.o(.ARM.Collect$$libinit$$00000017) for __rt_lib_init_lc_numeric_1
    libinit.o(.ARM.Collect$$libinit$$00000000) refers (Special) to libinit2.o(.ARM.Collect$$libinit$$00000019) for __rt_lib_init_lc_time_1
    libinit.o(.ARM.Collect$$libinit$$00000000) refers (Special) to libinit2.o(.ARM.Collect$$libinit$$00000004) for __rt_lib_init_preinit_1
    libinit.o(.ARM.Collect$$libinit$$00000000) refers (Special) to libinit2.o(.ARM.Collect$$libinit$$0000000E) for __rt_lib_init_rand_1
    libinit.o(.ARM.Collect$$libinit$$00000000) refers (Special) to libinit2.o(.ARM.Collect$$libinit$$00000033) for __rt_lib_init_return
    libinit.o(.ARM.Collect$$libinit$$00000000) refers (Special) to libinit2.o(.ARM.Collect$$libinit$$0000001D) for __rt_lib_init_signal_1
    libinit.o(.ARM.Collect$$libinit$$00000000) refers (Special) to libinit2.o(.ARM.Collect$$libinit$$00000025) for __rt_lib_init_stdio_1
    libinit.o(.ARM.Collect$$libinit$$00000000) refers (Special) to libinit2.o(.ARM.Collect$$libinit$$0000000C) for __rt_lib_init_user_alloc_1
    dcmpi.o(x$fpl$dcmpinf) refers (Special) to usenofp.o(x$fpl$usenofp) for __I$use$fp
    retnan.o(x$fpl$retnan) refers (Special) to usenofp.o(x$fpl$usenofp) for __I$use$fp
    retnan.o(x$fpl$retnan) refers to trapv.o(x$fpl$trapveneer) for __fpl_cmpreturn
    rtexit.o(.ARM.Collect$$rtexit$$00000000) refers (Special) to rtexit2.o(.ARM.Collect$$rtexit$$00000004) for __rt_exit_exit
    rtexit.o(.ARM.Collect$$rtexit$$00000000) refers (Special) to rtexit2.o(.ARM.Collect$$rtexit$$00000003) for __rt_exit_ls
    rtexit.o(.ARM.Collect$$rtexit$$00000000) refers (Special) to rtexit2.o(.ARM.Collect$$rtexit$$00000002) for __rt_exit_prels_1
    rtexit.o(.ARM.exidx) refers (Special) to rtexit2.o(.ARM.Collect$$rtexit$$00000004) for __rt_exit_exit
    rtexit.o(.ARM.exidx) refers (Special) to rtexit2.o(.ARM.Collect$$rtexit$$00000003) for __rt_exit_ls
    rtexit.o(.ARM.exidx) refers (Special) to rtexit2.o(.ARM.Collect$$rtexit$$00000002) for __rt_exit_prels_1
    rtexit.o(.ARM.exidx) refers to rtexit.o(.ARM.Collect$$rtexit$$00000000) for .ARM.Collect$$rtexit$$00000000
    libinit2.o(.ARM.Collect$$libinit$$00000001) refers to fpinit.o(x$fpl$fpinit) for _fp_init
    libinit2.o(.ARM.Collect$$libinit$$00000010) refers to libinit2.o(.ARM.Collect$$libinit$$0000000F) for .ARM.Collect$$libinit$$0000000F
    libinit2.o(.ARM.Collect$$libinit$$00000012) refers to libinit2.o(.ARM.Collect$$libinit$$0000000F) for .ARM.Collect$$libinit$$0000000F
    libinit2.o(.ARM.Collect$$libinit$$00000014) refers to libinit2.o(.ARM.Collect$$libinit$$0000000F) for .ARM.Collect$$libinit$$0000000F
    libinit2.o(.ARM.Collect$$libinit$$00000016) refers to libinit2.o(.ARM.Collect$$libinit$$0000000F) for .ARM.Collect$$libinit$$0000000F
    libinit2.o(.ARM.Collect$$libinit$$00000018) refers to libinit2.o(.ARM.Collect$$libinit$$0000000F) for .ARM.Collect$$libinit$$0000000F
    libinit2.o(.ARM.Collect$$libinit$$00000026) refers to argv_veneer.o(.emb_text) for __ARM_argv_veneer
    libinit2.o(.ARM.Collect$$libinit$$00000027) refers to argv_veneer.o(.emb_text) for __ARM_argv_veneer
    trapv.o(x$fpl$trapveneer) refers (Special) to usenofp.o(x$fpl$usenofp) for __I$use$fp
    rtexit2.o(.ARM.Collect$$rtexit$$00000003) refers to libshutdown.o(.ARM.Collect$$libshutdown$$00000000) for __rt_lib_shutdown
    rtexit2.o(.ARM.Collect$$rtexit$$00000004) refers to sys_exit.o(.text) for _sys_exit
    rtexit2.o(.ARM.exidx) refers to rtexit2.o(.ARM.Collect$$rtexit$$00000001) for .ARM.Collect$$rtexit$$00000001
    rtexit2.o(.ARM.exidx) refers to rtexit2.o(.ARM.Collect$$rtexit$$00000003) for .ARM.Collect$$rtexit$$00000003
    rtexit2.o(.ARM.exidx) refers to rtexit2.o(.ARM.Collect$$rtexit$$00000004) for .ARM.Collect$$rtexit$$00000004
    argv_veneer.o(.emb_text) refers to no_argv.o(.text) for __ARM_get_argv
    sys_exit.o(.text) refers (Special) to use_no_semi.o(.text) for __I$use$semihosting
    sys_exit.o(.text) refers (Special) to indicate_semi.o(.text) for __semihosting_library_function
    _get_argv_nomalloc.o(.text) refers (Special) to hrguard.o(.text) for __heap_region$guard
    _get_argv_nomalloc.o(.text) refers to defsig_rtmem_outer.o(.text) for __rt_SIGRTMEM
    _get_argv_nomalloc.o(.text) refers to sys_command.o(.text) for _sys_command_string
    libshutdown.o(.ARM.Collect$$libshutdown$$00000000) refers (Special) to libshutdown2.o(.ARM.Collect$$libshutdown$$00000006) for __rt_lib_shutdown_fp_trap_1
    libshutdown.o(.ARM.Collect$$libshutdown$$00000000) refers (Special) to libshutdown2.o(.ARM.Collect$$libshutdown$$0000000E) for __rt_lib_shutdown_heap_1
    libshutdown.o(.ARM.Collect$$libshutdown$$00000000) refers (Special) to libshutdown2.o(.ARM.Collect$$libshutdown$$0000000F) for __rt_lib_shutdown_return
    libshutdown.o(.ARM.Collect$$libshutdown$$00000000) refers (Special) to libshutdown2.o(.ARM.Collect$$libshutdown$$00000009) for __rt_lib_shutdown_signal_1
    libshutdown.o(.ARM.Collect$$libshutdown$$00000000) refers (Special) to libshutdown2.o(.ARM.Collect$$libshutdown$$00000003) for __rt_lib_shutdown_stdio_1
    libshutdown.o(.ARM.Collect$$libshutdown$$00000000) refers (Special) to libshutdown2.o(.ARM.Collect$$libshutdown$$0000000B) for __rt_lib_shutdown_user_alloc_1
    sys_command.o(.text) refers (Special) to use_no_semi.o(.text) for __I$use$semihosting
    sys_command.o(.text) refers (Special) to indicate_semi.o(.text) for __semihosting_library_function
    defsig_rtmem_outer.o(.text) refers to defsig_rtmem_inner.o(.text) for __rt_SIGRTMEM_inner
    defsig_rtmem_outer.o(.text) refers to defsig_exit.o(.text) for __sig_exit
    defsig_rtmem_formal.o(.text) refers to rt_raise.o(.text) for __rt_raise
    rt_raise.o(.text) refers to __raise.o(.text) for __raise
    rt_raise.o(.text) refers to sys_exit.o(.text) for _sys_exit
    defsig_exit.o(.text) refers to sys_exit.o(.text) for _sys_exit
    defsig_rtmem_inner.o(.text) refers to defsig_general.o(.text) for __default_signal_display
    __raise.o(.text) refers to defsig.o(CL$$defsig) for __default_signal_handler
    defsig_general.o(.text) refers to sys_wrch.o(.text) for _ttywrch
    sys_wrch.o(.text) refers (Special) to use_no_semi.o(.text) for __I$use$semihosting
    sys_wrch.o(.text) refers (Special) to indicate_semi.o(.text) for __semihosting_library_function
    defsig.o(CL$$defsig) refers to defsig_rtmem_inner.o(.text) for __rt_SIGRTMEM_inner
    defsig_abrt_inner.o(.text) refers to defsig_general.o(.text) for __default_signal_display
    defsig_fpe_inner.o(.text) refers to defsig_general.o(.text) for __default_signal_display
    defsig_rtred_inner.o(.text) refers to defsig_general.o(.text) for __default_signal_display
    defsig_stak_inner.o(.text) refers to defsig_general.o(.text) for __default_signal_display
    defsig_pvfn_inner.o(.text) refers to defsig_general.o(.text) for __default_signal_display
    defsig_cppl_inner.o(.text) refers to defsig_general.o(.text) for __default_signal_display
    defsig_segv_inner.o(.text) refers to defsig_general.o(.text) for __default_signal_display
    defsig_other.o(.text) refers to defsig_general.o(.text) for __default_signal_display


==============================================================================

Removing Unused input sections from the image.

    Removing my_lcd12864.o(i.Init_LCD12864s), (104 bytes).
    Removing my_lcd12864.o(i.LCD_Clear), (40 bytes).
    Removing my_lcd12864.o(i.LCD_Clear_Gdrom), (128 bytes).
    Removing my_lcd12864.o(i.LCD_Display_FloatNum), (264 bytes).
    Removing my_lcd12864.o(i.LCD_Display_X), (268 bytes).
    Removing my_lcd12864.o(i.LCD_Display_Y), (142 bytes).
    Removing my_lcd12864.o(i.LCD_Display_line), (110 bytes).
    Removing my_lcd12864.o(i.LCD_Display_vertical4), (202 bytes).
    Removing my_lcd12864.o(i.LCD_LineClear), (32 bytes).
    Removing my_lcd12864.o(i.LCD_WriteGrap), (82 bytes).
    Removing my_lcd12864.o(i.Show_LCD12864s), (38 bytes).
    Removing my_lcd12864.o(i.Test_LCD12864s), (36 bytes).
    Removing my_lcd12864.o(i.WriteCmd_LCD12864s), (880 bytes).
    Removing my_lcd12864.o(i.WriteData_LCD12864s), (880 bytes).
    Removing my_lcd.o(i.LCD_Decimal), (316 bytes).
    Removing my_lcd.o(i.LCD_String), (20 bytes).
    Removing my_key.o(i.Key_Read), (196 bytes).
    Removing uartstdio.o(i.UARTStdioConfig), (108 bytes).
    Removing uartstdio.o(i.UARTgetc), (24 bytes).
    Removing uartstdio.o(i.UARTgets), (156 bytes).
    Removing uartstdio.o(i.UARTprintf), (26 bytes).
    Removing uartstdio.o(i.UARTvprintf), (592 bytes).
    Removing uartstdio.o(i.UARTwrite), (64 bytes).
    Removing uartstdio.o(.constdata), (28 bytes).
    Removing uartstdio.o(.conststring), (17 bytes).
    Removing uartstdio.o(.data), (5 bytes).
    Removing gpio.o(i.GPIOADCTriggerDisable), (12 bytes).
    Removing gpio.o(i.GPIOADCTriggerEnable), (12 bytes).
    Removing gpio.o(i.GPIODMATriggerDisable), (12 bytes).
    Removing gpio.o(i.GPIODMATriggerEnable), (12 bytes).
    Removing gpio.o(i.GPIODirModeGet), (46 bytes).
    Removing gpio.o(i.GPIOIntRegister), (30 bytes).
    Removing gpio.o(i.GPIOIntStatus), (16 bytes).
    Removing gpio.o(i.GPIOIntTypeGet), (84 bytes).
    Removing gpio.o(i.GPIOIntUnregister), (26 bytes).
    Removing gpio.o(i.GPIOPadConfigGet), (206 bytes).
    Removing gpio.o(i.GPIOPinConfigure), (80 bytes).
    Removing gpio.o(i.GPIOPinTypeADC), (30 bytes).
    Removing gpio.o(i.GPIOPinTypeCAN), (30 bytes).
    Removing gpio.o(i.GPIOPinTypeCIR), (30 bytes).
    Removing gpio.o(i.GPIOPinTypeComparator), (30 bytes).
    Removing gpio.o(i.GPIOPinTypeComparatorOutput), (30 bytes).
    Removing gpio.o(i.GPIOPinTypeEPI), (30 bytes).
    Removing gpio.o(i.GPIOPinTypeEthernetLED), (30 bytes).
    Removing gpio.o(i.GPIOPinTypeEthernetMII), (30 bytes).
    Removing gpio.o(i.GPIOPinTypeGPIOOutputOD), (30 bytes).
    Removing gpio.o(i.GPIOPinTypeI2C), (30 bytes).
    Removing gpio.o(i.GPIOPinTypeI2CSCL), (30 bytes).
    Removing gpio.o(i.GPIOPinTypeKBColumn), (30 bytes).
    Removing gpio.o(i.GPIOPinTypeKBRow), (30 bytes).
    Removing gpio.o(i.GPIOPinTypeLCD), (30 bytes).
    Removing gpio.o(i.GPIOPinTypeLEDSeq), (30 bytes).
    Removing gpio.o(i.GPIOPinTypeLPC), (30 bytes).
    Removing gpio.o(i.GPIOPinTypePECIRx), (30 bytes).
    Removing gpio.o(i.GPIOPinTypePECITx), (30 bytes).
    Removing gpio.o(i.GPIOPinTypePWM), (30 bytes).
    Removing gpio.o(i.GPIOPinTypeQEI), (30 bytes).
    Removing gpio.o(i.GPIOPinTypeSSI), (30 bytes).
    Removing gpio.o(i.GPIOPinTypeTimer), (30 bytes).
    Removing gpio.o(i.GPIOPinTypeUART), (30 bytes).
    Removing gpio.o(i.GPIOPinTypeUSBAnalog), (30 bytes).
    Removing gpio.o(i.GPIOPinTypeUSBDigital), (30 bytes).
    Removing gpio.o(i.GPIOPinTypeWakeHigh), (32 bytes).
    Removing gpio.o(i.GPIOPinTypeWakeLow), (32 bytes).
    Removing gpio.o(i.GPIOPinWakeStatus), (8 bytes).
    Removing gpio.o(i._GPIOIntNumberGet), (76 bytes).
    Removing gpio.o(.constdata), (528 bytes).
    Removing interrupt.o(i.IntDisable), (116 bytes).
    Removing interrupt.o(i.IntIsEnabled), (108 bytes).
    Removing interrupt.o(i.IntMasterDisable), (16 bytes).
    Removing interrupt.o(i.IntPendClear), (76 bytes).
    Removing interrupt.o(i.IntPendSet), (96 bytes).
    Removing interrupt.o(i.IntPriorityGet), (28 bytes).
    Removing interrupt.o(i.IntPriorityGroupingGet), (44 bytes).
    Removing interrupt.o(i.IntPriorityGroupingSet), (28 bytes).
    Removing interrupt.o(i.IntPriorityMaskGet), (8 bytes).
    Removing interrupt.o(i.IntPriorityMaskSet), (12 bytes).
    Removing interrupt.o(i.IntPrioritySet), (52 bytes).
    Removing interrupt.o(i.IntRegister), (60 bytes).
    Removing interrupt.o(i.IntTrigger), (16 bytes).
    Removing interrupt.o(i.IntUnregister), (20 bytes).
    Removing interrupt.o(i._IntDefaultHandler), (4 bytes).
    Removing interrupt.o(vtable), (620 bytes).
    Removing timer.o(i.TimerADCEventGet), (6 bytes).
    Removing timer.o(i.TimerADCEventSet), (4 bytes).
    Removing timer.o(i.TimerClockSourceGet), (8 bytes).
    Removing timer.o(i.TimerClockSourceSet), (6 bytes).
    Removing timer.o(i.TimerControlEvent), (22 bytes).
    Removing timer.o(i.TimerControlLevel), (22 bytes).
    Removing timer.o(i.TimerControlStall), (22 bytes).
    Removing timer.o(i.TimerControlTrigger), (72 bytes).
    Removing timer.o(i.TimerControlWaitOnTrigger), (52 bytes).
    Removing timer.o(i.TimerDMAEventGet), (6 bytes).
    Removing timer.o(i.TimerDMAEventSet), (4 bytes).
    Removing timer.o(i.TimerDisable), (14 bytes).
    Removing timer.o(i.TimerIntDisable), (8 bytes).
    Removing timer.o(i.TimerIntRegister), (38 bytes).
    Removing timer.o(i.TimerIntStatus), (12 bytes).
    Removing timer.o(i.TimerIntUnregister), (30 bytes).
    Removing timer.o(i.TimerLoadGet), (14 bytes).
    Removing timer.o(i.TimerLoadGet64), (26 bytes).
    Removing timer.o(i.TimerLoadSet64), (6 bytes).
    Removing timer.o(i.TimerMatchGet), (14 bytes).
    Removing timer.o(i.TimerMatchGet64), (26 bytes).
    Removing timer.o(i.TimerMatchSet), (16 bytes).
    Removing timer.o(i.TimerMatchSet64), (6 bytes).
    Removing timer.o(i.TimerPrescaleGet), (14 bytes).
    Removing timer.o(i.TimerPrescaleMatchGet), (14 bytes).
    Removing timer.o(i.TimerPrescaleMatchSet), (16 bytes).
    Removing timer.o(i.TimerPrescaleSet), (16 bytes).
    Removing timer.o(i.TimerRTCDisable), (10 bytes).
    Removing timer.o(i.TimerRTCEnable), (10 bytes).
    Removing timer.o(i.TimerSynchronize), (4 bytes).
    Removing timer.o(i.TimerUpdateMode), (42 bytes).
    Removing timer.o(i.TimerValueGet), (14 bytes).
    Removing timer.o(i.TimerValueGet64), (26 bytes).
    Removing timer.o(i._TimerIntNumberGet), (88 bytes).
    Removing timer.o(.constdata), (160 bytes).
    Removing sysctl.o(i.SysCtlAltClkConfig), (12 bytes).
    Removing sysctl.o(i.SysCtlClockFreqSet), (712 bytes).
    Removing sysctl.o(i.SysCtlClockOutConfig), (16 bytes).
    Removing sysctl.o(i.SysCtlDeepSleep), (32 bytes).
    Removing sysctl.o(i.SysCtlDeepSleepClockConfigSet), (112 bytes).
    Removing sysctl.o(i.SysCtlDeepSleepClockSet), (12 bytes).
    Removing sysctl.o(i.SysCtlDeepSleepPowerSet), (12 bytes).
    Removing sysctl.o(i.SysCtlFlashSectorSizeGet), (56 bytes).
    Removing sysctl.o(i.SysCtlFlashSizeGet), (56 bytes).
    Removing sysctl.o(i.SysCtlGPIOAHBDisable), (28 bytes).
    Removing sysctl.o(i.SysCtlGPIOAHBEnable), (24 bytes).
    Removing sysctl.o(i.SysCtlIntClear), (12 bytes).
    Removing sysctl.o(i.SysCtlIntDisable), (16 bytes).
    Removing sysctl.o(i.SysCtlIntEnable), (16 bytes).
    Removing sysctl.o(i.SysCtlIntRegister), (20 bytes).
    Removing sysctl.o(i.SysCtlIntStatus), (16 bytes).
    Removing sysctl.o(i.SysCtlIntUnregister), (18 bytes).
    Removing sysctl.o(i.SysCtlLDODeepSleepGet), (12 bytes).
    Removing sysctl.o(i.SysCtlLDODeepSleepSet), (12 bytes).
    Removing sysctl.o(i.SysCtlLDOSleepGet), (12 bytes).
    Removing sysctl.o(i.SysCtlLDOSleepSet), (12 bytes).
    Removing sysctl.o(i.SysCtlMOSCConfigSet), (12 bytes).
    Removing sysctl.o(i.SysCtlNMIClear), (16 bytes).
    Removing sysctl.o(i.SysCtlNMIStatus), (12 bytes).
    Removing sysctl.o(i.SysCtlPIOSCCalibrate), (76 bytes).
    Removing sysctl.o(i.SysCtlPWMClockGet), (24 bytes).
    Removing sysctl.o(i.SysCtlPWMClockSet), (20 bytes).
    Removing sysctl.o(i.SysCtlPeripheralClockGating), (68 bytes).
    Removing sysctl.o(i.SysCtlPeripheralDeepSleepDisable), (40 bytes).
    Removing sysctl.o(i.SysCtlPeripheralDeepSleepEnable), (40 bytes).
    Removing sysctl.o(i.SysCtlPeripheralDisable), (40 bytes).
    Removing sysctl.o(i.SysCtlPeripheralPowerOff), (40 bytes).
    Removing sysctl.o(i.SysCtlPeripheralPowerOn), (40 bytes).
    Removing sysctl.o(i.SysCtlPeripheralPresent), (44 bytes).
    Removing sysctl.o(i.SysCtlPeripheralReady), (44 bytes).
    Removing sysctl.o(i.SysCtlPeripheralReset), (60 bytes).
    Removing sysctl.o(i.SysCtlPeripheralSleepDisable), (40 bytes).
    Removing sysctl.o(i.SysCtlPeripheralSleepEnable), (40 bytes).
    Removing sysctl.o(i.SysCtlReset), (16 bytes).
    Removing sysctl.o(i.SysCtlResetBehaviorGet), (12 bytes).
    Removing sysctl.o(i.SysCtlResetBehaviorSet), (12 bytes).
    Removing sysctl.o(i.SysCtlResetCauseClear), (16 bytes).
    Removing sysctl.o(i.SysCtlResetCauseGet), (12 bytes).
    Removing sysctl.o(i.SysCtlSRAMSizeGet), (16 bytes).
    Removing sysctl.o(i.SysCtlSleep), (4 bytes).
    Removing sysctl.o(i.SysCtlSleepPowerSet), (12 bytes).
    Removing sysctl.o(i.SysCtlUSBPLLDisable), (16 bytes).
    Removing sysctl.o(i.SysCtlUSBPLLEnable), (16 bytes).
    Removing sysctl.o(i.SysCtlVoltageEventClear), (16 bytes).
    Removing sysctl.o(i.SysCtlVoltageEventConfig), (12 bytes).
    Removing sysctl.o(i.SysCtlVoltageEventStatus), (12 bytes).

169 unused section(s) (total 10918 bytes) removed from the image.

==============================================================================

Image Symbol Table

    Local Symbols

    Symbol Name                              Value     Ov Type        Size  Object(Section)

    RESET                                    0x00000000   Section      648  startup_rvmdk.o(RESET)
    ../clib/angel/boardlib.s                 0x00000000   Number         0  boardinit1.o ABSOLUTE
    ../clib/angel/boardlib.s                 0x00000000   Number         0  boardshut.o ABSOLUTE
    ../clib/angel/boardlib.s                 0x00000000   Number         0  boardinit2.o ABSOLUTE
    ../clib/angel/boardlib.s                 0x00000000   Number         0  boardinit3.o ABSOLUTE
    ../clib/angel/handlers.s                 0x00000000   Number         0  __scatter_zi.o ABSOLUTE
    ../clib/angel/handlers.s                 0x00000000   Number         0  __scatter_copy.o ABSOLUTE
    ../clib/angel/kernel.s                   0x00000000   Number         0  __rtentry2.o ABSOLUTE
    ../clib/angel/kernel.s                   0x00000000   Number         0  __rtentry4.o ABSOLUTE
    ../clib/angel/kernel.s                   0x00000000   Number         0  rtexit.o ABSOLUTE
    ../clib/angel/kernel.s                   0x00000000   Number         0  __rtentry.o ABSOLUTE
    ../clib/angel/kernel.s                   0x00000000   Number         0  rtexit2.o ABSOLUTE
    ../clib/angel/rt.s                       0x00000000   Number         0  rt_errno_addr.o ABSOLUTE
    ../clib/angel/rt.s                       0x00000000   Number         0  rt_errno_addr_intlibspace.o ABSOLUTE
    ../clib/angel/rt.s                       0x00000000   Number         0  rt_raise.o ABSOLUTE
    ../clib/angel/scatter.s                  0x00000000   Number         0  __scatter.o ABSOLUTE
    ../clib/angel/startup.s                  0x00000000   Number         0  __main.o ABSOLUTE
    ../clib/angel/sys.s                      0x00000000   Number         0  use_no_semi.o ABSOLUTE
    ../clib/angel/sys.s                      0x00000000   Number         0  libspace.o ABSOLUTE
    ../clib/angel/sys.s                      0x00000000   Number         0  sys_stackheap_outer.o ABSOLUTE
    ../clib/angel/sys.s                      0x00000000   Number         0  indicate_semi.o ABSOLUTE
    ../clib/angel/sysapp.c                   0x00000000   Number         0  sys_wrch.o ABSOLUTE
    ../clib/angel/sysapp.c                   0x00000000   Number         0  sys_exit.o ABSOLUTE
    ../clib/angel/sysapp.c                   0x00000000   Number         0  sys_command.o ABSOLUTE
    ../clib/armsys.c                         0x00000000   Number         0  _get_argv_nomalloc.o ABSOLUTE
    ../clib/armsys.c                         0x00000000   Number         0  no_argv.o ABSOLUTE
    ../clib/armsys.c                         0x00000000   Number         0  argv_veneer.o ABSOLUTE
    ../clib/armsys.c                         0x00000000   Number         0  argv_veneer.o ABSOLUTE
    ../clib/fenv.c                           0x00000000   Number         0  _rserrno.o ABSOLUTE
    ../clib/heapalloc.c                      0x00000000   Number         0  hrguard.o ABSOLUTE
    ../clib/heapaux.c                        0x00000000   Number         0  heapauxi.o ABSOLUTE
    ../clib/libinit.s                        0x00000000   Number         0  libinit.o ABSOLUTE
    ../clib/libinit.s                        0x00000000   Number         0  libinit2.o ABSOLUTE
    ../clib/libinit.s                        0x00000000   Number         0  libshutdown.o ABSOLUTE
    ../clib/libinit.s                        0x00000000   Number         0  libshutdown2.o ABSOLUTE
    ../clib/memcpset.s                       0x00000000   Number         0  rt_memclr_w.o ABSOLUTE
    ../clib/signal.c                         0x00000000   Number         0  defsig_rtmem_formal.o ABSOLUTE
    ../clib/signal.c                         0x00000000   Number         0  defsig_other.o ABSOLUTE
    ../clib/signal.c                         0x00000000   Number         0  defsig_segv_inner.o ABSOLUTE
    ../clib/signal.c                         0x00000000   Number         0  defsig_cppl_inner.o ABSOLUTE
    ../clib/signal.c                         0x00000000   Number         0  defsig_pvfn_inner.o ABSOLUTE
    ../clib/signal.c                         0x00000000   Number         0  defsig_stak_inner.o ABSOLUTE
    ../clib/signal.c                         0x00000000   Number         0  defsig_rtred_inner.o ABSOLUTE
    ../clib/signal.c                         0x00000000   Number         0  defsig_fpe_inner.o ABSOLUTE
    ../clib/signal.c                         0x00000000   Number         0  defsig_abrt_inner.o ABSOLUTE
    ../clib/signal.c                         0x00000000   Number         0  defsig_general.o ABSOLUTE
    ../clib/signal.c                         0x00000000   Number         0  __raise.o ABSOLUTE
    ../clib/signal.c                         0x00000000   Number         0  defsig_rtmem_inner.o ABSOLUTE
    ../clib/signal.c                         0x00000000   Number         0  defsig_exit.o ABSOLUTE
    ../clib/signal.c                         0x00000000   Number         0  defsig_rtmem_outer.o ABSOLUTE
    ../clib/signal.s                         0x00000000   Number         0  defsig.o ABSOLUTE
    ../clib/stdlib.c                         0x00000000   Number         0  exit.o ABSOLUTE
    ../fplib/basic.s                         0x00000000   Number         0  basic.o ABSOLUTE
    ../fplib/daddsub.s                       0x00000000   Number         0  daddsub_clz.o ABSOLUTE
    ../fplib/dcheck1.s                       0x00000000   Number         0  dcheck1.o ABSOLUTE
    ../fplib/dcmpi.s                         0x00000000   Number         0  dcmpi.o ABSOLUTE
    ../fplib/ddiv.s                          0x00000000   Number         0  ddiv.o ABSOLUTE
    ../fplib/dfixu.s                         0x00000000   Number         0  dfixu.o ABSOLUTE
    ../fplib/dflt.s                          0x00000000   Number         0  dflt_clz.o ABSOLUTE
    ../fplib/dleqf.s                         0x00000000   Number         0  dleqf.o ABSOLUTE
    ../fplib/dmul.s                          0x00000000   Number         0  dmul.o ABSOLUTE
    ../fplib/dnaninf.s                       0x00000000   Number         0  dnaninf.o ABSOLUTE
    ../fplib/dretinf.s                       0x00000000   Number         0  dretinf.o ABSOLUTE
    ../fplib/drleqf.s                        0x00000000   Number         0  drleqf.o ABSOLUTE
    ../fplib/dsqrt.s                         0x00000000   Number         0  dsqrt_umaal.o ABSOLUTE
    ../fplib/fpinit.s                        0x00000000   Number         0  fpinit.o ABSOLUTE
    ../fplib/retnan.s                        0x00000000   Number         0  retnan.o ABSOLUTE
    ../fplib/scalbn.s                        0x00000000   Number         0  scalbn.o ABSOLUTE
    ../fplib/trapv.s                         0x00000000   Number         0  trapv.o ABSOLUTE
    ../fplib/usenofp.s                       0x00000000   Number         0  usenofp.o ABSOLUTE
    ../mathlib/dunder.c                      0x00000000   Number         0  dunder.o ABSOLUTE
    ../mathlib/fabs.c                        0x00000000   Number         0  fabs.o ABSOLUTE
    ../mathlib/fpclassify.c                  0x00000000   Number         0  fpclassify.o ABSOLUTE
    ../mathlib/poly.c                        0x00000000   Number         0  poly.o ABSOLUTE
    ../mathlib/pow.c                         0x00000000   Number         0  pow_x.o ABSOLUTE
    ../mathlib/pow.c                         0x00000000   Number         0  pow.o ABSOLUTE
    ../mathlib/qnan.c                        0x00000000   Number         0  qnan.o ABSOLUTE
    ../mathlib/sqrt.c                        0x00000000   Number         0  sqrt.o ABSOLUTE
    ../mathlib/sqrt.c                        0x00000000   Number         0  sqrt_x.o ABSOLUTE
    _00_Library\driverlib\gpio.c             0x00000000   Number         0  gpio.o ABSOLUTE
    _00_Library\driverlib\interrupt.c        0x00000000   Number         0  interrupt.o ABSOLUTE
    _00_Library\driverlib\timer.c            0x00000000   Number         0  timer.o ABSOLUTE
    _00_Library\rvmdk\startup_rvmdk.S        0x00000000   Number         0  startup_rvmdk.o ABSOLUTE
    _00_Library\utils\uartstdio.c            0x00000000   Number         0  uartstdio.o ABSOLUTE
    _02_System\My_Delay.c                    0x00000000   Number         0  my_delay.o ABSOLUTE
    _02_System\My_System.c                   0x00000000   Number         0  my_system.o ABSOLUTE
    _03_Drive\_01_Interior\My_GPIO.c         0x00000000   Number         0  my_gpio.o ABSOLUTE
    _03_Drive\_01_Interior\My_Interrupt.c    0x00000000   Number         0  my_interrupt.o ABSOLUTE
    _03_Drive\_01_Interior\My_Timer.c        0x00000000   Number         0  my_timer.o ABSOLUTE
    _03_Drive\_02_External\My_Key.c          0x00000000   Number         0  my_key.o ABSOLUTE
    _03_Drive\_02_External\My_LCD.c          0x00000000   Number         0  my_lcd.o ABSOLUTE
    _03_Drive\_02_External\My_LCD12864.c     0x00000000   Number         0  my_lcd12864.o ABSOLUTE
    _05_User\main.c                          0x00000000   Number         0  main.o ABSOLUTE
    cpu.c                                    0x00000000   Number         0  cpu.o ABSOLUTE
    cpu.c                                    0x00000000   Number         0  cpu.o ABSOLUTE
    dc.s                                     0x00000000   Number         0  dc.o ABSOLUTE
    sysctl.c                                 0x00000000   Number         0  sysctl.o ABSOLUTE
    sysctl.c                                 0x00000000   Number         0  sysctl.o ABSOLUTE
    $v0                                      0x0000026c   Number         0  startup_rvmdk.o(RESET)
    NmiSR                                    0x00000281   Thumb Code     0  startup_rvmdk.o(RESET)
    FaultISR                                 0x00000283   Thumb Code     0  startup_rvmdk.o(RESET)
    IntDefaultHandler                        0x00000285   Thumb Code     0  startup_rvmdk.o(RESET)
    !!!main                                  0x00000288   Section        8  __main.o(!!!main)
    !!!scatter                               0x00000290   Section       52  __scatter.o(!!!scatter)
    !!handler_copy                           0x000002c4   Section       26  __scatter_copy.o(!!handler_copy)
    !!handler_zi                             0x000002e0   Section       28  __scatter_zi.o(!!handler_zi)
    .ARM.Collect$$libinit$$00000000          0x000002fc   Section        2  libinit.o(.ARM.Collect$$libinit$$00000000)
    .ARM.Collect$$libinit$$00000001          0x000002fe   Section        4  libinit2.o(.ARM.Collect$$libinit$$00000001)
    .ARM.Collect$$libinit$$00000004          0x00000302   Section        0  libinit2.o(.ARM.Collect$$libinit$$00000004)
    .ARM.Collect$$libinit$$0000000A          0x00000302   Section        0  libinit2.o(.ARM.Collect$$libinit$$0000000A)
    .ARM.Collect$$libinit$$0000000C          0x00000302   Section        0  libinit2.o(.ARM.Collect$$libinit$$0000000C)
    .ARM.Collect$$libinit$$0000000E          0x00000302   Section        0  libinit2.o(.ARM.Collect$$libinit$$0000000E)
    .ARM.Collect$$libinit$$00000011          0x00000302   Section        0  libinit2.o(.ARM.Collect$$libinit$$00000011)
    .ARM.Collect$$libinit$$00000013          0x00000302   Section        0  libinit2.o(.ARM.Collect$$libinit$$00000013)
    .ARM.Collect$$libinit$$00000015          0x00000302   Section        0  libinit2.o(.ARM.Collect$$libinit$$00000015)
    .ARM.Collect$$libinit$$00000017          0x00000302   Section        0  libinit2.o(.ARM.Collect$$libinit$$00000017)
    .ARM.Collect$$libinit$$00000019          0x00000302   Section        0  libinit2.o(.ARM.Collect$$libinit$$00000019)
    .ARM.Collect$$libinit$$0000001B          0x00000302   Section        0  libinit2.o(.ARM.Collect$$libinit$$0000001B)
    .ARM.Collect$$libinit$$0000001D          0x00000302   Section        0  libinit2.o(.ARM.Collect$$libinit$$0000001D)
    .ARM.Collect$$libinit$$0000001F          0x00000302   Section        0  libinit2.o(.ARM.Collect$$libinit$$0000001F)
    .ARM.Collect$$libinit$$00000021          0x00000302   Section        0  libinit2.o(.ARM.Collect$$libinit$$00000021)
    .ARM.Collect$$libinit$$00000023          0x00000302   Section        0  libinit2.o(.ARM.Collect$$libinit$$00000023)
    .ARM.Collect$$libinit$$00000025          0x00000302   Section        0  libinit2.o(.ARM.Collect$$libinit$$00000025)
    .ARM.Collect$$libinit$$0000002C          0x00000302   Section        0  libinit2.o(.ARM.Collect$$libinit$$0000002C)
    .ARM.Collect$$libinit$$0000002E          0x00000302   Section        0  libinit2.o(.ARM.Collect$$libinit$$0000002E)
    .ARM.Collect$$libinit$$00000030          0x00000302   Section        0  libinit2.o(.ARM.Collect$$libinit$$00000030)
    .ARM.Collect$$libinit$$00000032          0x00000302   Section        0  libinit2.o(.ARM.Collect$$libinit$$00000032)
    .ARM.Collect$$libinit$$00000033          0x00000302   Section        2  libinit2.o(.ARM.Collect$$libinit$$00000033)
    .ARM.Collect$$libshutdown$$00000000      0x00000304   Section        2  libshutdown.o(.ARM.Collect$$libshutdown$$00000000)
    .ARM.Collect$$libshutdown$$00000003      0x00000306   Section        0  libshutdown2.o(.ARM.Collect$$libshutdown$$00000003)
    .ARM.Collect$$libshutdown$$00000006      0x00000306   Section        0  libshutdown2.o(.ARM.Collect$$libshutdown$$00000006)
    .ARM.Collect$$libshutdown$$00000009      0x00000306   Section        0  libshutdown2.o(.ARM.Collect$$libshutdown$$00000009)
    .ARM.Collect$$libshutdown$$0000000B      0x00000306   Section        0  libshutdown2.o(.ARM.Collect$$libshutdown$$0000000B)
    .ARM.Collect$$libshutdown$$0000000E      0x00000306   Section        0  libshutdown2.o(.ARM.Collect$$libshutdown$$0000000E)
    .ARM.Collect$$libshutdown$$0000000F      0x00000306   Section        2  libshutdown2.o(.ARM.Collect$$libshutdown$$0000000F)
    .ARM.Collect$$rtentry$$00000000          0x00000308   Section        0  __rtentry.o(.ARM.Collect$$rtentry$$00000000)
    .ARM.Collect$$rtentry$$00000002          0x00000308   Section        0  __rtentry2.o(.ARM.Collect$$rtentry$$00000002)
    .ARM.Collect$$rtentry$$00000004          0x00000308   Section        6  __rtentry4.o(.ARM.Collect$$rtentry$$00000004)
    .ARM.Collect$$rtentry$$00000009          0x0000030e   Section        0  __rtentry2.o(.ARM.Collect$$rtentry$$00000009)
    .ARM.Collect$$rtentry$$0000000A          0x0000030e   Section        4  __rtentry2.o(.ARM.Collect$$rtentry$$0000000A)
    .ARM.Collect$$rtentry$$0000000C          0x00000312   Section        0  __rtentry2.o(.ARM.Collect$$rtentry$$0000000C)
    .ARM.Collect$$rtentry$$0000000D          0x00000312   Section        8  __rtentry2.o(.ARM.Collect$$rtentry$$0000000D)
    .ARM.Collect$$rtexit$$00000000           0x0000031a   Section        2  rtexit.o(.ARM.Collect$$rtexit$$00000000)
    .ARM.Collect$$rtexit$$00000002           0x0000031c   Section        0  rtexit2.o(.ARM.Collect$$rtexit$$00000002)
    .ARM.Collect$$rtexit$$00000003           0x0000031c   Section        4  rtexit2.o(.ARM.Collect$$rtexit$$00000003)
    .ARM.Collect$$rtexit$$00000004           0x00000320   Section        6  rtexit2.o(.ARM.Collect$$rtexit$$00000004)
    .emb_text                                0x00000328   Section       38  cpu.o(.emb_text)
    $v0                                      0x00000328   Number         0  cpu.o(.emb_text)
    .emb_text                                0x00000350   Section        6  sysctl.o(.emb_text)
    $v0                                      0x00000350   Number         0  sysctl.o(.emb_text)
    .text                                    0x00000358   Section       24  startup_rvmdk.o(.text)
    $v0                                      0x00000358   Number         0  startup_rvmdk.o(.text)
    .text                                    0x00000370   Section       78  rt_memclr_w.o(.text)
    .text                                    0x000003be   Section        0  heapauxi.o(.text)
    .text                                    0x000003c4   Section        8  libspace.o(.text)
    .text                                    0x000003cc   Section       74  sys_stackheap_outer.o(.text)
    .text                                    0x00000416   Section        0  exit.o(.text)
    .text                                    0x00000424   Section        0  sys_exit.o(.text)
    .text                                    0x00000430   Section        2  use_no_semi.o(.text)
    .text                                    0x00000432   Section        0  indicate_semi.o(.text)
    i.Display_Str                            0x00000432   Section        0  my_lcd12864.o(i.Display_Str)
    i.GPIOB_IntHandler                       0x00000454   Section        0  my_interrupt.o(i.GPIOB_IntHandler)
    i.GPIODirModeSet                         0x00000508   Section        0  gpio.o(i.GPIODirModeSet)
    i.GPIOIntClear                           0x0000053a   Section        0  gpio.o(i.GPIOIntClear)
    i.GPIOIntDisable                         0x00000540   Section        0  gpio.o(i.GPIOIntDisable)
    i.GPIOIntEnable                          0x0000054c   Section        0  gpio.o(i.GPIOIntEnable)
    i.GPIOIntTypeSet                         0x00000558   Section        0  gpio.o(i.GPIOIntTypeSet)
    i.GPIOPadConfigSet                       0x000005be   Section        0  gpio.o(i.GPIOPadConfigSet)
    i.GPIOPinRead                            0x00000714   Section        0  gpio.o(i.GPIOPinRead)
    i.GPIOPinTypeGPIOInput                   0x00000720   Section        0  gpio.o(i.GPIOPinTypeGPIOInput)
    i.GPIOPinTypeGPIOOutput                  0x0000073e   Section        0  gpio.o(i.GPIOPinTypeGPIOOutput)
    i.GPIOPinWrite                           0x0000075c   Section        0  gpio.o(i.GPIOPinWrite)
    i.GPIO_Init                              0x00000768   Section        0  my_gpio.o(i.GPIO_Init)
    i.IntEnable                              0x000007a8   Section        0  interrupt.o(i.IntEnable)
    i.IntMasterEnable                        0x0000081c   Section        0  interrupt.o(i.IntMasterEnable)
    i.KeyWrite                               0x0000082c   Section        0  my_key.o(i.KeyWrite)
    i.Key_Init                               0x00000970   Section        0  my_key.o(i.Key_Init)
    i.LCD12864_Init                          0x000009bc   Section        0  my_lcd12864.o(i.LCD12864_Init)
    i.LCD_DisplayNum                         0x00000a24   Section        0  my_lcd12864.o(i.LCD_DisplayNum)
    i.LCD_Num                                0x00000a9c   Section        0  my_lcd.o(i.LCD_Num)
    i.LCD_Pos                                0x00000ab8   Section        0  my_lcd12864.o(i.LCD_Pos)
    i.LCD_SendByte                           0x00000afc   Section        0  my_lcd12864.o(i.LCD_SendByte)
    LCD_SendByte                             0x00000afd   Thumb Code    70  my_lcd12864.o(i.LCD_SendByte)
    i.Lcd_Write_Cmd                          0x00000b48   Section        0  my_lcd12864.o(i.Lcd_Write_Cmd)
    Lcd_Write_Cmd                            0x00000b49   Thumb Code    62  my_lcd12864.o(i.Lcd_Write_Cmd)
    i.Lcd_Write_Data                         0x00000b8c   Section        0  my_lcd12864.o(i.Lcd_Write_Data)
    Lcd_Write_Data                           0x00000b8d   Thumb Code    62  my_lcd12864.o(i.Lcd_Write_Data)
    i.SysCtlClockGet                         0x00000bd0   Section        0  sysctl.o(i.SysCtlClockGet)
    i.SysCtlClockSet                         0x00000d24   Section        0  sysctl.o(i.SysCtlClockSet)
    i.SysCtlPeripheralEnable                 0x00000e44   Section        0  sysctl.o(i.SysCtlPeripheralEnable)
    i.System_Init                            0x00000e6c   Section        0  my_system.o(i.System_Init)
    i.Timer0A_Init                           0x00000e7c   Section        0  my_timer.o(i.Timer0A_Init)
    i.Timer0A_IntHandler                     0x00000ec0   Section        0  my_interrupt.o(i.Timer0A_IntHandler)
    i.TimerConfigure                         0x00000f00   Section        0  timer.o(i.TimerConfigure)
    i.TimerEnable                            0x00000f60   Section        0  timer.o(i.TimerEnable)
    i.TimerIntClear                          0x00000f6e   Section        0  timer.o(i.TimerIntClear)
    i.TimerIntEnable                         0x00000f72   Section        0  timer.o(i.TimerIntEnable)
    i.TimerLoadSet                           0x00000f7a   Section        0  timer.o(i.TimerLoadSet)
    i.delay_ms                               0x00000f8a   Section        0  my_delay.o(i.delay_ms)
    i.delay_us                               0x00000fa8   Section        0  my_delay.o(i.delay_us)
    i.main                                   0x00000fc8   Section        0  main.o(i.main)
    x$fpl$fpinit                             0x00001054   Section       10  fpinit.o(x$fpl$fpinit)
    $v0                                      0x00001054   Number         0  fpinit.o(x$fpl$fpinit)
    .constdata                               0x00001060   Section      268  interrupt.o(.constdata)
    g_pui32Priority                          0x00001060   Data          32  interrupt.o(.constdata)
    g_pui32Regs                              0x00001080   Data         156  interrupt.o(.constdata)
    g_pui32EnRegs                            0x0000111c   Data          20  interrupt.o(.constdata)
    g_pui32Dii16Regs                         0x00001130   Data          20  interrupt.o(.constdata)
    g_pui32PendRegs                          0x00001144   Data          20  interrupt.o(.constdata)
    g_pui32UnpendRegs                        0x00001158   Data          20  interrupt.o(.constdata)
    .constdata                               0x0000116c   Section      452  sysctl.o(.constdata)
    g_pui32VCOFrequencies                    0x0000116c   Data           8  sysctl.o(.constdata)
    g_pui32Xtals                             0x00001174   Data         108  sysctl.o(.constdata)
    g_pppui32XTALtoVCO                       0x000011e0   Data         288  sysctl.o(.constdata)
    g_sXTALtoMEMTIM                          0x00001300   Data          48  sysctl.o(.constdata)
    .data                                    0x20000000   Section        9  my_interrupt.o(.data)
    LED_SW                                   0x20000007   Data           1  my_interrupt.o(.data)
    _examine                                 0x20000008   Data           1  my_interrupt.o(.data)
    .data                                    0x20000009   Section        3  my_key.o(.data)
    .bss                                     0x2000000c   Section       96  libspace.o(.bss)
    HEAP                                     0x20000070   Section        0  startup_rvmdk.o(HEAP)
    STACK                                    0x20000070   Section      256  startup_rvmdk.o(STACK)
    HeapMem                                  0x20000070   Data           0  startup_rvmdk.o(HEAP)
    StackMem                                 0x20000070   Data           0  startup_rvmdk.o(STACK)

    Global Symbols

    Symbol Name                              Value     Ov Type        Size  Object(Section)

    BuildAttributes$$THM_ISAv4$E$P$D$K$B$S$7EM$VFPi3$EXTD16$VFPS$VFMA$PE$A:L22UL41UL21$X:L11$S22US41US21$IEEE1$IW$USESV6$~STKCKD$USESV7$~SHL$OTIME$ROPI$IEEEX$EBA8$UX$STANDARDLIB$REQ8$PRES8$EABIv2 0x00000000   Number         0  anon$$obj.o ABSOLUTE
    __ARM_use_no_argv                        0x00000000   Number         0  main.o ABSOLUTE
    __Vectors                                0x00000000   Data           0  startup_rvmdk.o(RESET)
    __ARM_exceptions_init                     - Undefined Weak Reference
    __alloca_initialize                       - Undefined Weak Reference
    __arm_preinit_                            - Undefined Weak Reference
    __cpp_initialize__aeabi_                  - Undefined Weak Reference
    __cxa_finalize                            - Undefined Weak Reference
    __rt_locale                               - Undefined Weak Reference
    __sigvec_lookup                           - Undefined Weak Reference
    _atexit_init                              - Undefined Weak Reference
    _call_atexit_fns                          - Undefined Weak Reference
    _clock_init                               - Undefined Weak Reference
    _fp_trap_init                             - Undefined Weak Reference
    _fp_trap_shutdown                         - Undefined Weak Reference
    _get_lc_collate                           - Undefined Weak Reference
    _get_lc_ctype                             - Undefined Weak Reference
    _get_lc_monetary                          - Undefined Weak Reference
    _get_lc_numeric                           - Undefined Weak Reference
    _get_lc_time                              - Undefined Weak Reference
    _getenv_init                              - Undefined Weak Reference
    _handle_redirection                       - Undefined Weak Reference
    _init_alloc                               - Undefined Weak Reference
    _init_user_alloc                          - Undefined Weak Reference
    _initio                                   - Undefined Weak Reference
    _rand_init                                - Undefined Weak Reference
    _signal_finish                            - Undefined Weak Reference
    _signal_init                              - Undefined Weak Reference
    _terminate_alloc                          - Undefined Weak Reference
    _terminate_user_alloc                     - Undefined Weak Reference
    _terminateio                              - Undefined Weak Reference
    Reset_Handler                            0x0000026d   Thumb Code     0  startup_rvmdk.o(RESET)
    __main                                   0x00000289   Thumb Code     8  __main.o(!!!main)
    __scatterload                            0x00000291   Thumb Code     0  __scatter.o(!!!scatter)
    __scatterload_rt2                        0x00000291   Thumb Code    44  __scatter.o(!!!scatter)
    __scatterload_rt2_thumb_only             0x00000291   Thumb Code     0  __scatter.o(!!!scatter)
    __scatterload_null                       0x0000029f   Thumb Code     0  __scatter.o(!!!scatter)
    __scatterload_copy                       0x000002c5   Thumb Code    26  __scatter_copy.o(!!handler_copy)
    __scatterload_zeroinit                   0x000002e1   Thumb Code    28  __scatter_zi.o(!!handler_zi)
    __rt_lib_init                            0x000002fd   Thumb Code     0  libinit.o(.ARM.Collect$$libinit$$00000000)
    __rt_lib_init_fp_1                       0x000002ff   Thumb Code     0  libinit2.o(.ARM.Collect$$libinit$$00000001)
    __rt_lib_init_alloca_1                   0x00000303   Thumb Code     0  libinit2.o(.ARM.Collect$$libinit$$0000002E)
    __rt_lib_init_argv_1                     0x00000303   Thumb Code     0  libinit2.o(.ARM.Collect$$libinit$$0000002C)
    __rt_lib_init_atexit_1                   0x00000303   Thumb Code     0  libinit2.o(.ARM.Collect$$libinit$$0000001B)
    __rt_lib_init_clock_1                    0x00000303   Thumb Code     0  libinit2.o(.ARM.Collect$$libinit$$00000021)
    __rt_lib_init_cpp_1                      0x00000303   Thumb Code     0  libinit2.o(.ARM.Collect$$libinit$$00000032)
    __rt_lib_init_exceptions_1               0x00000303   Thumb Code     0  libinit2.o(.ARM.Collect$$libinit$$00000030)
    __rt_lib_init_fp_trap_1                  0x00000303   Thumb Code     0  libinit2.o(.ARM.Collect$$libinit$$0000001F)
    __rt_lib_init_getenv_1                   0x00000303   Thumb Code     0  libinit2.o(.ARM.Collect$$libinit$$00000023)
    __rt_lib_init_heap_1                     0x00000303   Thumb Code     0  libinit2.o(.ARM.Collect$$libinit$$0000000A)
    __rt_lib_init_lc_collate_1               0x00000303   Thumb Code     0  libinit2.o(.ARM.Collect$$libinit$$00000011)
    __rt_lib_init_lc_ctype_1                 0x00000303   Thumb Code     0  libinit2.o(.ARM.Collect$$libinit$$00000013)
    __rt_lib_init_lc_monetary_1              0x00000303   Thumb Code     0  libinit2.o(.ARM.Collect$$libinit$$00000015)
    __rt_lib_init_lc_numeric_1               0x00000303   Thumb Code     0  libinit2.o(.ARM.Collect$$libinit$$00000017)
    __rt_lib_init_lc_time_1                  0x00000303   Thumb Code     0  libinit2.o(.ARM.Collect$$libinit$$00000019)
    __rt_lib_init_preinit_1                  0x00000303   Thumb Code     0  libinit2.o(.ARM.Collect$$libinit$$00000004)
    __rt_lib_init_rand_1                     0x00000303   Thumb Code     0  libinit2.o(.ARM.Collect$$libinit$$0000000E)
    __rt_lib_init_return                     0x00000303   Thumb Code     0  libinit2.o(.ARM.Collect$$libinit$$00000033)
    __rt_lib_init_signal_1                   0x00000303   Thumb Code     0  libinit2.o(.ARM.Collect$$libinit$$0000001D)
    __rt_lib_init_stdio_1                    0x00000303   Thumb Code     0  libinit2.o(.ARM.Collect$$libinit$$00000025)
    __rt_lib_init_user_alloc_1               0x00000303   Thumb Code     0  libinit2.o(.ARM.Collect$$libinit$$0000000C)
    __rt_lib_shutdown                        0x00000305   Thumb Code     0  libshutdown.o(.ARM.Collect$$libshutdown$$00000000)
    __rt_lib_shutdown_fp_trap_1              0x00000307   Thumb Code     0  libshutdown2.o(.ARM.Collect$$libshutdown$$00000006)
    __rt_lib_shutdown_heap_1                 0x00000307   Thumb Code     0  libshutdown2.o(.ARM.Collect$$libshutdown$$0000000E)
    __rt_lib_shutdown_return                 0x00000307   Thumb Code     0  libshutdown2.o(.ARM.Collect$$libshutdown$$0000000F)
    __rt_lib_shutdown_signal_1               0x00000307   Thumb Code     0  libshutdown2.o(.ARM.Collect$$libshutdown$$00000009)
    __rt_lib_shutdown_stdio_1                0x00000307   Thumb Code     0  libshutdown2.o(.ARM.Collect$$libshutdown$$00000003)
    __rt_lib_shutdown_user_alloc_1           0x00000307   Thumb Code     0  libshutdown2.o(.ARM.Collect$$libshutdown$$0000000B)
    __rt_entry                               0x00000309   Thumb Code     0  __rtentry.o(.ARM.Collect$$rtentry$$00000000)
    __rt_entry_presh_1                       0x00000309   Thumb Code     0  __rtentry2.o(.ARM.Collect$$rtentry$$00000002)
    __rt_entry_sh                            0x00000309   Thumb Code     0  __rtentry4.o(.ARM.Collect$$rtentry$$00000004)
    __rt_entry_li                            0x0000030f   Thumb Code     0  __rtentry2.o(.ARM.Collect$$rtentry$$0000000A)
    __rt_entry_postsh_1                      0x0000030f   Thumb Code     0  __rtentry2.o(.ARM.Collect$$rtentry$$00000009)
    __rt_entry_main                          0x00000313   Thumb Code     0  __rtentry2.o(.ARM.Collect$$rtentry$$0000000D)
    __rt_entry_postli_1                      0x00000313   Thumb Code     0  __rtentry2.o(.ARM.Collect$$rtentry$$0000000C)
    __rt_exit                                0x0000031b   Thumb Code     0  rtexit.o(.ARM.Collect$$rtexit$$00000000)
    __rt_exit_ls                             0x0000031d   Thumb Code     0  rtexit2.o(.ARM.Collect$$rtexit$$00000003)
    __rt_exit_prels_1                        0x0000031d   Thumb Code     0  rtexit2.o(.ARM.Collect$$rtexit$$00000002)
    __rt_exit_exit                           0x00000321   Thumb Code     0  rtexit2.o(.ARM.Collect$$rtexit$$00000004)
    CPUcpsid                                 0x00000329   Thumb Code     8  cpu.o(.emb_text)
    CPUprimask                               0x00000331   Thumb Code     6  cpu.o(.emb_text)
    CPUcpsie                                 0x00000337   Thumb Code     8  cpu.o(.emb_text)
    CPUwfi                                   0x0000033f   Thumb Code     4  cpu.o(.emb_text)
    CPUbasepriSet                            0x00000343   Thumb Code     6  cpu.o(.emb_text)
    CPUbasepriGet                            0x00000349   Thumb Code     6  cpu.o(.emb_text)
    SysCtlDelay                              0x00000351   Thumb Code     6  sysctl.o(.emb_text)
    __user_initial_stackheap                 0x00000359   Thumb Code     0  startup_rvmdk.o(.text)
    __aeabi_memclr4                          0x00000371   Thumb Code     0  rt_memclr_w.o(.text)
    __aeabi_memclr8                          0x00000371   Thumb Code     0  rt_memclr_w.o(.text)
    __rt_memclr_w                            0x00000371   Thumb Code    78  rt_memclr_w.o(.text)
    _memset_w                                0x00000375   Thumb Code     0  rt_memclr_w.o(.text)
    __use_two_region_memory                  0x000003bf   Thumb Code     2  heapauxi.o(.text)
    __rt_heap_escrow$2region                 0x000003c1   Thumb Code     2  heapauxi.o(.text)
    __rt_heap_expand$2region                 0x000003c3   Thumb Code     2  heapauxi.o(.text)
    __user_libspace                          0x000003c5   Thumb Code     8  libspace.o(.text)
    __user_perproc_libspace                  0x000003c5   Thumb Code     0  libspace.o(.text)
    __user_perthread_libspace                0x000003c5   Thumb Code     0  libspace.o(.text)
    __user_setup_stackheap                   0x000003cd   Thumb Code    74  sys_stackheap_outer.o(.text)
    exit                                     0x00000417   Thumb Code    12  exit.o(.text)
    _sys_exit                                0x00000425   Thumb Code     8  sys_exit.o(.text)
    __I$use$semihosting                      0x00000431   Thumb Code     0  use_no_semi.o(.text)
    __use_no_semihosting_swi                 0x00000431   Thumb Code     2  use_no_semi.o(.text)
    Display_Str                              0x00000433   Thumb Code    34  my_lcd12864.o(i.Display_Str)
    __semihosting_library_function           0x00000433   Thumb Code     0  indicate_semi.o(.text)
    GPIOB_IntHandler                         0x00000455   Thumb Code   160  my_interrupt.o(i.GPIOB_IntHandler)
    GPIODirModeSet                           0x00000509   Thumb Code    50  gpio.o(i.GPIODirModeSet)
    GPIOIntClear                             0x0000053b   Thumb Code     6  gpio.o(i.GPIOIntClear)
    GPIOIntDisable                           0x00000541   Thumb Code    12  gpio.o(i.GPIOIntDisable)
    GPIOIntEnable                            0x0000054d   Thumb Code    12  gpio.o(i.GPIOIntEnable)
    GPIOIntTypeSet                           0x00000559   Thumb Code   102  gpio.o(i.GPIOIntTypeSet)
    GPIOPadConfigSet                         0x000005bf   Thumb Code   342  gpio.o(i.GPIOPadConfigSet)
    GPIOPinRead                              0x00000715   Thumb Code    12  gpio.o(i.GPIOPinRead)
    GPIOPinTypeGPIOInput                     0x00000721   Thumb Code    30  gpio.o(i.GPIOPinTypeGPIOInput)
    GPIOPinTypeGPIOOutput                    0x0000073f   Thumb Code    30  gpio.o(i.GPIOPinTypeGPIOOutput)
    GPIOPinWrite                             0x0000075d   Thumb Code    10  gpio.o(i.GPIOPinWrite)
    GPIO_Init                                0x00000769   Thumb Code    46  my_gpio.o(i.GPIO_Init)
    IntEnable                                0x000007a9   Thumb Code   108  interrupt.o(i.IntEnable)
    IntMasterEnable                          0x0000081d   Thumb Code    16  interrupt.o(i.IntMasterEnable)
    KeyWrite                                 0x0000082d   Thumb Code   318  my_key.o(i.KeyWrite)
    Key_Init                                 0x00000971   Thumb Code    68  my_key.o(i.Key_Init)
    LCD12864_Init                            0x000009bd   Thumb Code    92  my_lcd12864.o(i.LCD12864_Init)
    LCD_DisplayNum                           0x00000a25   Thumb Code   120  my_lcd12864.o(i.LCD_DisplayNum)
    LCD_Num                                  0x00000a9d   Thumb Code    28  my_lcd.o(i.LCD_Num)
    LCD_Pos                                  0x00000ab9   Thumb Code    66  my_lcd12864.o(i.LCD_Pos)
    SysCtlClockGet                           0x00000bd1   Thumb Code   304  sysctl.o(i.SysCtlClockGet)
    SysCtlClockSet                           0x00000d25   Thumb Code   270  sysctl.o(i.SysCtlClockSet)
    SysCtlPeripheralEnable                   0x00000e45   Thumb Code    36  sysctl.o(i.SysCtlPeripheralEnable)
    System_Init                              0x00000e6d   Thumb Code    10  my_system.o(i.System_Init)
    Timer0A_Init                             0x00000e7d   Thumb Code    54  my_timer.o(i.Timer0A_Init)
    Timer0A_IntHandler                       0x00000ec1   Thumb Code    50  my_interrupt.o(i.Timer0A_IntHandler)
    TimerConfigure                           0x00000f01   Thumb Code    84  timer.o(i.TimerConfigure)
    TimerEnable                              0x00000f61   Thumb Code    14  timer.o(i.TimerEnable)
    TimerIntClear                            0x00000f6f   Thumb Code     4  timer.o(i.TimerIntClear)
    TimerIntEnable                           0x00000f73   Thumb Code     8  timer.o(i.TimerIntEnable)
    TimerLoadSet                             0x00000f7b   Thumb Code    16  timer.o(i.TimerLoadSet)
    delay_ms                                 0x00000f8b   Thumb Code    28  my_delay.o(i.delay_ms)
    delay_us                                 0x00000fa9   Thumb Code    26  my_delay.o(i.delay_us)
    main                                     0x00000fc9   Thumb Code   136  main.o(i.main)
    _fp_init                                 0x00001055   Thumb Code    10  fpinit.o(x$fpl$fpinit)
    __fplib_config_fpu_vfp                   0x0000105d   Thumb Code     0  fpinit.o(x$fpl$fpinit)
    __fplib_config_pureend_doubles           0x0000105d   Thumb Code     0  fpinit.o(x$fpl$fpinit)
    Region$$Table$$Base                      0x00001330   Number         0  anon$$obj.o(Region$$Table)
    Region$$Table$$Limit                     0x00001350   Number         0  anon$$obj.o(Region$$Table)
    _temp                                    0x20000000   Data           6  my_interrupt.o(.data)
    _bit                                     0x20000006   Data           1  my_interrupt.o(.data)
    g_keyboard                               0x20000009   Data           3  my_key.o(.data)
    __libspace_start                         0x2000000c   Data          96  libspace.o(.bss)
    __temporary_stack_top$libspace           0x2000006c   Data           0  libspace.o(.bss)



==============================================================================

Memory Map of the image

  Image Entry point : 0x00000289

  Load Region LR_IROM1 (Base: 0x00000000, Size: 0x0000135c, Max: 0x00040000, ABSOLUTE)

    Execution Region ER_IROM1 (Base: 0x00000000, Size: 0x00001350, Max: 0x00040000, ABSOLUTE)

    Base Addr    Size         Type   Attr      Idx    E Section Name        Object

    0x00000000   0x00000288   Code   RO         1105    RESET               startup_rvmdk.o
    0x00000288   0x00000008   Code   RO         1497  * !!!main             c_w.l(__main.o)
    0x00000290   0x00000034   Code   RO         1756    !!!scatter          c_w.l(__scatter.o)
    0x000002c4   0x0000001a   Code   RO         1758    !!handler_copy      c_w.l(__scatter_copy.o)
    0x000002de   0x00000002   PAD
    0x000002e0   0x0000001c   Code   RO         1760    !!handler_zi        c_w.l(__scatter_zi.o)
    0x000002fc   0x00000002   Code   RO         1624    .ARM.Collect$$libinit$$00000000  c_w.l(libinit.o)
    0x000002fe   0x00000004   Code   RO         1631    .ARM.Collect$$libinit$$00000001  c_w.l(libinit2.o)
    0x00000302   0x00000000   Code   RO         1634    .ARM.Collect$$libinit$$00000004  c_w.l(libinit2.o)
    0x00000302   0x00000000   Code   RO         1637    .ARM.Collect$$libinit$$0000000A  c_w.l(libinit2.o)
    0x00000302   0x00000000   Code   RO         1639    .ARM.Collect$$libinit$$0000000C  c_w.l(libinit2.o)
    0x00000302   0x00000000   Code   RO         1641    .ARM.Collect$$libinit$$0000000E  c_w.l(libinit2.o)
    0x00000302   0x00000000   Code   RO         1644    .ARM.Collect$$libinit$$00000011  c_w.l(libinit2.o)
    0x00000302   0x00000000   Code   RO         1646    .ARM.Collect$$libinit$$00000013  c_w.l(libinit2.o)
    0x00000302   0x00000000   Code   RO         1648    .ARM.Collect$$libinit$$00000015  c_w.l(libinit2.o)
    0x00000302   0x00000000   Code   RO         1650    .ARM.Collect$$libinit$$00000017  c_w.l(libinit2.o)
    0x00000302   0x00000000   Code   RO         1652    .ARM.Collect$$libinit$$00000019  c_w.l(libinit2.o)
    0x00000302   0x00000000   Code   RO         1654    .ARM.Collect$$libinit$$0000001B  c_w.l(libinit2.o)
    0x00000302   0x00000000   Code   RO         1656    .ARM.Collect$$libinit$$0000001D  c_w.l(libinit2.o)
    0x00000302   0x00000000   Code   RO         1658    .ARM.Collect$$libinit$$0000001F  c_w.l(libinit2.o)
    0x00000302   0x00000000   Code   RO         1660    .ARM.Collect$$libinit$$00000021  c_w.l(libinit2.o)
    0x00000302   0x00000000   Code   RO         1662    .ARM.Collect$$libinit$$00000023  c_w.l(libinit2.o)
    0x00000302   0x00000000   Code   RO         1664    .ARM.Collect$$libinit$$00000025  c_w.l(libinit2.o)
    0x00000302   0x00000000   Code   RO         1668    .ARM.Collect$$libinit$$0000002C  c_w.l(libinit2.o)
    0x00000302   0x00000000   Code   RO         1670    .ARM.Collect$$libinit$$0000002E  c_w.l(libinit2.o)
    0x00000302   0x00000000   Code   RO         1672    .ARM.Collect$$libinit$$00000030  c_w.l(libinit2.o)
    0x00000302   0x00000000   Code   RO         1674    .ARM.Collect$$libinit$$00000032  c_w.l(libinit2.o)
    0x00000302   0x00000002   Code   RO         1675    .ARM.Collect$$libinit$$00000033  c_w.l(libinit2.o)
    0x00000304   0x00000002   Code   RO         1697    .ARM.Collect$$libshutdown$$00000000  c_w.l(libshutdown.o)
    0x00000306   0x00000000   Code   RO         1711    .ARM.Collect$$libshutdown$$00000003  c_w.l(libshutdown2.o)
    0x00000306   0x00000000   Code   RO         1714    .ARM.Collect$$libshutdown$$00000006  c_w.l(libshutdown2.o)
    0x00000306   0x00000000   Code   RO         1717    .ARM.Collect$$libshutdown$$00000009  c_w.l(libshutdown2.o)
    0x00000306   0x00000000   Code   RO         1719    .ARM.Collect$$libshutdown$$0000000B  c_w.l(libshutdown2.o)
    0x00000306   0x00000000   Code   RO         1722    .ARM.Collect$$libshutdown$$0000000E  c_w.l(libshutdown2.o)
    0x00000306   0x00000002   Code   RO         1723    .ARM.Collect$$libshutdown$$0000000F  c_w.l(libshutdown2.o)
    0x00000308   0x00000000   Code   RO         1531    .ARM.Collect$$rtentry$$00000000  c_w.l(__rtentry.o)
    0x00000308   0x00000000   Code   RO         1587    .ARM.Collect$$rtentry$$00000002  c_w.l(__rtentry2.o)
    0x00000308   0x00000006   Code   RO         1599    .ARM.Collect$$rtentry$$00000004  c_w.l(__rtentry4.o)
    0x0000030e   0x00000000   Code   RO         1589    .ARM.Collect$$rtentry$$00000009  c_w.l(__rtentry2.o)
    0x0000030e   0x00000004   Code   RO         1590    .ARM.Collect$$rtentry$$0000000A  c_w.l(__rtentry2.o)
    0x00000312   0x00000000   Code   RO         1592    .ARM.Collect$$rtentry$$0000000C  c_w.l(__rtentry2.o)
    0x00000312   0x00000008   Code   RO         1593    .ARM.Collect$$rtentry$$0000000D  c_w.l(__rtentry2.o)
    0x0000031a   0x00000002   Code   RO         1629    .ARM.Collect$$rtexit$$00000000  c_w.l(rtexit.o)
    0x0000031c   0x00000000   Code   RO         1679    .ARM.Collect$$rtexit$$00000002  c_w.l(rtexit2.o)
    0x0000031c   0x00000004   Code   RO         1680    .ARM.Collect$$rtexit$$00000003  c_w.l(rtexit2.o)
    0x00000320   0x00000006   Code   RO         1681    .ARM.Collect$$rtexit$$00000004  c_w.l(rtexit2.o)
    0x00000326   0x00000002   PAD
    0x00000328   0x00000026   Code   RO         1112    .emb_text           driverlib.lib(cpu.o)
    0x0000034e   0x00000002   PAD
    0x00000350   0x00000006   Code   RO         1128    .emb_text           driverlib.lib(sysctl.o)
    0x00000356   0x00000002   PAD
    0x00000358   0x00000018   Code   RO         1106    .text               startup_rvmdk.o
    0x00000370   0x0000004e   Code   RO         1493    .text               c_w.l(rt_memclr_w.o)
    0x000003be   0x00000006   Code   RO         1495    .text               c_w.l(heapauxi.o)
    0x000003c4   0x00000008   Code   RO         1612    .text               c_w.l(libspace.o)
    0x000003cc   0x0000004a   Code   RO         1615    .text               c_w.l(sys_stackheap_outer.o)
    0x00000416   0x0000000c   Code   RO         1617    .text               c_w.l(exit.o)
    0x00000422   0x00000002   PAD
    0x00000424   0x0000000c   Code   RO         1689    .text               c_w.l(sys_exit.o)
    0x00000430   0x00000002   Code   RO         1700    .text               c_w.l(use_no_semi.o)
    0x00000432   0x00000000   Code   RO         1702    .text               c_w.l(indicate_semi.o)
    0x00000432   0x00000022   Code   RO          182    i.Display_Str       my_lcd12864.o
    0x00000454   0x000000b4   Code   RO          143    i.GPIOB_IntHandler  my_interrupt.o
    0x00000508   0x00000032   Code   RO          438    i.GPIODirModeSet    gpio.o
    0x0000053a   0x00000006   Code   RO          439    i.GPIOIntClear      gpio.o
    0x00000540   0x0000000c   Code   RO          440    i.GPIOIntDisable    gpio.o
    0x0000054c   0x0000000c   Code   RO          441    i.GPIOIntEnable     gpio.o
    0x00000558   0x00000066   Code   RO          445    i.GPIOIntTypeSet    gpio.o
    0x000005be   0x00000156   Code   RO          448    i.GPIOPadConfigSet  gpio.o
    0x00000714   0x0000000c   Code   RO          450    i.GPIOPinRead       gpio.o
    0x00000720   0x0000001e   Code   RO          459    i.GPIOPinTypeGPIOInput  gpio.o
    0x0000073e   0x0000001e   Code   RO          460    i.GPIOPinTypeGPIOOutput  gpio.o
    0x0000075c   0x0000000a   Code   RO          481    i.GPIOPinWrite      gpio.o
    0x00000766   0x00000002   PAD
    0x00000768   0x00000040   Code   RO          128    i.GPIO_Init         my_gpio.o
    0x000007a8   0x00000074   Code   RO          744    i.IntEnable         interrupt.o
    0x0000081c   0x00000010   Code   RO          747    i.IntMasterEnable   interrupt.o
    0x0000082c   0x00000144   Code   RO          345    i.KeyWrite          my_key.o
    0x00000970   0x0000004c   Code   RO          346    i.Key_Init          my_key.o
    0x000009bc   0x00000068   Code   RO          184    i.LCD12864_Init     my_lcd12864.o
    0x00000a24   0x00000078   Code   RO          187    i.LCD_DisplayNum    my_lcd12864.o
    0x00000a9c   0x0000001c   Code   RO          315    i.LCD_Num           my_lcd.o
    0x00000ab8   0x00000042   Code   RO          194    i.LCD_Pos           my_lcd12864.o
    0x00000afa   0x00000002   PAD
    0x00000afc   0x0000004c   Code   RO          195    i.LCD_SendByte      my_lcd12864.o
    0x00000b48   0x00000044   Code   RO          197    i.Lcd_Write_Cmd     my_lcd12864.o
    0x00000b8c   0x00000044   Code   RO          198    i.Lcd_Write_Data    my_lcd12864.o
    0x00000bd0   0x00000154   Code   RO         1131    i.SysCtlClockGet    driverlib.lib(sysctl.o)
    0x00000d24   0x00000120   Code   RO         1133    i.SysCtlClockSet    driverlib.lib(sysctl.o)
    0x00000e44   0x00000028   Code   RO         1162    i.SysCtlPeripheralEnable  driverlib.lib(sysctl.o)
    0x00000e6c   0x00000010   Code   RO          113    i.System_Init       my_system.o
    0x00000e7c   0x00000044   Code   RO          167    i.Timer0A_Init      my_timer.o
    0x00000ec0   0x00000040   Code   RO          144    i.Timer0A_IntHandler  my_interrupt.o
    0x00000f00   0x00000060   Code   RO          863    i.TimerConfigure    timer.o
    0x00000f60   0x0000000e   Code   RO          872    i.TimerEnable       timer.o
    0x00000f6e   0x00000004   Code   RO          873    i.TimerIntClear     timer.o
    0x00000f72   0x00000008   Code   RO          875    i.TimerIntEnable    timer.o
    0x00000f7a   0x00000010   Code   RO          881    i.TimerLoadSet      timer.o
    0x00000f8a   0x0000001c   Code   RO           89    i.delay_ms          my_delay.o
    0x00000fa6   0x00000002   PAD
    0x00000fa8   0x00000020   Code   RO           90    i.delay_us          my_delay.o
    0x00000fc8   0x0000008c   Code   RO            1    i.main              main.o
    0x00001054   0x0000000a   Code   RO         1687    x$fpl$fpinit        fz_wm.l(fpinit.o)
    0x0000105e   0x00000002   PAD
    0x00001060   0x0000010c   Data   RO          760    .constdata          interrupt.o
    0x0000116c   0x000001c4   Data   RO         1183    .constdata          driverlib.lib(sysctl.o)
    0x00001330   0x00000020   Data   RO         1754    Region$$Table       anon$$obj.o


    Execution Region RW_IRAM1 (Base: 0x20000000, Size: 0x00000170, Max: 0x00008000, ABSOLUTE)

    Base Addr    Size         Type   Attr      Idx    E Section Name        Object

    0x20000000   0x00000009   Data   RW          145    .data               my_interrupt.o
    0x20000009   0x00000003   Data   RW          348    .data               my_key.o
    0x2000000c   0x00000060   Zero   RW         1613    .bss                c_w.l(libspace.o)
    0x2000006c   0x00000004   PAD
    0x20000070   0x00000000   Zero   RW         1104    HEAP                startup_rvmdk.o
    0x20000070   0x00000100   Zero   RW         1103    STACK               startup_rvmdk.o


==============================================================================

Image component sizes


      Code (inc. data)   RO Data    RW Data    ZI Data      Debug   Object Name

       606          0          0          0          0       6201   gpio.o
       132          8        268          0          0       2106   interrupt.o
       140          4          0          0          0       5923   main.o
        60          6          0          0          0       1866   my_delay.o
        64         18          0          0          0        516   my_gpio.o
       244         34          0          9          0       1853   my_interrupt.o
       400         14          0          3          0       2311   my_key.o
        28          0          0          0          0        630   my_lcd.o
       536         30          0          0          0       5849   my_lcd12864.o
        16          6          0          0          0        482   my_system.o
        68         14          0          0          0        527   my_timer.o
       672        636          0          0        256        580   startup_rvmdk.o
       138         12          0          0          0       2855   timer.o

    ----------------------------------------------------------------------
      3110        782        300         12        256      31699   Object Totals
         0          0         32          0          0          0   (incl. Generated)
         6          0          0          0          0          0   (incl. Padding)

    ----------------------------------------------------------------------

      Code (inc. data)   RO Data    RW Data    ZI Data      Debug   Library Member Name

         8          0          0          0          0         68   __main.o
         0          0          0          0          0          0   __rtentry.o
        12          0          0          0          0          0   __rtentry2.o
         6          0          0          0          0          0   __rtentry4.o
        52          8          0          0          0          0   __scatter.o
        26          0          0          0          0          0   __scatter_copy.o
        28          0          0          0          0          0   __scatter_zi.o
        12          0          0          0          0         72   exit.o
         6          0          0          0          0        152   heapauxi.o
         0          0          0          0          0          0   indicate_semi.o
         2          0          0          0          0          0   libinit.o
         6          0          0          0          0          0   libinit2.o
         2          0          0          0          0          0   libshutdown.o
         2          0          0          0          0          0   libshutdown2.o
         8          4          0          0         96         68   libspace.o
        78          0          0          0          0         80   rt_memclr_w.o
         2          0          0          0          0          0   rtexit.o
        10          0          0          0          0          0   rtexit2.o
        12          4          0          0          0         68   sys_exit.o
        74          0          0          0          0         80   sys_stackheap_outer.o
         2          0          0          0          0         68   use_no_semi.o
        38          0          0          0          0       3320   cpu.o
       674         58        452          0          0       4175   sysctl.o
        10          0          0          0          0        116   fpinit.o

    ----------------------------------------------------------------------
      1082         74        452          0        100       8267   Library Totals
        12          0          0          0          4          0   (incl. Padding)

    ----------------------------------------------------------------------

      Code (inc. data)   RO Data    RW Data    ZI Data      Debug   Library Name

       348         16          0          0         96        656   c_w.l
       712         58        452          0          0       7495   driverlib.lib
        10          0          0          0          0        116   fz_wm.l

    ----------------------------------------------------------------------
      1082         74        452          0        100       8267   Library Totals

    ----------------------------------------------------------------------

==============================================================================


      Code (inc. data)   RO Data    RW Data    ZI Data      Debug   

      4192        856        752         12        356      36358   Grand Totals
      4192        856        752         12        356      36358   ELF Image Totals
      4192        856        752         12          0          0   ROM Totals

==============================================================================

    Total RO  Size (Code + RO Data)                 4944 (   4.83kB)
    Total RW  Size (RW Data + ZI Data)               368 (   0.36kB)
    Total ROM Size (Code + RO Data + RW Data)       4956 (   4.84kB)

==============================================================================

